CANDIDATES {"store": "native packed (lean)", "modules": 224, "dense_fallback_modules": [], "store_gib": 7.3125} tiles=13631488
LEAN {"start_map_mismatches": [], "mixed_map_mismatches": []}
START (no development set) tiles=13631488 steps/epoch=16 total=320
EPOCH {"epoch": 0, "step": 16, "train_kl": 0.05729911728121806, "e0m3_units": 0, "hard_flips": 0, "tau": 1.0, "lr": 0.02, "epoch_seconds": 19.461204528808594}
EPOCH {"epoch": 1, "step": 32, "train_kl": 0.05729911736852955, "e0m3_units": 0, "hard_flips": 0, "tau": 1.0, "lr": 0.02, "epoch_seconds": 19.15703296661377}
EPOCH {"epoch": 2, "step": 48, "train_kl": 0.05729911786329467, "e0m3_units": 0, "hard_flips": 0, "tau": 1.0, "lr": 0.02, "epoch_seconds": 19.355029344558716}
EPOCH {"epoch": 3, "step": 64, "train_kl": 0.05239503685152158, "e0m3_units": 7174, "hard_flips": 7174, "tau": 1.0, "lr": 0.02, "epoch_seconds": 19.50070834159851}
EPOCH {"epoch": 4, "step": 80, "train_kl": 0.04461434587574331, "e0m3_units": 28264, "hard_flips": 21462, "tau": 1.0, "lr": 0.02, "epoch_seconds": 19.48772954940796}
EPOCH {"epoch": 5, "step": 96, "train_kl": 0.03864732918009395, "e0m3_units": 68750, "hard_flips": 42662, "tau": 1.0, "lr": 0.02, "epoch_seconds": 19.578842878341675}
EPOCH {"epoch": 6, "step": 112, "train_kl": 0.03238890121792792, "e0m3_units": 113799, "hard_flips": 53603, "tau": 1.0, "lr": 0.02, "epoch_seconds": 19.65584635734558}
EPOCH {"epoch": 7, "step": 128, "train_kl": 0.02904368075542152, "e0m3_units": 145047, "hard_flips": 50322, "tau": 1.0, "lr": 0.02, "epoch_seconds": 19.688413858413696}
EPOCH {"epoch": 8, "step": 144, "train_kl": 0.02736154876765795, "e0m3_units": 167193, "hard_flips": 50048, "tau": 1.0, "lr": 0.02, "epoch_seconds": 19.702173233032227}
EPOCH {"epoch": 9, "step": 160, "train_kl": 0.025810305909544695, "e0m3_units": 187396, "hard_flips": 50377, "tau": 1.0, "lr": 0.02, "epoch_seconds": 19.769692182540894}
EPOCH {"epoch": 10, "step": 176, "train_kl": 0.02434705910127377, "e0m3_units": 207198, "hard_flips": 52016, "tau": 1.0, "lr": 0.02, "epoch_seconds": 19.733074188232422}
EPOCH {"epoch": 11, "step": 192, "train_kl": 0.023677207664150046, "e0m3_units": 225897, "hard_flips": 53705, "tau": 1.0, "lr": 0.02, "epoch_seconds": 19.729395866394043}
EPOCH {"epoch": 12, "step": 208, "train_kl": 0.02268259487755131, "e0m3_units": 243080, "hard_flips": 56135, "tau": 1.0, "lr": 0.02, "epoch_seconds": 19.703139781951904}
EPOCH {"epoch": 13, "step": 224, "train_kl": 0.021902629800024442, "e0m3_units": 259321, "hard_flips": 57953, "tau": 1.0, "lr": 0.02, "epoch_seconds": 19.67887043952942}
EPOCH {"epoch": 14, "step": 240, "train_kl": 0.021532372888032114, "e0m3_units": 276684, "hard_flips": 60811, "tau": 1.0, "lr": 0.02, "epoch_seconds": 19.600924968719482}
EPOCH {"epoch": 15, "step": 256, "train_kl": 0.02095204773831938, "e0m3_units": 295557, "hard_flips": 64391, "tau": 1.0, "lr": 0.02, "epoch_seconds": 19.712422609329224}
EPOCH {"epoch": 16, "step": 272, "train_kl": 0.020105878576941905, "e0m3_units": 313034, "hard_flips": 64375, "tau": 1.0, "lr": 0.02, "epoch_seconds": 19.59584069252014}
EPOCH {"epoch": 17, "step": 288, "train_kl": 0.019718408133485354, "e0m3_units": 331190, "hard_flips": 64950, "tau": 1.0, "lr": 0.02, "epoch_seconds": 19.63685631752014}
EPOCH {"epoch": 18, "step": 304, "train_kl": 0.019102527179711615, "e0m3_units": 347738, "hard_flips": 67052, "tau": 1.0, "lr": 0.02, "epoch_seconds": 19.62415909767151}
EPOCH {"epoch": 19, "step": 320, "train_kl": 0.018917349238108727, "e0m3_units": 363960, "hard_flips": 69844, "tau": 1.0, "lr": 0.02, "epoch_seconds": 19.60624074935913}
FINAL e0m3=363960
