CANDIDATES {"store": "native packed (lean)", "modules": 224, "dense_fallback_modules": [], "store_gib": 7.3125} tiles=425984
LEAN {"start_map_mismatches": [], "mixed_map_mismatches": []}
START (no development set) tiles=425984 steps/epoch=16 total=320
EPOCH {"epoch": 0, "step": 16, "train_kl": 0.05729911728121806, "e0m3_units": 0, "hard_flips": 0, "tau": 1.0, "lr": 0.02, "epoch_seconds": 19.567331552505493}
EPOCH {"epoch": 1, "step": 32, "train_kl": 0.05729911736852955, "e0m3_units": 0, "hard_flips": 0, "tau": 1.0, "lr": 0.02, "epoch_seconds": 19.27816343307495}
EPOCH {"epoch": 2, "step": 48, "train_kl": 0.05729911786329467, "e0m3_units": 0, "hard_flips": 0, "tau": 1.0, "lr": 0.02, "epoch_seconds": 19.471489667892456}
EPOCH {"epoch": 3, "step": 64, "train_kl": 0.05570934891147772, "e0m3_units": 416, "hard_flips": 416, "tau": 1.0, "lr": 0.02, "epoch_seconds": 19.54189157485962}
EPOCH {"epoch": 4, "step": 80, "train_kl": 0.05150558143213857, "e0m3_units": 1974, "hard_flips": 1558, "tau": 1.0, "lr": 0.02, "epoch_seconds": 19.653762817382812}
EPOCH {"epoch": 5, "step": 96, "train_kl": 0.048198511940427125, "e0m3_units": 4964, "hard_flips": 3036, "tau": 1.0, "lr": 0.02, "epoch_seconds": 19.65896201133728}
EPOCH {"epoch": 6, "step": 112, "train_kl": 0.044556093314895406, "e0m3_units": 9106, "hard_flips": 4324, "tau": 1.0, "lr": 0.02, "epoch_seconds": 19.691481828689575}
EPOCH {"epoch": 7, "step": 128, "train_kl": 0.04179147734248545, "e0m3_units": 13773, "hard_flips": 5221, "tau": 1.0, "lr": 0.02, "epoch_seconds": 19.72777533531189}
EPOCH {"epoch": 8, "step": 144, "train_kl": 0.039549103064928204, "e0m3_units": 17849, "hard_flips": 5338, "tau": 1.0, "lr": 0.02, "epoch_seconds": 19.76576256752014}
EPOCH {"epoch": 9, "step": 160, "train_kl": 0.03834837975591654, "e0m3_units": 21500, "hard_flips": 5645, "tau": 1.0, "lr": 0.02, "epoch_seconds": 19.83744502067566}
EPOCH {"epoch": 10, "step": 176, "train_kl": 0.03661046024353709, "e0m3_units": 24726, "hard_flips": 6134, "tau": 1.0, "lr": 0.02, "epoch_seconds": 19.779418230056763}
EPOCH {"epoch": 11, "step": 192, "train_kl": 0.034572815799037926, "e0m3_units": 27744, "hard_flips": 6404, "tau": 1.0, "lr": 0.02, "epoch_seconds": 19.743300914764404}
EPOCH {"epoch": 12, "step": 208, "train_kl": 0.03225406166166067, "e0m3_units": 30507, "hard_flips": 6619, "tau": 1.0, "lr": 0.02, "epoch_seconds": 19.689005613327026}
EPOCH {"epoch": 13, "step": 224, "train_kl": 0.03126366756623611, "e0m3_units": 33287, "hard_flips": 7234, "tau": 1.0, "lr": 0.02, "epoch_seconds": 19.68888568878174}
EPOCH {"epoch": 14, "step": 240, "train_kl": 0.029233835219201865, "e0m3_units": 36030, "hard_flips": 7489, "tau": 1.0, "lr": 0.02, "epoch_seconds": 19.695072650909424}
EPOCH {"epoch": 15, "step": 256, "train_kl": 0.02845306276140036, "e0m3_units": 38487, "hard_flips": 7893, "tau": 1.0, "lr": 0.02, "epoch_seconds": 19.754145622253418}
EPOCH {"epoch": 16, "step": 272, "train_kl": 0.02745747784865671, "e0m3_units": 40983, "hard_flips": 8326, "tau": 1.0, "lr": 0.02, "epoch_seconds": 19.676687717437744}
EPOCH {"epoch": 17, "step": 288, "train_kl": 0.026445336883625714, "e0m3_units": 43348, "hard_flips": 8635, "tau": 1.0, "lr": 0.02, "epoch_seconds": 19.672240495681763}
EPOCH {"epoch": 18, "step": 304, "train_kl": 0.026031342564238003, "e0m3_units": 45561, "hard_flips": 9005, "tau": 1.0, "lr": 0.02, "epoch_seconds": 19.698192834854126}
EPOCH {"epoch": 19, "step": 320, "train_kl": 0.02531440064922208, "e0m3_units": 47697, "hard_flips": 9324, "tau": 1.0, "lr": 0.02, "epoch_seconds": 19.688769578933716}
FINAL e0m3=47697
