CANDIDATES {"store": "native packed (lean)", "modules": 224, "dense_fallback_modules": [], "store_gib": 7.3125} tiles=6815744
LEAN {"start_map_mismatches": [], "mixed_map_mismatches": []}
START (no development set) tiles=6815744 steps/epoch=16 total=320
EPOCH {"epoch": 0, "step": 16, "train_kl": 0.05729911728121806, "e0m3_units": 0, "hard_flips": 0, "tau": 1.0, "lr": 0.02, "epoch_seconds": 19.470884561538696}
EPOCH {"epoch": 1, "step": 32, "train_kl": 0.05729911736852955, "e0m3_units": 0, "hard_flips": 0, "tau": 1.0, "lr": 0.02, "epoch_seconds": 19.15724515914917}
EPOCH {"epoch": 2, "step": 48, "train_kl": 0.05729911786329467, "e0m3_units": 0, "hard_flips": 0, "tau": 1.0, "lr": 0.02, "epoch_seconds": 19.368932247161865}
EPOCH {"epoch": 3, "step": 64, "train_kl": 0.05323910297011025, "e0m3_units": 3982, "hard_flips": 3982, "tau": 1.0, "lr": 0.02, "epoch_seconds": 19.471643686294556}
EPOCH {"epoch": 4, "step": 80, "train_kl": 0.04664362951007206, "e0m3_units": 16479, "hard_flips": 12585, "tau": 1.0, "lr": 0.02, "epoch_seconds": 19.54816722869873}
EPOCH {"epoch": 5, "step": 96, "train_kl": 0.04031065197341377, "e0m3_units": 42250, "hard_flips": 26521, "tau": 1.0, "lr": 0.02, "epoch_seconds": 19.61950159072876}
EPOCH {"epoch": 6, "step": 112, "train_kl": 0.035393925398238935, "e0m3_units": 70491, "hard_flips": 31449, "tau": 1.0, "lr": 0.02, "epoch_seconds": 19.666625499725342}
EPOCH {"epoch": 7, "step": 128, "train_kl": 0.031166630244115368, "e0m3_units": 93290, "hard_flips": 32393, "tau": 1.0, "lr": 0.02, "epoch_seconds": 19.66052484512329}
EPOCH {"epoch": 8, "step": 144, "train_kl": 0.028549361450131983, "e0m3_units": 110779, "hard_flips": 31633, "tau": 1.0, "lr": 0.02, "epoch_seconds": 19.714186429977417}
EPOCH {"epoch": 9, "step": 160, "train_kl": 0.026976065320923226, "e0m3_units": 124730, "hard_flips": 32343, "tau": 1.0, "lr": 0.02, "epoch_seconds": 19.807610750198364}
EPOCH {"epoch": 10, "step": 176, "train_kl": 0.025755482907698024, "e0m3_units": 138421, "hard_flips": 34677, "tau": 1.0, "lr": 0.02, "epoch_seconds": 19.741087436676025}
EPOCH {"epoch": 11, "step": 192, "train_kl": 0.024837863507855218, "e0m3_units": 150631, "hard_flips": 34616, "tau": 1.0, "lr": 0.02, "epoch_seconds": 19.733920097351074}
EPOCH {"epoch": 12, "step": 208, "train_kl": 0.023961234895978123, "e0m3_units": 162233, "hard_flips": 35008, "tau": 1.0, "lr": 0.02, "epoch_seconds": 19.720701217651367}
EPOCH {"epoch": 13, "step": 224, "train_kl": 0.023127572538214736, "e0m3_units": 173864, "hard_flips": 37937, "tau": 1.0, "lr": 0.02, "epoch_seconds": 19.66488814353943}
EPOCH {"epoch": 14, "step": 240, "train_kl": 0.022296912655292545, "e0m3_units": 185377, "hard_flips": 38651, "tau": 1.0, "lr": 0.02, "epoch_seconds": 19.666025161743164}
EPOCH {"epoch": 15, "step": 256, "train_kl": 0.022017942788806977, "e0m3_units": 196584, "hard_flips": 41077, "tau": 1.0, "lr": 0.02, "epoch_seconds": 19.7708523273468}
EPOCH {"epoch": 16, "step": 272, "train_kl": 0.021313594621460652, "e0m3_units": 207077, "hard_flips": 42297, "tau": 1.0, "lr": 0.02, "epoch_seconds": 19.672492265701294}
EPOCH {"epoch": 17, "step": 288, "train_kl": 0.02096315158996731, "e0m3_units": 219039, "hard_flips": 43656, "tau": 1.0, "lr": 0.02, "epoch_seconds": 19.650330781936646}
EPOCH {"epoch": 18, "step": 304, "train_kl": 0.020221517956088064, "e0m3_units": 231228, "hard_flips": 44617, "tau": 1.0, "lr": 0.02, "epoch_seconds": 19.603928327560425}
EPOCH {"epoch": 19, "step": 320, "train_kl": 0.019855457738231053, "e0m3_units": 243284, "hard_flips": 44650, "tau": 1.0, "lr": 0.02, "epoch_seconds": 19.567106246948242}
FINAL e0m3=243284
