CANDIDATES {"store": "native packed (lean)", "modules": 120, "dense_fallback_modules": [], "store_gib": 8.079757690429688} tiles=7530880
LEAN {"start_map_mismatches": [], "mixed_map_mismatches": []}
START (no development set) tiles=7530880 steps/epoch=16 total=320
EPOCH {"epoch": 0, "step": 16, "train_kl": 0.03644480383445625, "e0m3_units": 0, "hard_flips": 0, "tau": 1.0, "lr": 0.02, "epoch_seconds": 241.77430486679077}
EPOCH {"epoch": 1, "step": 32, "train_kl": 0.03644480392176774, "e0m3_units": 0, "hard_flips": 0, "tau": 1.0, "lr": 0.02, "epoch_seconds": 242.05281448364258}
EPOCH {"epoch": 2, "step": 48, "train_kl": 0.03644480389266391, "e0m3_units": 0, "hard_flips": 0, "tau": 1.0, "lr": 0.02, "epoch_seconds": 241.784898519516}
EPOCH {"epoch": 3, "step": 64, "train_kl": 0.03444334232699475, "e0m3_units": 3118, "hard_flips": 3168, "tau": 1.0, "lr": 0.02, "epoch_seconds": 241.8050479888916}
EPOCH {"epoch": 4, "step": 80, "train_kl": 0.031573965316056274, "e0m3_units": 12183, "hard_flips": 10571, "tau": 1.0, "lr": 0.02, "epoch_seconds": 241.7674584388733}
EPOCH {"epoch": 5, "step": 96, "train_kl": 0.02796223622863181, "e0m3_units": 36757, "hard_flips": 26744, "tau": 1.0, "lr": 0.02, "epoch_seconds": 241.7883791923523}
EPOCH {"epoch": 6, "step": 112, "train_kl": 0.025314195758255664, "e0m3_units": 68079, "hard_flips": 35472, "tau": 1.0, "lr": 0.02, "epoch_seconds": 241.85770750045776}
EPOCH {"epoch": 7, "step": 128, "train_kl": 0.02357794202544028, "e0m3_units": 92945, "hard_flips": 35044, "tau": 1.0, "lr": 0.02, "epoch_seconds": 241.838636636734}
EPOCH {"epoch": 8, "step": 144, "train_kl": 0.02249608515558066, "e0m3_units": 112615, "hard_flips": 36062, "tau": 1.0, "lr": 0.02, "epoch_seconds": 241.80171489715576}
EPOCH {"epoch": 9, "step": 160, "train_kl": 0.02157247520517558, "e0m3_units": 129424, "hard_flips": 38361, "tau": 1.0, "lr": 0.02, "epoch_seconds": 241.90722823143005}
EPOCH {"epoch": 10, "step": 176, "train_kl": 0.02096805890505493, "e0m3_units": 145508, "hard_flips": 40308, "tau": 1.0, "lr": 0.02, "epoch_seconds": 241.8896768093109}
EPOCH {"epoch": 11, "step": 192, "train_kl": 0.02025040477019502, "e0m3_units": 161185, "hard_flips": 42925, "tau": 1.0, "lr": 0.02, "epoch_seconds": 241.8575656414032}
EPOCH {"epoch": 12, "step": 208, "train_kl": 0.01971068704551726, "e0m3_units": 176187, "hard_flips": 45110, "tau": 1.0, "lr": 0.02, "epoch_seconds": 241.92438983917236}
EPOCH {"epoch": 13, "step": 224, "train_kl": 0.01923081090535561, "e0m3_units": 190558, "hard_flips": 46797, "tau": 1.0, "lr": 0.02, "epoch_seconds": 241.85828971862793}
EPOCH {"epoch": 14, "step": 240, "train_kl": 0.0187508749004337, "e0m3_units": 204491, "hard_flips": 49021, "tau": 1.0, "lr": 0.02, "epoch_seconds": 241.88451409339905}
EPOCH {"epoch": 15, "step": 256, "train_kl": 0.01829930535495805, "e0m3_units": 219444, "hard_flips": 50339, "tau": 1.0, "lr": 0.02, "epoch_seconds": 241.7578980922699}
EPOCH {"epoch": 16, "step": 272, "train_kl": 0.01823455295379972, "e0m3_units": 232696, "hard_flips": 52926, "tau": 1.0, "lr": 0.02, "epoch_seconds": 241.8211658000946}
EPOCH {"epoch": 17, "step": 288, "train_kl": 0.017735553201418952, "e0m3_units": 245344, "hard_flips": 55008, "tau": 1.0, "lr": 0.02, "epoch_seconds": 241.8219656944275}
EPOCH {"epoch": 18, "step": 304, "train_kl": 0.017456671597756213, "e0m3_units": 257845, "hard_flips": 56169, "tau": 1.0, "lr": 0.02, "epoch_seconds": 241.8411509990692}
EPOCH {"epoch": 19, "step": 320, "train_kl": 0.017320166940407944, "e0m3_units": 270026, "hard_flips": 58829, "tau": 1.0, "lr": 0.02, "epoch_seconds": 241.81520676612854}
FINAL e0m3=270026
