CANDIDATES {"store": "native packed (lean)", "modules": 120, "dense_fallback_modules": [], "store_gib": 8.079757690429688} tiles=15061760
LEAN {"start_map_mismatches": [], "mixed_map_mismatches": []}
START (no development set) tiles=15061760 steps/epoch=16 total=320
EPOCH {"epoch": 0, "step": 16, "train_kl": 0.03644480383445625, "e0m3_units": 0, "hard_flips": 0, "tau": 1.0, "lr": 0.02, "epoch_seconds": 241.58808064460754}
EPOCH {"epoch": 1, "step": 32, "train_kl": 0.03644480392176774, "e0m3_units": 0, "hard_flips": 0, "tau": 1.0, "lr": 0.02, "epoch_seconds": 242.02811193466187}
EPOCH {"epoch": 2, "step": 48, "train_kl": 0.03644480389266391, "e0m3_units": 0, "hard_flips": 0, "tau": 1.0, "lr": 0.02, "epoch_seconds": 241.81045770645142}
EPOCH {"epoch": 3, "step": 64, "train_kl": 0.03395994897437049, "e0m3_units": 4967, "hard_flips": 5099, "tau": 1.0, "lr": 0.02, "epoch_seconds": 241.76682090759277}
EPOCH {"epoch": 4, "step": 80, "train_kl": 0.031210435838147532, "e0m3_units": 19298, "hard_flips": 16999, "tau": 1.0, "lr": 0.02, "epoch_seconds": 242.08227968215942}
EPOCH {"epoch": 5, "step": 96, "train_kl": 0.02730588716440252, "e0m3_units": 59871, "hard_flips": 43829, "tau": 1.0, "lr": 0.02, "epoch_seconds": 241.78398847579956}
EPOCH {"epoch": 6, "step": 112, "train_kl": 0.02491178720811149, "e0m3_units": 111062, "hard_flips": 58595, "tau": 1.0, "lr": 0.02, "epoch_seconds": 241.75065207481384}
EPOCH {"epoch": 7, "step": 128, "train_kl": 0.0229149526112451, "e0m3_units": 148067, "hard_flips": 56371, "tau": 1.0, "lr": 0.02, "epoch_seconds": 241.71058821678162}
EPOCH {"epoch": 8, "step": 144, "train_kl": 0.022037217826436972, "e0m3_units": 174871, "hard_flips": 58878, "tau": 1.0, "lr": 0.02, "epoch_seconds": 241.7303512096405}
EPOCH {"epoch": 9, "step": 160, "train_kl": 0.020869146510449355, "e0m3_units": 198052, "hard_flips": 60239, "tau": 1.0, "lr": 0.02, "epoch_seconds": 241.68844747543335}
EPOCH {"epoch": 10, "step": 176, "train_kl": 0.02020640831142373, "e0m3_units": 222045, "hard_flips": 63875, "tau": 1.0, "lr": 0.02, "epoch_seconds": 241.7002501487732}
EPOCH {"epoch": 11, "step": 192, "train_kl": 0.01965030738574569, "e0m3_units": 243744, "hard_flips": 66707, "tau": 1.0, "lr": 0.02, "epoch_seconds": 241.7503035068512}
EPOCH {"epoch": 12, "step": 208, "train_kl": 0.019033709177165292, "e0m3_units": 265390, "hard_flips": 70020, "tau": 1.0, "lr": 0.02, "epoch_seconds": 241.69425415992737}
EPOCH {"epoch": 13, "step": 224, "train_kl": 0.018515830761316465, "e0m3_units": 288766, "hard_flips": 72310, "tau": 1.0, "lr": 0.02, "epoch_seconds": 241.7085099220276}
EPOCH {"epoch": 14, "step": 240, "train_kl": 0.018165616900660098, "e0m3_units": 309503, "hard_flips": 75023, "tau": 1.0, "lr": 0.02, "epoch_seconds": 241.617027759552}
EPOCH {"epoch": 15, "step": 256, "train_kl": 0.017768038471331238, "e0m3_units": 328896, "hard_flips": 77041, "tau": 1.0, "lr": 0.02, "epoch_seconds": 241.73174500465393}
EPOCH {"epoch": 16, "step": 272, "train_kl": 0.017410745278539252, "e0m3_units": 348782, "hard_flips": 80506, "tau": 1.0, "lr": 0.02, "epoch_seconds": 241.8746407032013}
EPOCH {"epoch": 17, "step": 288, "train_kl": 0.01713738127727993, "e0m3_units": 367603, "hard_flips": 82815, "tau": 1.0, "lr": 0.02, "epoch_seconds": 241.72002792358398}
EPOCH {"epoch": 18, "step": 304, "train_kl": 0.01678187849574897, "e0m3_units": 386006, "hard_flips": 86639, "tau": 1.0, "lr": 0.02, "epoch_seconds": 241.710223197937}
EPOCH {"epoch": 19, "step": 320, "train_kl": 0.01664497680758359, "e0m3_units": 404963, "hard_flips": 89799, "tau": 1.0, "lr": 0.02, "epoch_seconds": 241.74507761001587}
FINAL e0m3=404963
