CANDIDATES {"store": "native packed (lean)", "modules": 120, "dense_fallback_modules": [], "store_gib": 8.079757690429688} tiles=478320
LEAN {"start_map_mismatches": [], "mixed_map_mismatches": []}
START (no development set) tiles=478320 steps/epoch=16 total=320
EPOCH {"epoch": 0, "step": 16, "train_kl": 0.03644480383445625, "e0m3_units": 0, "hard_flips": 0, "tau": 1.0, "lr": 0.02, "epoch_seconds": 242.8148922920227}
EPOCH {"epoch": 1, "step": 32, "train_kl": 0.03644480392176774, "e0m3_units": 0, "hard_flips": 0, "tau": 1.0, "lr": 0.02, "epoch_seconds": 243.072856426239}
EPOCH {"epoch": 2, "step": 48, "train_kl": 0.03644480389266391, "e0m3_units": 0, "hard_flips": 0, "tau": 1.0, "lr": 0.02, "epoch_seconds": 242.8200912475586}
EPOCH {"epoch": 3, "step": 64, "train_kl": 0.03430690849199891, "e0m3_units": 521, "hard_flips": 523, "tau": 1.0, "lr": 0.02, "epoch_seconds": 242.88585686683655}
EPOCH {"epoch": 4, "step": 80, "train_kl": 0.03205034647908178, "e0m3_units": 1944, "hard_flips": 1563, "tau": 1.0, "lr": 0.02, "epoch_seconds": 242.88801288604736}
EPOCH {"epoch": 5, "step": 96, "train_kl": 0.03033311515901005, "e0m3_units": 5271, "hard_flips": 3621, "tau": 1.0, "lr": 0.02, "epoch_seconds": 242.91116309165955}
EPOCH {"epoch": 6, "step": 112, "train_kl": 0.028309161076322198, "e0m3_units": 9992, "hard_flips": 5339, "tau": 1.0, "lr": 0.02, "epoch_seconds": 242.877694606781}
EPOCH {"epoch": 7, "step": 128, "train_kl": 0.026460813631274505, "e0m3_units": 14576, "hard_flips": 5876, "tau": 1.0, "lr": 0.02, "epoch_seconds": 242.96454000473022}
EPOCH {"epoch": 8, "step": 144, "train_kl": 0.02550010822233162, "e0m3_units": 18727, "hard_flips": 6277, "tau": 1.0, "lr": 0.02, "epoch_seconds": 242.88185906410217}
EPOCH {"epoch": 9, "step": 160, "train_kl": 0.02478068980963144, "e0m3_units": 22664, "hard_flips": 7241, "tau": 1.0, "lr": 0.02, "epoch_seconds": 242.92210173606873}
EPOCH {"epoch": 10, "step": 176, "train_kl": 0.024016015910092392, "e0m3_units": 26134, "hard_flips": 7746, "tau": 1.0, "lr": 0.02, "epoch_seconds": 242.85454177856445}
EPOCH {"epoch": 11, "step": 192, "train_kl": 0.023355540244665463, "e0m3_units": 29323, "hard_flips": 8337, "tau": 1.0, "lr": 0.02, "epoch_seconds": 242.97475790977478}
EPOCH {"epoch": 12, "step": 208, "train_kl": 0.023146045989051345, "e0m3_units": 32587, "hard_flips": 9244, "tau": 1.0, "lr": 0.02, "epoch_seconds": 242.9129331111908}
EPOCH {"epoch": 13, "step": 224, "train_kl": 0.02264155020020553, "e0m3_units": 35938, "hard_flips": 10097, "tau": 1.0, "lr": 0.02, "epoch_seconds": 243.04296231269836}
EPOCH {"epoch": 14, "step": 240, "train_kl": 0.022489148990644026, "e0m3_units": 38906, "hard_flips": 10688, "tau": 1.0, "lr": 0.02, "epoch_seconds": 243.11650443077087}
EPOCH {"epoch": 15, "step": 256, "train_kl": 0.022006808198057115, "e0m3_units": 41655, "hard_flips": 11199, "tau": 1.0, "lr": 0.02, "epoch_seconds": 242.9861536026001}
EPOCH {"epoch": 16, "step": 272, "train_kl": 0.02153766837909643, "e0m3_units": 44219, "hard_flips": 11468, "tau": 1.0, "lr": 0.02, "epoch_seconds": 242.9969940185547}
EPOCH {"epoch": 17, "step": 288, "train_kl": 0.02133752790177823, "e0m3_units": 47099, "hard_flips": 12206, "tau": 1.0, "lr": 0.02, "epoch_seconds": 243.04008984565735}
EPOCH {"epoch": 18, "step": 304, "train_kl": 0.021158062991162296, "e0m3_units": 49921, "hard_flips": 12842, "tau": 1.0, "lr": 0.02, "epoch_seconds": 242.99333596229553}
EPOCH {"epoch": 19, "step": 320, "train_kl": 0.020914068845740985, "e0m3_units": 52436, "hard_flips": 13911, "tau": 1.0, "lr": 0.02, "epoch_seconds": 242.93227910995483}
FINAL e0m3=52436
