CANDIDATES {"store": "native packed (lean)", "modules": 196, "dense_fallback_modules": [], "store_gib": 1.4765625} tiles=1376256
LEAN {"start_map_mismatches": [], "mixed_map_mismatches": []}
START (no development set) tiles=1376256 steps/epoch=16 total=320
EPOCH {"epoch": 0, "step": 16, "train_kl": 0.16892051533795893, "e0m3_units": 0, "hard_flips": 0, "tau": 1.0, "lr": 0.02, "epoch_seconds": 10.090011835098267}
EPOCH {"epoch": 1, "step": 32, "train_kl": 0.1689205156872049, "e0m3_units": 0, "hard_flips": 0, "tau": 1.0, "lr": 0.02, "epoch_seconds": 9.52583122253418}
EPOCH {"epoch": 2, "step": 48, "train_kl": 0.16892051394097507, "e0m3_units": 0, "hard_flips": 0, "tau": 1.0, "lr": 0.02, "epoch_seconds": 9.712554216384888}
EPOCH {"epoch": 3, "step": 64, "train_kl": 0.16149698160006665, "e0m3_units": 1614, "hard_flips": 1784, "tau": 1.0, "lr": 0.02, "epoch_seconds": 9.778444766998291}
EPOCH {"epoch": 4, "step": 80, "train_kl": 0.14077078370610252, "e0m3_units": 4738, "hard_flips": 3416, "tau": 1.0, "lr": 0.02, "epoch_seconds": 9.613364219665527}
EPOCH {"epoch": 5, "step": 96, "train_kl": 0.1297915099421516, "e0m3_units": 8679, "hard_flips": 4623, "tau": 1.0, "lr": 0.02, "epoch_seconds": 9.525686740875244}
EPOCH {"epoch": 6, "step": 112, "train_kl": 0.12058354468899779, "e0m3_units": 13454, "hard_flips": 5863, "tau": 1.0, "lr": 0.02, "epoch_seconds": 9.820833921432495}
EPOCH {"epoch": 7, "step": 128, "train_kl": 0.11297796791768633, "e0m3_units": 19200, "hard_flips": 7772, "tau": 1.0, "lr": 0.02, "epoch_seconds": 9.558971405029297}
EPOCH {"epoch": 8, "step": 144, "train_kl": 0.10489765989768784, "e0m3_units": 25795, "hard_flips": 8595, "tau": 1.0, "lr": 0.02, "epoch_seconds": 9.781311511993408}
EPOCH {"epoch": 9, "step": 160, "train_kl": 0.09939236656646244, "e0m3_units": 31948, "hard_flips": 8801, "tau": 1.0, "lr": 0.02, "epoch_seconds": 9.526023626327515}
EPOCH {"epoch": 10, "step": 176, "train_kl": 0.09296553042076994, "e0m3_units": 38103, "hard_flips": 9591, "tau": 1.0, "lr": 0.02, "epoch_seconds": 9.770801067352295}
EPOCH {"epoch": 11, "step": 192, "train_kl": 0.08860299485968426, "e0m3_units": 44026, "hard_flips": 9943, "tau": 1.0, "lr": 0.02, "epoch_seconds": 9.71785855293274}
EPOCH {"epoch": 12, "step": 208, "train_kl": 0.08486554137198254, "e0m3_units": 49641, "hard_flips": 10141, "tau": 1.0, "lr": 0.02, "epoch_seconds": 9.963367223739624}
EPOCH {"epoch": 13, "step": 224, "train_kl": 0.08163954234623816, "e0m3_units": 55073, "hard_flips": 10442, "tau": 1.0, "lr": 0.02, "epoch_seconds": 9.526518106460571}
EPOCH {"epoch": 14, "step": 240, "train_kl": 0.07853872842679266, "e0m3_units": 60398, "hard_flips": 10835, "tau": 1.0, "lr": 0.02, "epoch_seconds": 9.373430013656616}
EPOCH {"epoch": 15, "step": 256, "train_kl": 0.0768680928304093, "e0m3_units": 65468, "hard_flips": 11510, "tau": 1.0, "lr": 0.02, "epoch_seconds": 9.626600503921509}
EPOCH {"epoch": 16, "step": 272, "train_kl": 0.07325866036990192, "e0m3_units": 70684, "hard_flips": 11306, "tau": 1.0, "lr": 0.02, "epoch_seconds": 9.569846868515015}
EPOCH {"epoch": 17, "step": 288, "train_kl": 0.07130268293258268, "e0m3_units": 75501, "hard_flips": 11593, "tau": 1.0, "lr": 0.02, "epoch_seconds": 9.212151288986206}
EPOCH {"epoch": 18, "step": 304, "train_kl": 0.07017975281632971, "e0m3_units": 80283, "hard_flips": 12478, "tau": 1.0, "lr": 0.02, "epoch_seconds": 9.894694566726685}
EPOCH {"epoch": 19, "step": 320, "train_kl": 0.0680662937957095, "e0m3_units": 85085, "hard_flips": 12708, "tau": 1.0, "lr": 0.02, "epoch_seconds": 10.016945123672485}
FINAL e0m3=85085
