CANDIDATES {"store": "native packed (lean)", "modules": 252, "dense_fallback_modules": [], "store_gib": 7.27734375} tiles=6782976
LEAN {"start_map_mismatches": [], "mixed_map_mismatches": []}
START (no development set) tiles=6782976 steps/epoch=16 total=320
EPOCH {"epoch": 0, "step": 16, "train_kl": 0.09350760662346147, "e0m3_units": 0, "hard_flips": 0, "tau": 1.0, "lr": 0.02, "epoch_seconds": 24.195551872253418}
EPOCH {"epoch": 1, "step": 32, "train_kl": 0.09350760666711722, "e0m3_units": 0, "hard_flips": 0, "tau": 1.0, "lr": 0.02, "epoch_seconds": 23.90661311149597}
EPOCH {"epoch": 2, "step": 48, "train_kl": 0.09350760631787125, "e0m3_units": 0, "hard_flips": 0, "tau": 1.0, "lr": 0.02, "epoch_seconds": 24.001553535461426}
EPOCH {"epoch": 3, "step": 64, "train_kl": 0.09135577686538454, "e0m3_units": 1058, "hard_flips": 1066, "tau": 1.0, "lr": 0.02, "epoch_seconds": 24.060190677642822}
EPOCH {"epoch": 4, "step": 80, "train_kl": 0.08686112123541534, "e0m3_units": 4890, "hard_flips": 4230, "tau": 1.0, "lr": 0.02, "epoch_seconds": 24.232988119125366}
EPOCH {"epoch": 5, "step": 96, "train_kl": 0.07605799986049533, "e0m3_units": 16052, "hard_flips": 11902, "tau": 1.0, "lr": 0.02, "epoch_seconds": 24.3467915058136}
EPOCH {"epoch": 6, "step": 112, "train_kl": 0.06830515280307736, "e0m3_units": 33590, "hard_flips": 18784, "tau": 1.0, "lr": 0.02, "epoch_seconds": 24.268306970596313}
EPOCH {"epoch": 7, "step": 128, "train_kl": 0.06054380851855967, "e0m3_units": 54234, "hard_flips": 24824, "tau": 1.0, "lr": 0.02, "epoch_seconds": 24.220611333847046}
EPOCH {"epoch": 8, "step": 144, "train_kl": 0.05509109412014368, "e0m3_units": 71844, "hard_flips": 22960, "tau": 1.0, "lr": 0.02, "epoch_seconds": 24.200603246688843}
EPOCH {"epoch": 9, "step": 160, "train_kl": 0.05152907158844755, "e0m3_units": 87193, "hard_flips": 23035, "tau": 1.0, "lr": 0.02, "epoch_seconds": 24.342785358428955}
EPOCH {"epoch": 10, "step": 176, "train_kl": 0.047927138632076094, "e0m3_units": 100250, "hard_flips": 23881, "tau": 1.0, "lr": 0.02, "epoch_seconds": 24.44948387145996}
EPOCH {"epoch": 11, "step": 192, "train_kl": 0.046442257284070365, "e0m3_units": 112186, "hard_flips": 23830, "tau": 1.0, "lr": 0.02, "epoch_seconds": 24.37149214744568}
EPOCH {"epoch": 12, "step": 208, "train_kl": 0.04389460886159213, "e0m3_units": 122753, "hard_flips": 24473, "tau": 1.0, "lr": 0.02, "epoch_seconds": 24.258052110671997}
EPOCH {"epoch": 13, "step": 224, "train_kl": 0.042726250056148274, "e0m3_units": 133581, "hard_flips": 25942, "tau": 1.0, "lr": 0.02, "epoch_seconds": 24.391173124313354}
EPOCH {"epoch": 14, "step": 240, "train_kl": 0.04109669728495646, "e0m3_units": 144156, "hard_flips": 26151, "tau": 1.0, "lr": 0.02, "epoch_seconds": 24.367732524871826}
EPOCH {"epoch": 15, "step": 256, "train_kl": 0.039985557916224934, "e0m3_units": 154054, "hard_flips": 26714, "tau": 1.0, "lr": 0.02, "epoch_seconds": 24.401506662368774}
EPOCH {"epoch": 16, "step": 272, "train_kl": 0.0385640211388818, "e0m3_units": 163030, "hard_flips": 26446, "tau": 1.0, "lr": 0.02, "epoch_seconds": 24.453905820846558}
EPOCH {"epoch": 17, "step": 288, "train_kl": 0.03804676775325788, "e0m3_units": 172270, "hard_flips": 28218, "tau": 1.0, "lr": 0.02, "epoch_seconds": 24.298428535461426}
EPOCH {"epoch": 18, "step": 304, "train_kl": 0.036741888612596085, "e0m3_units": 181657, "hard_flips": 29111, "tau": 1.0, "lr": 0.02, "epoch_seconds": 24.176302194595337}
EPOCH {"epoch": 19, "step": 320, "train_kl": 0.03595866952309734, "e0m3_units": 190450, "hard_flips": 30991, "tau": 1.0, "lr": 0.02, "epoch_seconds": 24.199424028396606}
FINAL e0m3=190450
