CANDIDATES {"store": "native packed (lean)", "modules": 196, "dense_fallback_modules": [], "store_gib": 1.4765625} tiles=2752512
LEAN {"start_map_mismatches": [], "mixed_map_mismatches": []}
START (no development set) tiles=2752512 steps/epoch=16 total=320
EPOCH {"epoch": 0, "step": 16, "train_kl": 0.16892051533795893, "e0m3_units": 0, "hard_flips": 0, "tau": 1.0, "lr": 0.02, "epoch_seconds": 10.26426386833191}
EPOCH {"epoch": 1, "step": 32, "train_kl": 0.1689205156872049, "e0m3_units": 0, "hard_flips": 0, "tau": 1.0, "lr": 0.02, "epoch_seconds": 9.51009488105774}
EPOCH {"epoch": 2, "step": 48, "train_kl": 0.16892051394097507, "e0m3_units": 0, "hard_flips": 0, "tau": 1.0, "lr": 0.02, "epoch_seconds": 9.75525975227356}
EPOCH {"epoch": 3, "step": 64, "train_kl": 0.16161278204526752, "e0m3_units": 2602, "hard_flips": 2886, "tau": 1.0, "lr": 0.02, "epoch_seconds": 9.837874412536621}
EPOCH {"epoch": 4, "step": 80, "train_kl": 0.13933520880527794, "e0m3_units": 7335, "hard_flips": 5361, "tau": 1.0, "lr": 0.02, "epoch_seconds": 9.897346019744873}
EPOCH {"epoch": 5, "step": 96, "train_kl": 0.12799152135266922, "e0m3_units": 13009, "hard_flips": 6954, "tau": 1.0, "lr": 0.02, "epoch_seconds": 9.989771127700806}
EPOCH {"epoch": 6, "step": 112, "train_kl": 0.118176377058262, "e0m3_units": 20624, "hard_flips": 9637, "tau": 1.0, "lr": 0.02, "epoch_seconds": 10.126887321472168}
EPOCH {"epoch": 7, "step": 128, "train_kl": 0.10924683159100823, "e0m3_units": 29855, "hard_flips": 11763, "tau": 1.0, "lr": 0.02, "epoch_seconds": 10.030144929885864}
EPOCH {"epoch": 8, "step": 144, "train_kl": 0.10109547138563357, "e0m3_units": 39791, "hard_flips": 13028, "tau": 1.0, "lr": 0.02, "epoch_seconds": 9.60112476348877}
EPOCH {"epoch": 9, "step": 160, "train_kl": 0.09393931190425064, "e0m3_units": 49856, "hard_flips": 14077, "tau": 1.0, "lr": 0.02, "epoch_seconds": 9.766644477844238}
EPOCH {"epoch": 10, "step": 176, "train_kl": 0.08951398468343541, "e0m3_units": 60082, "hard_flips": 15378, "tau": 1.0, "lr": 0.02, "epoch_seconds": 9.813362121582031}
EPOCH {"epoch": 11, "step": 192, "train_kl": 0.08384929563908372, "e0m3_units": 70092, "hard_flips": 16140, "tau": 1.0, "lr": 0.02, "epoch_seconds": 9.921885251998901}
EPOCH {"epoch": 12, "step": 208, "train_kl": 0.08090428920695558, "e0m3_units": 79059, "hard_flips": 16379, "tau": 1.0, "lr": 0.02, "epoch_seconds": 9.846876859664917}
EPOCH {"epoch": 13, "step": 224, "train_kl": 0.07613207533722743, "e0m3_units": 87809, "hard_flips": 16656, "tau": 1.0, "lr": 0.02, "epoch_seconds": 9.846968173980713}
EPOCH {"epoch": 14, "step": 240, "train_kl": 0.073888770522899, "e0m3_units": 95785, "hard_flips": 16224, "tau": 1.0, "lr": 0.02, "epoch_seconds": 9.847826957702637}
EPOCH {"epoch": 15, "step": 256, "train_kl": 0.07174166152253747, "e0m3_units": 103402, "hard_flips": 16699, "tau": 1.0, "lr": 0.02, "epoch_seconds": 9.987428426742554}
EPOCH {"epoch": 16, "step": 272, "train_kl": 0.06906042384798639, "e0m3_units": 110898, "hard_flips": 18550, "tau": 1.0, "lr": 0.02, "epoch_seconds": 9.83431601524353}
EPOCH {"epoch": 17, "step": 288, "train_kl": 0.06800046519492753, "e0m3_units": 118306, "hard_flips": 18192, "tau": 1.0, "lr": 0.02, "epoch_seconds": 9.966440916061401}
EPOCH {"epoch": 18, "step": 304, "train_kl": 0.06567766847729217, "e0m3_units": 125931, "hard_flips": 19191, "tau": 1.0, "lr": 0.02, "epoch_seconds": 10.00630784034729}
EPOCH {"epoch": 19, "step": 320, "train_kl": 0.06352895552117843, "e0m3_units": 133151, "hard_flips": 18824, "tau": 1.0, "lr": 0.02, "epoch_seconds": 10.04758095741272}
FINAL e0m3=133151
