CANDIDATES {"store": "native packed (lean)", "modules": 252, "dense_fallback_modules": [], "store_gib": 7.27734375} tiles=423936
LEAN {"start_map_mismatches": [], "mixed_map_mismatches": []}
START (no development set) tiles=423936 steps/epoch=16 total=320
EPOCH {"epoch": 0, "step": 16, "train_kl": 0.09350760662346147, "e0m3_units": 0, "hard_flips": 0, "tau": 1.0, "lr": 0.02, "epoch_seconds": 24.15830087661743}
EPOCH {"epoch": 1, "step": 32, "train_kl": 0.09350760666711722, "e0m3_units": 0, "hard_flips": 0, "tau": 1.0, "lr": 0.02, "epoch_seconds": 23.980931758880615}
EPOCH {"epoch": 2, "step": 48, "train_kl": 0.09350760631787125, "e0m3_units": 0, "hard_flips": 0, "tau": 1.0, "lr": 0.02, "epoch_seconds": 24.216334104537964}
EPOCH {"epoch": 3, "step": 64, "train_kl": 0.09178706569946371, "e0m3_units": 139, "hard_flips": 141, "tau": 1.0, "lr": 0.02, "epoch_seconds": 24.174277305603027}
EPOCH {"epoch": 4, "step": 80, "train_kl": 0.0865247611363884, "e0m3_units": 623, "hard_flips": 542, "tau": 1.0, "lr": 0.02, "epoch_seconds": 24.27241349220276}
EPOCH {"epoch": 5, "step": 96, "train_kl": 0.08402484067482874, "e0m3_units": 1911, "hard_flips": 1376, "tau": 1.0, "lr": 0.02, "epoch_seconds": 24.457783937454224}
EPOCH {"epoch": 6, "step": 112, "train_kl": 0.07724503031204222, "e0m3_units": 4090, "hard_flips": 2459, "tau": 1.0, "lr": 0.02, "epoch_seconds": 24.43977999687195}
EPOCH {"epoch": 7, "step": 128, "train_kl": 0.07132546207139967, "e0m3_units": 6941, "hard_flips": 3173, "tau": 1.0, "lr": 0.02, "epoch_seconds": 24.538318395614624}
EPOCH {"epoch": 8, "step": 144, "train_kl": 0.06655499975022394, "e0m3_units": 9575, "hard_flips": 3274, "tau": 1.0, "lr": 0.02, "epoch_seconds": 24.50747799873352}
EPOCH {"epoch": 9, "step": 160, "train_kl": 0.06305782899289625, "e0m3_units": 12174, "hard_flips": 3553, "tau": 1.0, "lr": 0.02, "epoch_seconds": 24.522457361221313}
EPOCH {"epoch": 10, "step": 176, "train_kl": 0.06079932287684642, "e0m3_units": 14788, "hard_flips": 3950, "tau": 1.0, "lr": 0.02, "epoch_seconds": 24.519223928451538}
EPOCH {"epoch": 11, "step": 192, "train_kl": 0.05717097394153825, "e0m3_units": 17261, "hard_flips": 4387, "tau": 1.0, "lr": 0.02, "epoch_seconds": 24.655242443084717}
EPOCH {"epoch": 12, "step": 208, "train_kl": 0.05568414318258874, "e0m3_units": 19474, "hard_flips": 4099, "tau": 1.0, "lr": 0.02, "epoch_seconds": 24.555416107177734}
EPOCH {"epoch": 13, "step": 224, "train_kl": 0.053941875132295536, "e0m3_units": 21665, "hard_flips": 4609, "tau": 1.0, "lr": 0.02, "epoch_seconds": 24.57660984992981}
EPOCH {"epoch": 14, "step": 240, "train_kl": 0.05181130337587092, "e0m3_units": 23809, "hard_flips": 4644, "tau": 1.0, "lr": 0.02, "epoch_seconds": 24.53383708000183}
EPOCH {"epoch": 15, "step": 256, "train_kl": 0.051426957383228, "e0m3_units": 25729, "hard_flips": 5260, "tau": 1.0, "lr": 0.02, "epoch_seconds": 24.538050174713135}
EPOCH {"epoch": 16, "step": 272, "train_kl": 0.04960757177104824, "e0m3_units": 27516, "hard_flips": 4731, "tau": 1.0, "lr": 0.02, "epoch_seconds": 24.6338050365448}
EPOCH {"epoch": 17, "step": 288, "train_kl": 0.04830244617551216, "e0m3_units": 29289, "hard_flips": 5057, "tau": 1.0, "lr": 0.02, "epoch_seconds": 24.547926425933838}
EPOCH {"epoch": 18, "step": 304, "train_kl": 0.04712551521151909, "e0m3_units": 31018, "hard_flips": 5347, "tau": 1.0, "lr": 0.02, "epoch_seconds": 24.308626890182495}
EPOCH {"epoch": 19, "step": 320, "train_kl": 0.045964305551024154, "e0m3_units": 32707, "hard_flips": 5497, "tau": 1.0, "lr": 0.02, "epoch_seconds": 24.3860502243042}
FINAL e0m3=32707
