CANDIDATES {"store": "native packed (lean)", "modules": 252, "dense_fallback_modules": [], "store_gib": 7.27734375} tiles=13565952
LEAN {"start_map_mismatches": [], "mixed_map_mismatches": []}
START (no development set) tiles=13565952 steps/epoch=16 total=320
EPOCH {"epoch": 0, "step": 16, "train_kl": 0.09350760662346147, "e0m3_units": 0, "hard_flips": 0, "tau": 1.0, "lr": 0.02, "epoch_seconds": 23.665283679962158}
EPOCH {"epoch": 1, "step": 32, "train_kl": 0.09350760666711722, "e0m3_units": 0, "hard_flips": 0, "tau": 1.0, "lr": 0.02, "epoch_seconds": 23.460031509399414}
EPOCH {"epoch": 2, "step": 48, "train_kl": 0.09350760631787125, "e0m3_units": 0, "hard_flips": 0, "tau": 1.0, "lr": 0.02, "epoch_seconds": 23.573540687561035}
EPOCH {"epoch": 3, "step": 64, "train_kl": 0.09231201942020562, "e0m3_units": 2270, "hard_flips": 2288, "tau": 1.0, "lr": 0.02, "epoch_seconds": 23.759645462036133}
EPOCH {"epoch": 4, "step": 80, "train_kl": 0.08338980423286557, "e0m3_units": 9691, "hard_flips": 8229, "tau": 1.0, "lr": 0.02, "epoch_seconds": 23.997607946395874}
EPOCH {"epoch": 5, "step": 96, "train_kl": 0.07577591910376213, "e0m3_units": 33151, "hard_flips": 25292, "tau": 1.0, "lr": 0.02, "epoch_seconds": 24.004240036010742}
EPOCH {"epoch": 6, "step": 112, "train_kl": 0.06405494688078761, "e0m3_units": 65274, "hard_flips": 34563, "tau": 1.0, "lr": 0.02, "epoch_seconds": 24.010488748550415}
EPOCH {"epoch": 7, "step": 128, "train_kl": 0.05814847547298996, "e0m3_units": 94438, "hard_flips": 34838, "tau": 1.0, "lr": 0.02, "epoch_seconds": 24.13243317604065}
EPOCH {"epoch": 8, "step": 144, "train_kl": 0.052874888337100856, "e0m3_units": 118549, "hard_flips": 34801, "tau": 1.0, "lr": 0.02, "epoch_seconds": 24.204174995422363}
EPOCH {"epoch": 9, "step": 160, "train_kl": 0.05008824373362586, "e0m3_units": 141160, "hard_flips": 38851, "tau": 1.0, "lr": 0.02, "epoch_seconds": 24.141244649887085}
EPOCH {"epoch": 10, "step": 176, "train_kl": 0.047003519441204844, "e0m3_units": 160227, "hard_flips": 36485, "tau": 1.0, "lr": 0.02, "epoch_seconds": 24.56908345222473}
EPOCH {"epoch": 11, "step": 192, "train_kl": 0.044510469160741195, "e0m3_units": 177439, "hard_flips": 37364, "tau": 1.0, "lr": 0.02, "epoch_seconds": 24.37058138847351}
EPOCH {"epoch": 12, "step": 208, "train_kl": 0.04299881912447745, "e0m3_units": 193495, "hard_flips": 37494, "tau": 1.0, "lr": 0.02, "epoch_seconds": 24.351197004318237}
EPOCH {"epoch": 13, "step": 224, "train_kl": 0.04074138362921076, "e0m3_units": 208151, "hard_flips": 38054, "tau": 1.0, "lr": 0.02, "epoch_seconds": 24.44164729118347}
EPOCH {"epoch": 14, "step": 240, "train_kl": 0.040159175216103904, "e0m3_units": 223288, "hard_flips": 40495, "tau": 1.0, "lr": 0.02, "epoch_seconds": 24.49216866493225}
EPOCH {"epoch": 15, "step": 256, "train_kl": 0.03852872794595896, "e0m3_units": 237217, "hard_flips": 39285, "tau": 1.0, "lr": 0.02, "epoch_seconds": 24.47537899017334}
EPOCH {"epoch": 16, "step": 272, "train_kl": 0.03769613929762272, "e0m3_units": 250453, "hard_flips": 40452, "tau": 1.0, "lr": 0.02, "epoch_seconds": 24.558979511260986}
EPOCH {"epoch": 17, "step": 288, "train_kl": 0.036874889312457526, "e0m3_units": 263733, "hard_flips": 42066, "tau": 1.0, "lr": 0.02, "epoch_seconds": 24.441807508468628}
EPOCH {"epoch": 18, "step": 304, "train_kl": 0.03569021319344756, "e0m3_units": 277767, "hard_flips": 46734, "tau": 1.0, "lr": 0.02, "epoch_seconds": 24.451260805130005}
EPOCH {"epoch": 19, "step": 320, "train_kl": 0.034614794627486845, "e0m3_units": 290561, "hard_flips": 44244, "tau": 1.0, "lr": 0.02, "epoch_seconds": 24.482017040252686}
FINAL e0m3=290561
