CANDIDATES {"store": "native packed (lean)", "modules": 196, "dense_fallback_modules": [], "store_gib": 1.4765625} tiles=86016
LEAN {"start_map_mismatches": [], "mixed_map_mismatches": []}
START (no development set) tiles=86016 steps/epoch=16 total=320
EPOCH {"epoch": 0, "step": 16, "train_kl": 0.16892051533795893, "e0m3_units": 0, "hard_flips": 0, "tau": 1.0, "lr": 0.02, "epoch_seconds": 10.17167043685913}
EPOCH {"epoch": 1, "step": 32, "train_kl": 0.1689205156872049, "e0m3_units": 0, "hard_flips": 0, "tau": 1.0, "lr": 0.02, "epoch_seconds": 9.65482759475708}
EPOCH {"epoch": 2, "step": 48, "train_kl": 0.16892051394097507, "e0m3_units": 0, "hard_flips": 0, "tau": 1.0, "lr": 0.02, "epoch_seconds": 9.313151359558105}
EPOCH {"epoch": 3, "step": 64, "train_kl": 0.16472838100162335, "e0m3_units": 194, "hard_flips": 196, "tau": 1.0, "lr": 0.02, "epoch_seconds": 9.432611465454102}
EPOCH {"epoch": 4, "step": 80, "train_kl": 0.15052527195075527, "e0m3_units": 724, "hard_flips": 560, "tau": 1.0, "lr": 0.02, "epoch_seconds": 9.781345129013062}
EPOCH {"epoch": 5, "step": 96, "train_kl": 0.14390983287012205, "e0m3_units": 1414, "hard_flips": 810, "tau": 1.0, "lr": 0.02, "epoch_seconds": 9.780713558197021}
EPOCH {"epoch": 6, "step": 112, "train_kl": 0.13651969490456395, "e0m3_units": 2340, "hard_flips": 1132, "tau": 1.0, "lr": 0.02, "epoch_seconds": 9.8289954662323}
EPOCH {"epoch": 7, "step": 128, "train_kl": 0.13059113922645338, "e0m3_units": 3307, "hard_flips": 1331, "tau": 1.0, "lr": 0.02, "epoch_seconds": 9.838793992996216}
EPOCH {"epoch": 8, "step": 144, "train_kl": 0.12484868081810419, "e0m3_units": 4276, "hard_flips": 1571, "tau": 1.0, "lr": 0.02, "epoch_seconds": 9.852188348770142}
EPOCH {"epoch": 9, "step": 160, "train_kl": 0.11827415501466021, "e0m3_units": 5297, "hard_flips": 1675, "tau": 1.0, "lr": 0.02, "epoch_seconds": 9.995325565338135}
EPOCH {"epoch": 10, "step": 176, "train_kl": 0.11527864399249665, "e0m3_units": 6171, "hard_flips": 1878, "tau": 1.0, "lr": 0.02, "epoch_seconds": 9.839624404907227}
EPOCH {"epoch": 11, "step": 192, "train_kl": 0.1113895637972746, "e0m3_units": 7155, "hard_flips": 2132, "tau": 1.0, "lr": 0.02, "epoch_seconds": 9.817047595977783}
EPOCH {"epoch": 12, "step": 208, "train_kl": 0.10967005345446523, "e0m3_units": 8112, "hard_flips": 2339, "tau": 1.0, "lr": 0.02, "epoch_seconds": 9.869605541229248}
EPOCH {"epoch": 13, "step": 224, "train_kl": 0.10552010577521287, "e0m3_units": 9056, "hard_flips": 2494, "tau": 1.0, "lr": 0.02, "epoch_seconds": 9.84770679473877}
EPOCH {"epoch": 14, "step": 240, "train_kl": 0.10411476242006756, "e0m3_units": 9894, "hard_flips": 2550, "tau": 1.0, "lr": 0.02, "epoch_seconds": 9.939080476760864}
EPOCH {"epoch": 15, "step": 256, "train_kl": 0.10142159795213956, "e0m3_units": 10712, "hard_flips": 2694, "tau": 1.0, "lr": 0.02, "epoch_seconds": 9.85573410987854}
EPOCH {"epoch": 16, "step": 272, "train_kl": 0.0998762879462447, "e0m3_units": 11381, "hard_flips": 3005, "tau": 1.0, "lr": 0.02, "epoch_seconds": 9.94060206413269}
EPOCH {"epoch": 17, "step": 288, "train_kl": 0.09902837101253681, "e0m3_units": 12139, "hard_flips": 3092, "tau": 1.0, "lr": 0.02, "epoch_seconds": 9.762561321258545}
EPOCH {"epoch": 18, "step": 304, "train_kl": 0.09674611485388596, "e0m3_units": 12998, "hard_flips": 3427, "tau": 1.0, "lr": 0.02, "epoch_seconds": 9.910739183425903}
EPOCH {"epoch": 19, "step": 320, "train_kl": 0.09564170936937444, "e0m3_units": 13658, "hard_flips": 3328, "tau": 1.0, "lr": 0.02, "epoch_seconds": 9.853127717971802}
FINAL e0m3=13658
