cold us; % vs today (A', default dispatch); maps: the typical module of the projection, all-E2M1, all-E0M3
w128 4096x4096 T= 4096 e2m1 today  114.00 us | e  -1.42% eF  -1.09% eU  -1.11% eFU  -1.42% e_t0  -0.84% eU_t0  -1.70% eFU_t0  -1.91% ceil  -2.40% stock  -2.68% | real module model.layers.27.self_attn.o_proj
w128 4096x4096 T= 4096 real today  114.00 us | e  -1.35% eF  -1.53% eU  -1.38% eFU  -1.32% e_t0  -0.88% eU_t0  -1.39% eFU_t0  -1.64% ceil  -2.61% stock  -2.78% | real module model.layers.27.self_attn.o_proj
w128 4096x4096 T= 4096 e0m3 today  113.31 us | e  -1.19% eF  -1.07% eU  -0.90% eFU  -0.69% e_t0  +0.45% eU_t0  -0.83% eFU_t0  -0.93% ceil  -2.24% stock  -1.89% | real module model.layers.27.self_attn.o_proj
w128 4096x4096 T= 1024 e2m1 today   32.03 us | e  -1.75% eF  -1.90% eU  -2.05% eFU  -2.10% e_t0  -1.45% eU_t0  -2.70% eFU_t0  -2.60% ceil  -3.30% stock  -3.00% | real module model.layers.27.self_attn.o_proj
w128 4096x4096 T= 1024 real today   31.90 us | e  -1.61% eF  -1.80% eU  -2.00% eFU  -1.90% e_t0  -1.25% eU_t0  -2.11% eFU_t0  -2.31% ceil  -3.01% stock  -2.61% | real module model.layers.27.self_attn.o_proj
w128 4096x4096 T= 1024 e0m3 today   31.65 us | e  -1.52% eF  -1.31% eU  -1.26% eFU  -1.11% e_t0  +1.42% eU_t0  -1.06% eFU_t0  -0.91% ceil  -2.02% stock  -1.72% | real module model.layers.27.self_attn.o_proj
w128 14336x4096 T= 2048 e2m1 today  195.84 us | e  -0.98% eF  -1.46% eU  -2.49% eFU  -2.42% e_t0  -1.08% eU_t0  -1.85% eFU_t0  -1.93% ceil  -3.01% stock  -2.99% | real module model.layers.22.mlp.gate_proj
w128 14336x4096 T= 2048 real today  195.68 us | e  -0.77% eF  -1.14% eU  -1.22% eFU  -1.05% e_t0  -0.74% eU_t0  -1.26% eFU_t0  -1.49% ceil  -2.84% stock  -2.19% | real module model.layers.22.mlp.gate_proj
w128 14336x4096 T= 2048 e0m3 today  194.83 us | e  -1.08% eF  -0.94% eU  -1.13% eFU  -0.70% e_t0  +0.30% eU_t0  -0.87% eFU_t0  -1.05% ceil  -2.48% stock  -1.89% | real module model.layers.22.mlp.gate_proj
w128 4096x14336 T=  512 e2m1 today   51.62 us | e  -0.19% eF  -0.50% eU  -0.34% eFU  -0.31% e_t0  -0.25% eU_t0  -0.22% eFU_t0  -0.43% ceil  -1.95% stock  -1.95% | real module model.layers.14.mlp.down_proj
w128 4096x14336 T=  512 real today   51.23 us | e  -0.66% eF  -1.06% eU  +0.19% eFU  +0.09% e_t0  +0.53% eU_t0  +0.28% eFU_t0  -0.22% ceil  -1.72% stock  -1.91% | real module model.layers.14.mlp.down_proj
w128 4096x14336 T=  512 e0m3 today   51.28 us | e  -0.87% eF  -0.38% eU  -1.16% eFU  -0.94% e_t0  +2.87% eU_t0  +0.22% eFU_t0  -0.03% ceil  -1.34% stock  -1.56% | real module model.layers.14.mlp.down_proj
w 16 4096x4096 T=   16 e2m1 today    8.51 us | e  -0.38% eF  -0.38% eU  -0.75% eFU  -0.75% e_t0  -0.19% eU_t0  -0.75% eFU_t0  -0.95% ceil  -1.69% stock  -0.75% | real module model.layers.27.self_attn.o_proj
w 16 4096x4096 T=   16 real today    8.46 us | e  -0.01% eF  -0.18% eU  +0.19% eFU  +0.01% e_t0  +0.57% eU_t0  -0.19% eFU_t0  -0.19% ceil  -0.19% stock  -0.38% | real module model.layers.27.self_attn.o_proj
w 16 4096x4096 T=   16 e0m3 today    8.51 us | e  -0.38% eF  -0.00% eU  +0.19% eFU  -0.38% e_t0  -0.00% eU_t0  -0.75% eFU_t0  -0.38% ceil  -0.56% stock  -0.94% | real module model.layers.27.self_attn.o_proj
w 16 14336x4096 T=   16 e2m1 today   22.46 us | e  -0.14% eF  -0.14% eU  -0.36% eFU  -0.28% e_t0  -0.14% eU_t0  -0.43% eFU_t0  -0.28% ceil  -0.28% stock  -0.21% | real module model.layers.22.mlp.gate_proj
w 16 14336x4096 T=   16 real today   22.46 us | e  -0.07% eF  -0.14% eU  -0.00% eFU  -0.14% e_t0  -0.14% eU_t0  -0.28% eFU_t0  -0.15% ceil  -0.14% stock  -0.14% | real module model.layers.22.mlp.gate_proj
w 16 14336x4096 T=   16 e0m3 today   22.46 us | e  -0.07% eF  +0.00% eU  -0.14% eFU  -0.14% e_t0  +0.00% eU_t0  -0.21% eFU_t0  -0.14% ceil  -0.29% stock  -0.28% | real module model.layers.22.mlp.gate_proj
w 16 4096x14336 T=   16 e2m1 today   25.49 us | e  -0.19% eF  -0.13% eU  -0.37% eFU  -0.31% e_t0  -0.25% eU_t0  -0.38% eFU_t0  -0.31% ceil  -0.44% stock  -0.37% | real module model.layers.14.mlp.down_proj
w 16 4096x14336 T=   16 real today   25.49 us | e  -0.06% eF  +0.00% eU  -0.06% eFU  -0.06% e_t0  -0.13% eU_t0  -0.00% eFU_t0  -0.06% ceil  -0.44% stock  -0.31% | real module model.layers.14.mlp.down_proj
w 16 4096x14336 T=   16 e0m3 today   25.55 us | e  -0.19% eF  -0.13% eU  -0.31% eFU  -0.13% e_t0  -0.19% eU_t0  -0.44% eFU_t0  -0.31% ceil  -0.50% stock  -0.69% | real module model.layers.14.mlp.down_proj
