
## llama8b: 3024 bitwise checks, all equal True

### typical: % vs today (per forward)

| T | e | eF | eU | eFU | e_t0 | eF_t0 | eU_t0 | eFU_t0 | today vs stock_ko | ceil vs stock_ko |
|---:|---:|---:|---:|---:|---:|---:|---:|---:|---:|---:|
| 1 | +0.00! | -0.14 | -0.25 | -0.29 | -0.05 | -0.01 | -0.28* | -0.23* | +0.75 | +0.49 |
| 4 | +0.00 | -0.09* | -0.09 | -0.26* | -0.03* | +0.00 | -0.27* | -0.26* | +0.49 | +0.33 |
| 16 | +0.08! | -0.05 | -0.16* | -0.25* | -0.05 | +0.01 | -0.30* | -0.24* | +0.72 | +0.52 |
| 32 | -0.13* | -0.17* | -0.40* | -0.53* | -0.15* | -0.19* | -0.43* | -0.51* | +1.38 | +0.96 |
| 64 | -0.18* | -0.06* | -0.70* | -0.81* | -0.35* | -0.44* | -0.82* | -0.74* | +1.68 | +0.86 |
| 128 | -0.32* | -0.31* | -0.69* | -0.69* | -0.34* | -0.43* | -0.81* | -0.71* | +4.36 | +3.57 |
| 256 | -0.86* | -1.11* | -1.63* | -1.74* | -1.15* | -1.19* | -1.79* | -1.87* | +8.21 | +5.96 |
| 512 | -1.28* | -1.62* | -2.88* | -2.97* | -1.63* | -2.26* | -3.11* | -3.19* | +5.68 | +0.74 |
| 1024 | -0.78* | -1.00* | -0.94* | -0.93* | -0.42* | -0.87* | -0.91* | -0.94* | +3.57 | +1.55 |
| 2048 | -0.90* | -1.17* | -1.27* | -1.19* | -0.94* | -1.16* | -1.69* | -1.77* | +3.12 | -0.06 |
| 4096 | -0.94* | -1.02* | -1.04* | -1.07* | -0.82* | -1.03* | -1.44* | -1.42* | +3.28 | +0.54 |
| 8192 | -0.96* | -0.85* | -0.95* | -0.88* | -0.67* | -0.83* | -1.26* | -1.31* | +3.49 | +0.34 |
| median | -0.55 | -0.58 | -0.82 | -0.84 | -0.38 | -0.64 | -0.86 | -0.84 | | |

### typical: per width, % vs today over the cells at that width (module-weighted)

| width | cells | e | eF | eU | eFU | e_t0 | eF_t0 | eU_t0 | eFU_t0 |
|---:|---:|---:|---:|---:|---:|---:|---:|---:|---:|
| 16 | 30 | +0.00 | -0.08 | -0.19 | -0.30 | -0.06 | -0.03 | -0.33 | -0.30 |
| 32 | 12 | -0.13 | -0.15 | -0.93 | -1.07 | -0.46 | -0.61 | -0.94 | -0.94 |
| 64 | 8 | -0.31 | -0.44 | -0.79 | -0.85 | -0.04 | -0.78 | -0.59 | -0.51 |
| 128 | 34 | -0.97 | -1.00 | -1.11 | -1.07 | -0.80 | -0.99 | -1.45 | -1.48 |

### worst: % vs today (per forward)

| T | e | eF | eU | eFU | e_t0 | eF_t0 | eU_t0 | eFU_t0 | today vs stock_ko | ceil vs stock_ko |
|---:|---:|---:|---:|---:|---:|---:|---:|---:|---:|---:|
| 1 | +0.02 | -0.14* | -0.19* | -0.06* | -0.09* | +0.14! | -0.29* | -0.26* | +0.78 | +0.49 |
| 4 | -0.06 | -0.08* | -0.11* | -0.14* | -0.11* | +0.12! | -0.28* | -0.17* | +0.53 | +0.33 |
| 16 | -0.11* | -0.17* | -0.20* | -0.22* | -0.15* | +0.05 | -0.33* | -0.34* | +0.85 | +0.52 |
| 32 | -0.18* | -0.11 | -0.48* | -0.38* | -0.17* | -0.08 | -0.39* | -0.45* | +1.40 | +0.96 |
| 64 | -0.15* | -0.06 | -0.56* | -0.55* | -0.21* | -0.24* | -0.73* | -0.74* | +1.65 | +0.86 |
| 128 | -0.46* | -0.39* | -0.80* | -0.84* | -0.54* | -0.54* | -0.87* | -0.80* | +4.49 | +3.57 |
| 256 | -1.09* | -1.07* | -1.74* | -1.65* | -1.03* | -1.31* | -1.72* | -1.70* | +8.23 | +5.96 |
| 512 | -1.25* | -1.82* | -2.91* | -2.98* | -1.85* | -2.42* | -3.37* | -3.13* | +5.94 | +0.74 |
| 1024 | -0.89* | -1.11* | -1.16* | -1.23* | -0.63* | -1.17* | -1.03* | -1.10* | +3.94 | +1.55 |
| 2048 | -0.84* | -0.60* | -1.11* | -0.92* | -0.38* | -0.72* | -1.04* | -1.16* | +2.92 | -0.06 |
| 4096 | -0.90* | -1.01* | -0.92* | -0.95* | -0.64* | -0.83* | -1.00 | -1.13* | +3.25 | +0.54 |
| 8192 | -0.90* | -0.98* | -1.09* | -1.22* | -0.85* | -1.05* | -1.33* | -1.45* | +3.65 | +0.34 |
| median | -0.65 | -0.50 | -0.86 | -0.88 | -0.46 | -0.63 | -0.93 | -0.95 | | |

### worst: per width, % vs today over the cells at that width (module-weighted)

| width | cells | e | eF | eU | eFU | e_t0 | eF_t0 | eU_t0 | eFU_t0 |
|---:|---:|---:|---:|---:|---:|---:|---:|---:|---:|
| 16 | 30 | -0.05 | -0.13 | -0.18 | -0.14 | -0.12 | +0.09 | -0.34 | -0.29 |
| 32 | 12 | -0.19 | -0.07 | -0.88 | -0.99 | -0.46 | -0.53 | -0.82 | -0.93 |
| 64 | 8 | -0.42 | -0.34 | -0.95 | -0.85 | +0.07 | -0.75 | -0.40 | -0.42 |
| 128 | 34 | -0.93 | -1.01 | -1.14 | -1.20 | -0.79 | -1.02 | -1.31 | -1.41 |

## phi4: 1728 bitwise checks, all equal True

### typical: % vs today (per forward)

| T | e | eF | eU | eFU | e_t0 | eF_t0 | eU_t0 | eFU_t0 | today vs stock_ko | ceil vs stock_ko |
|---:|---:|---:|---:|---:|---:|---:|---:|---:|---:|---:|
| 1 | +0.15! | -0.32* | +0.07 | +0.06 | -0.22* | -0.01 | -0.28* | +0.01 | +0.36 | +0.11 |
| 4 | +0.26! | -0.25* | +0.07! | +0.11! | +0.01 | +0.16! | -0.28* | +0.24! | +0.13 | +0.05 |
| 16 | +0.29! | -0.26* | +0.23! | -0.00 | -0.18* | +0.10 | -0.31* | +0.12 | +0.37 | +0.17 |
| 32 | +0.22! | -0.31* | -0.17* | -0.09 | -0.36* | -0.07 | -0.55* | -0.14* | +0.63 | +0.30 |
| 64 | +0.19! | -0.35* | -0.26* | -0.23* | -0.41* | -0.15* | -0.57* | -0.30* | +0.80 | +0.18 |
| 128 | -0.27* | -0.74* | -0.77* | -0.90* | -0.84* | -0.60* | -1.43* | -0.79* | +2.11 | +0.96 |
| 256 | -0.69* | -0.88* | -1.16* | -1.36* | -0.71* | -1.16* | -1.70* | -1.52* | +2.69 | +0.20 |
| 512 | -0.74* | -0.98* | -1.09* | -1.28* | -0.76* | -0.95* | -1.64* | -1.59* | +2.70 | -0.05 |
| 1024 | -0.57* | -0.62* | -0.48* | -0.38* | -0.32* | -0.29* | -0.69* | -0.72* | +2.59 | +0.28 |
| 2048 | -0.74* | -0.96* | -0.80* | -0.80* | -0.46* | -0.61* | -1.03* | -1.08* | +2.88 | +0.37 |
| 4096 | -0.65* | -0.73* | -0.74* | -0.73* | -0.56* | -0.64* | -1.08* | -1.11* | +2.29 | -0.11 |
| 8192 | -0.66* | -0.71* | -0.91* | -0.97* | -0.60* | -0.86* | -1.38* | -1.25* | +2.40 | -0.24 |
| median | -0.42 | -0.66 | -0.61 | -0.55 | -0.44 | -0.44 | -0.86 | -0.75 | | |

### typical: per width, % vs today over the cells at that width (module-weighted)

| width | cells | e | eF | eU | eFU | e_t0 | eF_t0 | eU_t0 | eFU_t0 |
|---:|---:|---:|---:|---:|---:|---:|---:|---:|---:|
| 16 | 14 | +0.24 | -0.30 | +0.11 | +0.01 | -0.18 | +0.12 | -0.37 | +0.11 |
| 32 | 5 | +0.17 | -0.37 | -0.32 | -0.34 | -0.38 | -0.24 | -0.64 | -0.33 |
| 64 | 6 | +0.03 | -0.24 | -0.62 | -0.63 | -0.52 | -0.44 | -1.17 | -0.73 |
| 128 | 23 | -0.67 | -0.76 | -0.84 | -0.86 | -0.57 | -0.75 | -1.22 | -1.17 |

### worst: % vs today (per forward)

| T | e | eF | eU | eFU | e_t0 | eF_t0 | eU_t0 | eFU_t0 | today vs stock_ko | ceil vs stock_ko |
|---:|---:|---:|---:|---:|---:|---:|---:|---:|---:|---:|
| 1 | +0.14! | +0.34 | -0.22* | +0.36! | +0.19! | +0.12 | +0.25! | -0.17* | +0.11 | +0.11 |
| 4 | +0.05 | +0.30! | -0.34* | +0.30! | +0.08 | +0.15! | +0.19! | -0.19* | +0.01 | +0.05 |
| 16 | -0.00 | +0.37! | -0.35* | +0.28! | -0.02 | +0.04 | +0.11! | -0.24* | +0.17 | +0.17 |
| 32 | -0.15 | +0.17! | -0.51* | +0.12! | -0.06 | -0.20* | +0.02 | -0.31* | +0.47 | +0.30 |
| 64 | +0.06! | +0.30! | -0.72* | +0.00 | -0.18* | -0.10 | +0.01 | -0.56* | +0.61 | +0.18 |
| 128 | -0.33* | -0.16 | -0.99* | -0.53* | -0.58* | -0.67* | -0.62* | -1.13* | +1.78 | +0.96 |
| 256 | -0.73* | -0.79* | -1.18* | -1.22* | -0.65* | -1.06* | -1.40* | -1.51* | +2.55 | +0.20 |
| 512 | -0.80* | -1.19* | -1.25* | -1.43* | -0.95* | -1.20* | -1.61* | -1.67* | +2.89 | -0.05 |
| 1024 | -0.64* | -0.76* | -0.50* | -0.83* | -0.62* | -0.64* | -0.87* | -0.97* | +2.76 | +0.28 |
| 2048 | -0.73* | -0.67* | -0.64* | -0.65* | -0.38* | -0.58* | -0.97* | -1.05* | +2.81 | +0.37 |
| 4096 | -0.73* | -0.93* | -0.97* | -0.94* | -0.68* | -0.80* | -1.28* | -1.24* | +2.50 | -0.11 |
| 8192 | -0.68* | -0.90* | -0.96* | -1.02* | -0.62* | -0.82* | -1.19* | -1.15* | +2.50 | -0.24 |
| median | -0.48 | -0.41 | -0.68 | -0.59 | -0.48 | -0.61 | -0.74 | -1.01 | | |

### worst: per width, % vs today over the cells at that width (module-weighted)

| width | cells | e | eF | eU | eFU | e_t0 | eF_t0 | eU_t0 | eFU_t0 |
|---:|---:|---:|---:|---:|---:|---:|---:|---:|---:|
| 16 | 14 | -0.02 | +0.33 | -0.36 | +0.30 | +0.04 | +0.03 | +0.17 | -0.24 |
| 32 | 5 | -0.17 | +0.27 | -0.66 | +0.01 | -0.22 | -0.16 | -0.07 | -0.50 |
| 64 | 6 | +0.16 | +0.21 | -0.78 | -0.26 | +0.03 | -0.23 | -0.35 | -0.70 |
| 128 | 23 | -0.70 | -0.88 | -0.90 | -0.96 | -0.62 | -0.79 | -1.18 | -1.18 |
