2026-09-26T14:05:12Z START tc_regression_g1_ste /home/dev/.conda/envs/n16k64/bin/python run_train_map.py --model llama8b --data-root /home/dev/n16k64_campaign/cost_comparison/data --transformers-deviation --unit 8x64 --param ste --lr 0.02 --init-logit -0.2 --epochs 3 --eval-every 1 --record-theta-hashes --tm-opt --no-tile-grad-kernel --dev-backend fake --eval-backend fake --out /home/dev/n16k64_campaign/tm_opt/runs/tc_regression_g1_ste
2026-09-26T14:11:01Z END tc_regression_g1_ste rc=0
2026-09-26T14:11:02Z PASS tc_regression
2026-09-26T14:11:02Z START profile_tmopt /home/dev/.conda/envs/n16k64/bin/python run_train_map.py --model llama8b --data-root /home/dev/n16k64_campaign/cost_comparison/data --transformers-deviation --unit 8x64 --tm-opt --param ste --lr 0.02 --init-logit -1 --epochs 20 --eval-every 2 --profile /home/dev/n16k64_campaign/tm_opt/runs/profile_tmopt_llama8b_8x64.json --out /home/dev/n16k64_campaign/tm_opt/runs/profile_tmopt
2026-09-26T14:13:32Z END profile_tmopt rc=0
2026-09-26T14:13:32Z START profile_tmopt_tc /home/dev/.conda/envs/n16k64/bin/python run_train_map.py --model llama8b --data-root /home/dev/n16k64_campaign/cost_comparison/data --transformers-deviation --unit 8x64 --tm-opt --param ste --lr 0.02 --init-logit -1 --epochs 20 --eval-every 2 --tile-grad-tc --profile /home/dev/n16k64_campaign/tm_opt/runs/profile_tmopt_tc_llama8b_8x64.json --out /home/dev/n16k64_campaign/tm_opt/runs/profile_tmopt_tc
2026-09-26T14:15:49Z END profile_tmopt_tc rc=0
2026-09-26T14:15:49Z START unit_tc /home/dev/.conda/envs/n16k64/bin/python repro_local/realquant/test_tile_grad_tc.py /home/dev/n16k64_campaign/tm_opt/runs/unit_tests_tc.json
2026-09-26T14:16:23Z END unit_tc rc=1
2026-09-26T14:16:23Z STOP run failed: unit_tc
2026-09-26T14:53:22Z START tc_llama8b_8x64 /home/dev/.conda/envs/n16k64/bin/python run_train_map.py --model llama8b --data-root /home/dev/n16k64_campaign/cost_comparison/data --transformers-deviation --unit 8x64 --tm-opt --param ste --lr 0.02 --init-logit -1 --epochs 20 --eval-every 2 --tile-grad-tc --out /home/dev/n16k64_campaign/tm_opt/runs/tc_llama8b_8x64
2026-09-26T15:05:48Z END tc_llama8b_8x64 rc=0
2026-09-26T15:05:48Z START tc_llama8b_16x64 /home/dev/.conda/envs/n16k64/bin/python run_train_map.py --model llama8b --data-root /home/dev/n16k64_campaign/cost_comparison/data --transformers-deviation --unit 16x64 --tm-opt --param ste --lr 0.02 --init-logit -1 --epochs 20 --eval-every 2 --tile-grad-tc --out /home/dev/n16k64_campaign/tm_opt/runs/tc_llama8b_16x64
2026-09-26T15:18:12Z END tc_llama8b_16x64 rc=0
2026-09-26T15:18:12Z START tc_llama8b_256x64 /home/dev/.conda/envs/n16k64/bin/python run_train_map.py --model llama8b --data-root /home/dev/n16k64_campaign/cost_comparison/data --transformers-deviation --unit 256x64 --tm-opt --param ste --lr 0.02 --init-logit -1 --epochs 20 --eval-every 2 --tile-grad-tc --out /home/dev/n16k64_campaign/tm_opt/runs/tc_llama8b_256x64
2026-09-26T15:30:39Z END tc_llama8b_256x64 rc=0
2026-09-26T15:30:39Z START tc_mistral7b_8x64 /home/dev/.conda/envs/n16k64/bin/python run_train_map.py --model mistral7b --data-root /home/dev/n16k64_campaign/multimodel/data --unit 8x64 --tm-opt --param ste --lr 0.02 --init-logit -1 --epochs 20 --eval-every 2 --tile-grad-tc --out /home/dev/n16k64_campaign/tm_opt/runs/tc_mistral7b_8x64
2026-09-26T15:40:53Z END tc_mistral7b_8x64 rc=0
2026-09-26T15:40:53Z START tc_mistral7b_16x64 /home/dev/.conda/envs/n16k64/bin/python run_train_map.py --model mistral7b --data-root /home/dev/n16k64_campaign/multimodel/data --unit 16x64 --tm-opt --param ste --lr 0.02 --init-logit -1 --epochs 20 --eval-every 2 --tile-grad-tc --out /home/dev/n16k64_campaign/tm_opt/runs/tc_mistral7b_16x64
2026-09-26T15:51:10Z END tc_mistral7b_16x64 rc=0
2026-09-26T15:51:10Z START tc_mistral7b_256x64 /home/dev/.conda/envs/n16k64/bin/python run_train_map.py --model mistral7b --data-root /home/dev/n16k64_campaign/multimodel/data --unit 256x64 --tm-opt --param ste --lr 0.02 --init-logit -1 --epochs 20 --eval-every 2 --tile-grad-tc --out /home/dev/n16k64_campaign/tm_opt/runs/tc_mistral7b_256x64
2026-09-26T16:01:21Z END tc_mistral7b_256x64 rc=0
2026-09-26T16:01:21Z START tc_phi4_8x64 /home/dev/.conda/envs/n16k64/bin/python run_train_map.py --model phi4 --data-root /home/dev/n16k64_campaign/multimodel/data --unit 8x64 --tm-opt --param ste --lr 0.02 --init-logit -1 --epochs 20 --eval-every 2 --tile-grad-tc --out /home/dev/n16k64_campaign/tm_opt/runs/tc_phi4_8x64
2026-09-26T16:20:55Z END tc_phi4_8x64 rc=0
2026-09-26T16:20:55Z START tc_phi4_16x64 /home/dev/.conda/envs/n16k64/bin/python run_train_map.py --model phi4 --data-root /home/dev/n16k64_campaign/multimodel/data --unit 16x64 --tm-opt --param ste --lr 0.02 --init-logit -1 --epochs 20 --eval-every 2 --tile-grad-tc --out /home/dev/n16k64_campaign/tm_opt/runs/tc_phi4_16x64
2026-09-26T16:40:28Z END tc_phi4_16x64 rc=0
2026-09-26T16:40:28Z START tc_phi4_256x64 /home/dev/.conda/envs/n16k64/bin/python run_train_map.py --model phi4 --data-root /home/dev/n16k64_campaign/multimodel/data --unit 256x64 --tm-opt --param ste --lr 0.02 --init-logit -1 --epochs 20 --eval-every 2 --tile-grad-tc --out /home/dev/n16k64_campaign/tm_opt/runs/tc_phi4_256x64
2026-09-26T17:00:05Z END tc_phi4_256x64 rc=0
2026-09-26T17:00:05Z TC RUNS DONE
2026-09-26T17:00:05Z START tc_llama8b_eval_native /home/dev/.conda/envs/n16k64/bin/python run_multiround.py --model llama8b --data-root /home/dev/n16k64_campaign/cost_comparison/data --transformers-deviation --objective kl --memory-mode lean --unit 8x64 --fused-act-quant --single-pass-epilogue --eval-backend native --evaluate-map FourOverSix=fourover6 --evaluate-map tmopt-8x64=/home/dev/n16k64_campaign/tm_opt/runs/g2_tmopt/map.pt --evaluate-map tc-8x64=/home/dev/n16k64_campaign/tm_opt/runs/tc_llama8b_8x64/map.pt --evaluate-map tmopt-16x64=/home/dev/n16k64_campaign/tm_opt/runs/tm_llama8b_16x64/map.pt --evaluate-map tc-16x64=/home/dev/n16k64_campaign/tm_opt/runs/tc_llama8b_16x64/map.pt --evaluate-map tmopt-256x64=/home/dev/n16k64_campaign/tm_opt/runs/tm_llama8b_256x64/map.pt --evaluate-map tc-256x64=/home/dev/n16k64_campaign/tm_opt/runs/tc_llama8b_256x64/map.pt --out /home/dev/n16k64_campaign/tm_opt/runs/tc_llama8b_eval_native
2026-09-26T17:06:24Z END tc_llama8b_eval_native rc=0
2026-09-26T17:06:24Z START tc_llama8b_eval_fake /home/dev/.conda/envs/n16k64/bin/python run_multiround.py --model llama8b --data-root /home/dev/n16k64_campaign/cost_comparison/data --transformers-deviation --objective kl --memory-mode lean --unit 8x64 --fused-act-quant --single-pass-epilogue --eval-backend fake --evaluate-map FourOverSix=fourover6 --evaluate-map tc-8x64=/home/dev/n16k64_campaign/tm_opt/runs/tc_llama8b_8x64/map.pt --evaluate-map tc-16x64=/home/dev/n16k64_campaign/tm_opt/runs/tc_llama8b_16x64/map.pt --evaluate-map tc-256x64=/home/dev/n16k64_campaign/tm_opt/runs/tc_llama8b_256x64/map.pt --out /home/dev/n16k64_campaign/tm_opt/runs/tc_llama8b_eval_fake
2026-09-26T17:12:07Z END tc_llama8b_eval_fake rc=0
2026-09-26T17:12:07Z START tc_mistral7b_eval_native /home/dev/.conda/envs/n16k64/bin/python run_multiround.py --model mistral7b --data-root /home/dev/n16k64_campaign/multimodel/data --objective kl --memory-mode lean --unit 8x64 --fused-act-quant --single-pass-epilogue --eval-backend native --evaluate-map FourOverSix=fourover6 --evaluate-map tmopt-8x64=/home/dev/n16k64_campaign/tm_opt/runs/tm_mistral7b_8x64/map.pt --evaluate-map tc-8x64=/home/dev/n16k64_campaign/tm_opt/runs/tc_mistral7b_8x64/map.pt --evaluate-map tmopt-16x64=/home/dev/n16k64_campaign/tm_opt/runs/tm_mistral7b_16x64/map.pt --evaluate-map tc-16x64=/home/dev/n16k64_campaign/tm_opt/runs/tc_mistral7b_16x64/map.pt --evaluate-map tmopt-256x64=/home/dev/n16k64_campaign/tm_opt/runs/tm_mistral7b_256x64/map.pt --evaluate-map tc-256x64=/home/dev/n16k64_campaign/tm_opt/runs/tc_mistral7b_256x64/map.pt --out /home/dev/n16k64_campaign/tm_opt/runs/tc_mistral7b_eval_native
2026-09-26T17:18:14Z END tc_mistral7b_eval_native rc=0
2026-09-26T17:18:14Z START tc_mistral7b_eval_fake /home/dev/.conda/envs/n16k64/bin/python run_multiround.py --model mistral7b --data-root /home/dev/n16k64_campaign/multimodel/data --objective kl --memory-mode lean --unit 8x64 --fused-act-quant --single-pass-epilogue --eval-backend fake --evaluate-map FourOverSix=fourover6 --evaluate-map tc-8x64=/home/dev/n16k64_campaign/tm_opt/runs/tc_mistral7b_8x64/map.pt --evaluate-map tc-16x64=/home/dev/n16k64_campaign/tm_opt/runs/tc_mistral7b_16x64/map.pt --evaluate-map tc-256x64=/home/dev/n16k64_campaign/tm_opt/runs/tc_mistral7b_256x64/map.pt --out /home/dev/n16k64_campaign/tm_opt/runs/tc_mistral7b_eval_fake
2026-09-26T17:23:53Z END tc_mistral7b_eval_fake rc=0
2026-09-26T17:23:53Z START tc_phi4_eval_native /home/dev/.conda/envs/n16k64/bin/python run_multiround.py --model phi4 --data-root /home/dev/n16k64_campaign/multimodel/data --objective kl --memory-mode lean --unit 8x64 --fused-act-quant --single-pass-epilogue --eval-backend native --evaluate-map FourOverSix=fourover6 --evaluate-map tmopt-8x64=/home/dev/n16k64_campaign/tm_opt/runs/tm_phi4_8x64/map.pt --evaluate-map tc-8x64=/home/dev/n16k64_campaign/tm_opt/runs/tc_phi4_8x64/map.pt --evaluate-map tmopt-16x64=/home/dev/n16k64_campaign/tm_opt/runs/tm_phi4_16x64/map.pt --evaluate-map tc-16x64=/home/dev/n16k64_campaign/tm_opt/runs/tc_phi4_16x64/map.pt --evaluate-map tmopt-256x64=/home/dev/n16k64_campaign/tm_opt/runs/tm_phi4_256x64/map.pt --evaluate-map tc-256x64=/home/dev/n16k64_campaign/tm_opt/runs/tc_phi4_256x64/map.pt --out /home/dev/n16k64_campaign/tm_opt/runs/tc_phi4_eval_native
2026-09-26T17:33:31Z END tc_phi4_eval_native rc=0
2026-09-26T17:33:31Z START tc_phi4_eval_fake /home/dev/.conda/envs/n16k64/bin/python run_multiround.py --model phi4 --data-root /home/dev/n16k64_campaign/multimodel/data --objective kl --memory-mode lean --unit 8x64 --fused-act-quant --single-pass-epilogue --eval-backend fake --evaluate-map FourOverSix=fourover6 --evaluate-map tc-8x64=/home/dev/n16k64_campaign/tm_opt/runs/tc_phi4_8x64/map.pt --evaluate-map tc-16x64=/home/dev/n16k64_campaign/tm_opt/runs/tc_phi4_16x64/map.pt --evaluate-map tc-256x64=/home/dev/n16k64_campaign/tm_opt/runs/tc_phi4_256x64/map.pt --out /home/dev/n16k64_campaign/tm_opt/runs/tc_phi4_eval_fake
2026-09-26T17:43:25Z END tc_phi4_eval_fake rc=0
2026-09-26T17:43:25Z TC EVALUATIONS DONE
2026-09-26T17:43:25Z START tc_probe_nondet /home/dev/.conda/envs/n16k64/bin/python run_train_map.py --model llama8b --data-root /home/dev/n16k64_campaign/cost_comparison/data --transformers-deviation --unit 8x64 --tm-opt --tile-grad-tc --no-deterministic --param ste --lr 0.02 --init-logit -1 --epochs 3 --eval-every 2 --out /home/dev/n16k64_campaign/tm_opt/runs/tc_probe_nondet
2026-09-26T17:47:47Z END tc_probe_nondet rc=0
2026-09-26T17:47:47Z TC DONE
