2026-09-26T07:06:32Z START unit_tests /home/dev/.conda/envs/n16k64/bin/python repro_local/realquant/test_tm_opt.py /home/dev/n16k64_campaign/tm_opt/runs/unit_tests.json
2026-09-26T07:07:02Z END unit_tests rc=1
2026-09-26T07:07:02Z STOP run failed: unit_tests
2026-09-26T07:15:22Z QUEUE 2 (deviation 2: B1 out of the TM-OPT preset; group 2 = one full TM-OPT run)
2026-09-26T07:15:22Z START g1_ste_legacy /home/dev/.conda/envs/n16k64/bin/python run_train_map.py --model llama8b --data-root /home/dev/n16k64_campaign/cost_comparison/data --transformers-deviation --unit 8x64 --param ste --lr 0.02 --init-logit -0.2 --epochs 3 --eval-every 1 --record-theta-hashes --deterministic --out /home/dev/n16k64_campaign/tm_opt/runs/g1_ste_legacy
2026-09-26T07:25:48Z END g1_ste_legacy rc=0
2026-09-26T07:25:48Z START g1_ste_tmopt_nob1 env PYTORCH_CUDA_ALLOC_CONF=expandable_segments:True /home/dev/.conda/envs/n16k64/bin/python run_train_map.py --model llama8b --data-root /home/dev/n16k64_campaign/cost_comparison/data --transformers-deviation --unit 8x64 --param ste --lr 0.02 --init-logit -0.2 --epochs 3 --eval-every 1 --record-theta-hashes --tm-opt --no-tile-grad-kernel --dev-backend fake --eval-backend fake --out /home/dev/n16k64_campaign/tm_opt/runs/g1_ste_tmopt_nob1
2026-09-26T07:31:37Z END g1_ste_tmopt_nob1 rc=0
2026-09-26T07:31:38Z PASS g1_ste
2026-09-26T07:31:38Z START g1_sig_legacy /home/dev/.conda/envs/n16k64/bin/python run_train_map.py --model llama8b --data-root /home/dev/n16k64_campaign/cost_comparison/data --transformers-deviation --unit 8x64 --param sigmoid --lr 0.05 --init-logit -3 --epochs 2 --eval-every 1 --record-theta-hashes --deterministic --out /home/dev/n16k64_campaign/tm_opt/runs/g1_sig_legacy
2026-09-26T07:40:49Z END g1_sig_legacy rc=0
2026-09-26T07:40:49Z START g1_sig_tmopt_nob1 env PYTORCH_CUDA_ALLOC_CONF=expandable_segments:True /home/dev/.conda/envs/n16k64/bin/python run_train_map.py --model llama8b --data-root /home/dev/n16k64_campaign/cost_comparison/data --transformers-deviation --unit 8x64 --param sigmoid --lr 0.05 --init-logit -3 --epochs 2 --eval-every 1 --record-theta-hashes --tm-opt --no-tile-grad-kernel --dev-backend fake --eval-backend fake --out /home/dev/n16k64_campaign/tm_opt/runs/g1_sig_tmopt_nob1
2026-09-26T07:46:24Z END g1_sig_tmopt_nob1 rc=0
2026-09-26T07:46:25Z PASS g1_sig
2026-09-26T07:46:25Z GROUP 1 PASSED
2026-09-26T07:46:25Z START g2_tmopt env PYTORCH_CUDA_ALLOC_CONF=expandable_segments:True /home/dev/.conda/envs/n16k64/bin/python run_train_map.py --model llama8b --data-root /home/dev/n16k64_campaign/cost_comparison/data --transformers-deviation --unit 8x64 --param ste --lr 0.02 --init-logit -1 --epochs 20 --eval-every 2 --tm-opt --out /home/dev/n16k64_campaign/tm_opt/runs/g2_tmopt
2026-09-26T08:03:36Z END g2_tmopt rc=0
2026-09-26T08:03:36Z START g2_eval_native env PYTORCH_CUDA_ALLOC_CONF=expandable_segments:True /home/dev/.conda/envs/n16k64/bin/python run_multiround.py --model llama8b --data-root /home/dev/n16k64_campaign/cost_comparison/data --transformers-deviation --objective kl --memory-mode lean --unit 8x64 --fused-act-quant --single-pass-epilogue --eval-backend native --evaluate-map FourOverSix=fourover6 --evaluate-map tmopt=/home/dev/n16k64_campaign/tm_opt/runs/g2_tmopt/map.pt --out /home/dev/n16k64_campaign/tm_opt/runs/g2_eval_native
2026-09-26T08:06:11Z END g2_eval_native rc=0
2026-09-26T08:06:11Z START g2_eval_fake env PYTORCH_CUDA_ALLOC_CONF=expandable_segments:True /home/dev/.conda/envs/n16k64/bin/python run_multiround.py --model llama8b --data-root /home/dev/n16k64_campaign/cost_comparison/data --transformers-deviation --objective kl --memory-mode lean --unit 8x64 --fused-act-quant --single-pass-epilogue --eval-backend fake --evaluate-map FourOverSix=fourover6 --evaluate-map tmopt=/home/dev/n16k64_campaign/tm_opt/runs/g2_tmopt/map.pt --out /home/dev/n16k64_campaign/tm_opt/runs/g2_eval_fake
2026-09-26T08:09:34Z END g2_eval_fake rc=0
2026-09-26T08:09:35Z PASS g2_e2e
2026-09-26T08:09:35Z DONE: TM-OPT verification complete (stop and report)
