2026-09-25T03:28:41Z mistral7b START batch_batched /home/dev/.conda/envs/n16k64/bin/python run_multiround.py --model mistral7b --objective kl --data-root /home/dev/n16k64_campaign/multimodel/data --memory-mode lean --unit 8x64 --dev-backend native --deterministic --skip-ce-backward --stop-after-scoring --dump-round0-scores --record-dev-values --eval-batch 16 --score-batch 8 --out /home/dev/n16k64_campaign/multimodel/runs/mistral7b/batch_batched
2026-09-25T03:31:35Z mistral7b END batch_batched rc=0
2026-09-25T03:31:35Z mistral7b START batch_single /home/dev/.conda/envs/n16k64/bin/python run_multiround.py --model mistral7b --objective kl --data-root /home/dev/n16k64_campaign/multimodel/data --memory-mode lean --unit 8x64 --dev-backend native --deterministic --skip-ce-backward --stop-after-scoring --dump-round0-scores --record-dev-values --eval-batch 1 --score-batch 1 --out /home/dev/n16k64_campaign/multimodel/runs/mistral7b/batch_single
2026-09-25T03:35:22Z mistral7b END batch_single rc=0
2026-09-25T03:35:24Z mistral7b CHECK batching identical=False eval_batch=1 score_batch=1
2026-09-25T03:35:24Z mistral7b START pre_native /home/dev/.conda/envs/n16k64/bin/python run_multiround.py --model mistral7b --objective kl --data-root /home/dev/n16k64_campaign/multimodel/data --memory-mode lean --unit 8x64 --eval-backend native --evaluate-map FourOverSix=fourover6 --out /home/dev/n16k64_campaign/multimodel/runs/mistral7b/pre_native
2026-09-25T03:37:16Z mistral7b END pre_native rc=0
2026-09-25T03:37:16Z mistral7b START pre_fake /home/dev/.conda/envs/n16k64/bin/python run_multiround.py --model mistral7b --objective kl --data-root /home/dev/n16k64_campaign/multimodel/data --memory-mode lean --unit 8x64 --eval-backend fake --evaluate-map FourOverSix=fourover6 --out /home/dev/n16k64_campaign/multimodel/runs/mistral7b/pre_fake
2026-09-25T03:41:08Z mistral7b END pre_fake rc=0
2026-09-25T03:41:08Z mistral7b CHECK precheck rc=0
2026-09-25T03:41:08Z mistral7b START calib_8x64 /home/dev/.conda/envs/n16k64/bin/python run_multiround.py --model mistral7b --objective kl --data-root /home/dev/n16k64_campaign/multimodel/data --memory-mode lean --unit 8x64 --dev-backend native --skip-ce-backward --deterministic --eval-batch 1 --score-batch 1 --budget-hours 12 --record-dev-values --out /home/dev/n16k64_campaign/multimodel/runs/mistral7b/calib_8x64
2026-09-25T05:05:17Z mistral7b END calib_8x64 rc=0
2026-09-25T05:05:17Z mistral7b START calib_256x64 /home/dev/.conda/envs/n16k64/bin/python run_multiround.py --model mistral7b --objective kl --data-root /home/dev/n16k64_campaign/multimodel/data --memory-mode lean --unit 256x64 --dev-backend native --skip-ce-backward --deterministic --eval-batch 1 --score-batch 1 --budget-hours 12 --record-dev-values --out /home/dev/n16k64_campaign/multimodel/runs/mistral7b/calib_256x64
2026-09-25T06:07:56Z mistral7b END calib_256x64 rc=0
2026-09-25T06:07:56Z mistral7b START eval_native /home/dev/.conda/envs/n16k64/bin/python run_multiround.py --model mistral7b --objective kl --data-root /home/dev/n16k64_campaign/multimodel/data --memory-mode lean --unit 8x64 --eval-backend native --evaluate-map FourOverSix=fourover6 --evaluate-map NVFP4=nvfp4 --evaluate-map MixFP4-8x64=/home/dev/n16k64_campaign/multimodel/runs/mistral7b/calib_8x64/map.pt --evaluate-map MixFP4-256x64=/home/dev/n16k64_campaign/multimodel/runs/mistral7b/calib_256x64/map.pt --out /home/dev/n16k64_campaign/multimodel/runs/mistral7b/eval_native
2026-09-25T06:12:24Z mistral7b END eval_native rc=0
2026-09-25T06:12:24Z mistral7b START eval_fake /home/dev/.conda/envs/n16k64/bin/python run_multiround.py --model mistral7b --objective kl --data-root /home/dev/n16k64_campaign/multimodel/data --memory-mode lean --unit 8x64 --eval-backend fake --evaluate-map FourOverSix=fourover6 --evaluate-map NVFP4=nvfp4 --evaluate-map MixFP4-8x64=/home/dev/n16k64_campaign/multimodel/runs/mistral7b/calib_8x64/map.pt --evaluate-map MixFP4-256x64=/home/dev/n16k64_campaign/multimodel/runs/mistral7b/calib_256x64/map.pt --out /home/dev/n16k64_campaign/multimodel/runs/mistral7b/eval_fake
2026-09-25T06:24:47Z mistral7b END eval_fake rc=0
2026-09-25T06:24:47Z mistral7b START eval_bf16 /home/dev/.conda/envs/n16k64/bin/python run_multiround.py --model mistral7b --objective kl --data-root /home/dev/n16k64_campaign/multimodel/data --memory-mode lean --unit 8x64 --eval-backend fake --evaluate-map BF16=bf16 --out /home/dev/n16k64_campaign/multimodel/runs/mistral7b/eval_bf16
2026-09-25T06:26:25Z mistral7b END eval_bf16 rc=0
2026-09-25T06:26:25Z mistral7b MODEL DONE rc=0
