2026-09-30T10:51:32+00:00 prefill llama8b round 1 order ours-8x64,ours-8x64-opt,fo6,fo6-wB
2026-09-30T10:51:32+00:00 START prefill_llama8b_ours-8x64_r1 /home/dev/.conda/envs/n16k64/bin/python /home/dev/NVFP4-RaZeR/experiments/paper/bench_prefill.py --model llama8b --label ours-8x64 --round 1 --shapes 1x128,1x256,1x512,1x1024,1x2048,1x4096,1x8192,4x2048 --reps 7 --out /home/dev/n16k64_campaign/kernel_opt/e2e/prefill/llama8b/ours-8x64/round1.json --artifact /home/dev/n16k64_campaign/paper/artifacts/llama8b_tc_8x64 --kernel n8k64_wB
2026-09-30T10:52:08+00:00 END prefill_llama8b_ours-8x64_r1 rc=0
2026-09-30T10:52:08+00:00 START prefill_llama8b_ours-8x64-opt_r1 /home/dev/.conda/envs/n16k64/bin/python /home/dev/NVFP4-RaZeR/experiments/paper/bench_prefill.py --model llama8b --label ours-8x64-opt --round 1 --shapes 1x128,1x256,1x512,1x1024,1x2048,1x4096,1x8192,4x2048 --reps 7 --out /home/dev/n16k64_campaign/kernel_opt/e2e/prefill/llama8b/ours-8x64-opt/round1.json --artifact /home/dev/n16k64_campaign/paper/artifacts/llama8b_tc_8x64 --kernel auto_wB
2026-09-30T10:52:46+00:00 END prefill_llama8b_ours-8x64-opt_r1 rc=0
2026-09-30T10:52:46+00:00 START prefill_llama8b_fo6_r1 /home/dev/.conda/envs/n16k64/bin/python /home/dev/NVFP4-RaZeR/experiments/paper/bench_prefill.py --model llama8b --label fo6 --round 1 --shapes 1x128,1x256,1x512,1x1024,1x2048,1x4096,1x8192,4x2048 --reps 7 --out /home/dev/n16k64_campaign/kernel_opt/e2e/prefill/llama8b/fo6/round1.json --artifact /home/dev/n16k64_campaign/paper/artifacts/llama8b_fo6 --kernel auto_stock
2026-09-30T10:53:22+00:00 END prefill_llama8b_fo6_r1 rc=0
2026-09-30T10:53:22+00:00 START prefill_llama8b_fo6-wB_r1 /home/dev/.conda/envs/n16k64/bin/python /home/dev/NVFP4-RaZeR/experiments/paper/bench_prefill.py --model llama8b --label fo6-wB --round 1 --shapes 1x128,1x256,1x512,1x1024,1x2048,1x4096,1x8192,4x2048 --reps 7 --out /home/dev/n16k64_campaign/kernel_opt/e2e/prefill/llama8b/fo6-wB/round1.json --artifact /home/dev/n16k64_campaign/paper/artifacts/llama8b_fo6 --kernel stock_wB
2026-09-30T10:53:58+00:00 END prefill_llama8b_fo6-wB_r1 rc=0
2026-09-30T10:53:58+00:00 prefill llama8b round 2 order ours-8x64-opt,fo6,fo6-wB,ours-8x64
2026-09-30T10:53:58+00:00 START prefill_llama8b_ours-8x64-opt_r2 /home/dev/.conda/envs/n16k64/bin/python /home/dev/NVFP4-RaZeR/experiments/paper/bench_prefill.py --model llama8b --label ours-8x64-opt --round 2 --shapes 1x128,1x256,1x512,1x1024,1x2048,1x4096,1x8192,4x2048 --reps 7 --out /home/dev/n16k64_campaign/kernel_opt/e2e/prefill/llama8b/ours-8x64-opt/round2.json --artifact /home/dev/n16k64_campaign/paper/artifacts/llama8b_tc_8x64 --kernel auto_wB
2026-09-30T10:54:36+00:00 END prefill_llama8b_ours-8x64-opt_r2 rc=0
2026-09-30T10:54:36+00:00 START prefill_llama8b_fo6_r2 /home/dev/.conda/envs/n16k64/bin/python /home/dev/NVFP4-RaZeR/experiments/paper/bench_prefill.py --model llama8b --label fo6 --round 2 --shapes 1x128,1x256,1x512,1x1024,1x2048,1x4096,1x8192,4x2048 --reps 7 --out /home/dev/n16k64_campaign/kernel_opt/e2e/prefill/llama8b/fo6/round2.json --artifact /home/dev/n16k64_campaign/paper/artifacts/llama8b_fo6 --kernel auto_stock
2026-09-30T10:55:12+00:00 END prefill_llama8b_fo6_r2 rc=0
2026-09-30T10:55:12+00:00 START prefill_llama8b_fo6-wB_r2 /home/dev/.conda/envs/n16k64/bin/python /home/dev/NVFP4-RaZeR/experiments/paper/bench_prefill.py --model llama8b --label fo6-wB --round 2 --shapes 1x128,1x256,1x512,1x1024,1x2048,1x4096,1x8192,4x2048 --reps 7 --out /home/dev/n16k64_campaign/kernel_opt/e2e/prefill/llama8b/fo6-wB/round2.json --artifact /home/dev/n16k64_campaign/paper/artifacts/llama8b_fo6 --kernel stock_wB
2026-09-30T10:55:48+00:00 END prefill_llama8b_fo6-wB_r2 rc=0
2026-09-30T10:55:48+00:00 START prefill_llama8b_ours-8x64_r2 /home/dev/.conda/envs/n16k64/bin/python /home/dev/NVFP4-RaZeR/experiments/paper/bench_prefill.py --model llama8b --label ours-8x64 --round 2 --shapes 1x128,1x256,1x512,1x1024,1x2048,1x4096,1x8192,4x2048 --reps 7 --out /home/dev/n16k64_campaign/kernel_opt/e2e/prefill/llama8b/ours-8x64/round2.json --artifact /home/dev/n16k64_campaign/paper/artifacts/llama8b_tc_8x64 --kernel n8k64_wB
2026-09-30T10:56:26+00:00 END prefill_llama8b_ours-8x64_r2 rc=0
2026-09-30T10:56:26+00:00 prefill llama8b round 3 order fo6,fo6-wB,ours-8x64,ours-8x64-opt
2026-09-30T10:56:26+00:00 START prefill_llama8b_fo6_r3 /home/dev/.conda/envs/n16k64/bin/python /home/dev/NVFP4-RaZeR/experiments/paper/bench_prefill.py --model llama8b --label fo6 --round 3 --shapes 1x128,1x256,1x512,1x1024,1x2048,1x4096,1x8192,4x2048 --reps 7 --out /home/dev/n16k64_campaign/kernel_opt/e2e/prefill/llama8b/fo6/round3.json --artifact /home/dev/n16k64_campaign/paper/artifacts/llama8b_fo6 --kernel auto_stock
2026-09-30T10:57:02+00:00 END prefill_llama8b_fo6_r3 rc=0
2026-09-30T10:57:02+00:00 START prefill_llama8b_fo6-wB_r3 /home/dev/.conda/envs/n16k64/bin/python /home/dev/NVFP4-RaZeR/experiments/paper/bench_prefill.py --model llama8b --label fo6-wB --round 3 --shapes 1x128,1x256,1x512,1x1024,1x2048,1x4096,1x8192,4x2048 --reps 7 --out /home/dev/n16k64_campaign/kernel_opt/e2e/prefill/llama8b/fo6-wB/round3.json --artifact /home/dev/n16k64_campaign/paper/artifacts/llama8b_fo6 --kernel stock_wB
2026-09-30T10:57:38+00:00 END prefill_llama8b_fo6-wB_r3 rc=0
2026-09-30T10:57:38+00:00 START prefill_llama8b_ours-8x64_r3 /home/dev/.conda/envs/n16k64/bin/python /home/dev/NVFP4-RaZeR/experiments/paper/bench_prefill.py --model llama8b --label ours-8x64 --round 3 --shapes 1x128,1x256,1x512,1x1024,1x2048,1x4096,1x8192,4x2048 --reps 7 --out /home/dev/n16k64_campaign/kernel_opt/e2e/prefill/llama8b/ours-8x64/round3.json --artifact /home/dev/n16k64_campaign/paper/artifacts/llama8b_tc_8x64 --kernel n8k64_wB
2026-09-30T10:58:16+00:00 END prefill_llama8b_ours-8x64_r3 rc=0
2026-09-30T10:58:16+00:00 START prefill_llama8b_ours-8x64-opt_r3 /home/dev/.conda/envs/n16k64/bin/python /home/dev/NVFP4-RaZeR/experiments/paper/bench_prefill.py --model llama8b --label ours-8x64-opt --round 3 --shapes 1x128,1x256,1x512,1x1024,1x2048,1x4096,1x8192,4x2048 --reps 7 --out /home/dev/n16k64_campaign/kernel_opt/e2e/prefill/llama8b/ours-8x64-opt/round3.json --artifact /home/dev/n16k64_campaign/paper/artifacts/llama8b_tc_8x64 --kernel auto_wB
2026-09-30T10:58:53+00:00 END prefill_llama8b_ours-8x64-opt_r3 rc=0
2026-09-30T10:58:53+00:00 prefill llama8b round 4 order fo6-wB,ours-8x64,ours-8x64-opt,fo6
2026-09-30T10:58:53+00:00 START prefill_llama8b_fo6-wB_r4 /home/dev/.conda/envs/n16k64/bin/python /home/dev/NVFP4-RaZeR/experiments/paper/bench_prefill.py --model llama8b --label fo6-wB --round 4 --shapes 1x128,1x256,1x512,1x1024,1x2048,1x4096,1x8192,4x2048 --reps 7 --out /home/dev/n16k64_campaign/kernel_opt/e2e/prefill/llama8b/fo6-wB/round4.json --artifact /home/dev/n16k64_campaign/paper/artifacts/llama8b_fo6 --kernel stock_wB
2026-09-30T10:59:29+00:00 END prefill_llama8b_fo6-wB_r4 rc=0
2026-09-30T10:59:29+00:00 START prefill_llama8b_ours-8x64_r4 /home/dev/.conda/envs/n16k64/bin/python /home/dev/NVFP4-RaZeR/experiments/paper/bench_prefill.py --model llama8b --label ours-8x64 --round 4 --shapes 1x128,1x256,1x512,1x1024,1x2048,1x4096,1x8192,4x2048 --reps 7 --out /home/dev/n16k64_campaign/kernel_opt/e2e/prefill/llama8b/ours-8x64/round4.json --artifact /home/dev/n16k64_campaign/paper/artifacts/llama8b_tc_8x64 --kernel n8k64_wB
2026-09-30T11:00:06+00:00 END prefill_llama8b_ours-8x64_r4 rc=0
2026-09-30T11:00:06+00:00 START prefill_llama8b_ours-8x64-opt_r4 /home/dev/.conda/envs/n16k64/bin/python /home/dev/NVFP4-RaZeR/experiments/paper/bench_prefill.py --model llama8b --label ours-8x64-opt --round 4 --shapes 1x128,1x256,1x512,1x1024,1x2048,1x4096,1x8192,4x2048 --reps 7 --out /home/dev/n16k64_campaign/kernel_opt/e2e/prefill/llama8b/ours-8x64-opt/round4.json --artifact /home/dev/n16k64_campaign/paper/artifacts/llama8b_tc_8x64 --kernel auto_wB
2026-09-30T11:00:44+00:00 END prefill_llama8b_ours-8x64-opt_r4 rc=0
2026-09-30T11:00:44+00:00 START prefill_llama8b_fo6_r4 /home/dev/.conda/envs/n16k64/bin/python /home/dev/NVFP4-RaZeR/experiments/paper/bench_prefill.py --model llama8b --label fo6 --round 4 --shapes 1x128,1x256,1x512,1x1024,1x2048,1x4096,1x8192,4x2048 --reps 7 --out /home/dev/n16k64_campaign/kernel_opt/e2e/prefill/llama8b/fo6/round4.json --artifact /home/dev/n16k64_campaign/paper/artifacts/llama8b_fo6 --kernel auto_stock
2026-09-30T11:01:21+00:00 END prefill_llama8b_fo6_r4 rc=0
2026-09-30T11:01:21+00:00 prefill llama8b round 5 order ours-8x64,ours-8x64-opt,fo6,fo6-wB
2026-09-30T11:01:21+00:00 START prefill_llama8b_ours-8x64_r5 /home/dev/.conda/envs/n16k64/bin/python /home/dev/NVFP4-RaZeR/experiments/paper/bench_prefill.py --model llama8b --label ours-8x64 --round 5 --shapes 1x128,1x256,1x512,1x1024,1x2048,1x4096,1x8192,4x2048 --reps 7 --out /home/dev/n16k64_campaign/kernel_opt/e2e/prefill/llama8b/ours-8x64/round5.json --artifact /home/dev/n16k64_campaign/paper/artifacts/llama8b_tc_8x64 --kernel n8k64_wB
2026-09-30T11:01:58+00:00 END prefill_llama8b_ours-8x64_r5 rc=0
2026-09-30T11:01:58+00:00 START prefill_llama8b_ours-8x64-opt_r5 /home/dev/.conda/envs/n16k64/bin/python /home/dev/NVFP4-RaZeR/experiments/paper/bench_prefill.py --model llama8b --label ours-8x64-opt --round 5 --shapes 1x128,1x256,1x512,1x1024,1x2048,1x4096,1x8192,4x2048 --reps 7 --out /home/dev/n16k64_campaign/kernel_opt/e2e/prefill/llama8b/ours-8x64-opt/round5.json --artifact /home/dev/n16k64_campaign/paper/artifacts/llama8b_tc_8x64 --kernel auto_wB
2026-09-30T11:02:36+00:00 END prefill_llama8b_ours-8x64-opt_r5 rc=0
2026-09-30T11:02:36+00:00 START prefill_llama8b_fo6_r5 /home/dev/.conda/envs/n16k64/bin/python /home/dev/NVFP4-RaZeR/experiments/paper/bench_prefill.py --model llama8b --label fo6 --round 5 --shapes 1x128,1x256,1x512,1x1024,1x2048,1x4096,1x8192,4x2048 --reps 7 --out /home/dev/n16k64_campaign/kernel_opt/e2e/prefill/llama8b/fo6/round5.json --artifact /home/dev/n16k64_campaign/paper/artifacts/llama8b_fo6 --kernel auto_stock
2026-09-30T11:03:12+00:00 END prefill_llama8b_fo6_r5 rc=0
2026-09-30T11:03:12+00:00 START prefill_llama8b_fo6-wB_r5 /home/dev/.conda/envs/n16k64/bin/python /home/dev/NVFP4-RaZeR/experiments/paper/bench_prefill.py --model llama8b --label fo6-wB --round 5 --shapes 1x128,1x256,1x512,1x1024,1x2048,1x4096,1x8192,4x2048 --reps 7 --out /home/dev/n16k64_campaign/kernel_opt/e2e/prefill/llama8b/fo6-wB/round5.json --artifact /home/dev/n16k64_campaign/paper/artifacts/llama8b_fo6 --kernel stock_wB
2026-09-30T11:03:49+00:00 END prefill_llama8b_fo6-wB_r5 rc=0
2026-09-30T11:03:49+00:00 prefill mistral7b round 1 order ours-8x64,ours-8x64-opt,fo6,fo6-wB
2026-09-30T11:03:49+00:00 START prefill_mistral7b_ours-8x64_r1 /home/dev/.conda/envs/n16k64/bin/python /home/dev/NVFP4-RaZeR/experiments/paper/bench_prefill.py --model mistral7b --label ours-8x64 --round 1 --shapes 1x128,1x256,1x512,1x1024,1x2048,1x4096,1x8192,4x2048 --reps 7 --out /home/dev/n16k64_campaign/kernel_opt/e2e/prefill/mistral7b/ours-8x64/round1.json --artifact /home/dev/n16k64_campaign/paper/artifacts/mistral7b_tc_8x64 --kernel n8k64_wB
2026-09-30T11:04:24+00:00 END prefill_mistral7b_ours-8x64_r1 rc=0
2026-09-30T11:04:24+00:00 START prefill_mistral7b_ours-8x64-opt_r1 /home/dev/.conda/envs/n16k64/bin/python /home/dev/NVFP4-RaZeR/experiments/paper/bench_prefill.py --model mistral7b --label ours-8x64-opt --round 1 --shapes 1x128,1x256,1x512,1x1024,1x2048,1x4096,1x8192,4x2048 --reps 7 --out /home/dev/n16k64_campaign/kernel_opt/e2e/prefill/mistral7b/ours-8x64-opt/round1.json --artifact /home/dev/n16k64_campaign/paper/artifacts/mistral7b_tc_8x64 --kernel auto_wB
2026-09-30T11:04:59+00:00 END prefill_mistral7b_ours-8x64-opt_r1 rc=0
2026-09-30T11:04:59+00:00 START prefill_mistral7b_fo6_r1 /home/dev/.conda/envs/n16k64/bin/python /home/dev/NVFP4-RaZeR/experiments/paper/bench_prefill.py --model mistral7b --label fo6 --round 1 --shapes 1x128,1x256,1x512,1x1024,1x2048,1x4096,1x8192,4x2048 --reps 7 --out /home/dev/n16k64_campaign/kernel_opt/e2e/prefill/mistral7b/fo6/round1.json --artifact /home/dev/n16k64_campaign/paper/artifacts/mistral7b_fo6 --kernel auto_stock
2026-09-30T11:05:34+00:00 END prefill_mistral7b_fo6_r1 rc=0
2026-09-30T11:05:34+00:00 START prefill_mistral7b_fo6-wB_r1 /home/dev/.conda/envs/n16k64/bin/python /home/dev/NVFP4-RaZeR/experiments/paper/bench_prefill.py --model mistral7b --label fo6-wB --round 1 --shapes 1x128,1x256,1x512,1x1024,1x2048,1x4096,1x8192,4x2048 --reps 7 --out /home/dev/n16k64_campaign/kernel_opt/e2e/prefill/mistral7b/fo6-wB/round1.json --artifact /home/dev/n16k64_campaign/paper/artifacts/mistral7b_fo6 --kernel stock_wB
2026-09-30T11:06:08+00:00 END prefill_mistral7b_fo6-wB_r1 rc=0
2026-09-30T11:06:08+00:00 prefill mistral7b round 2 order ours-8x64-opt,fo6,fo6-wB,ours-8x64
2026-09-30T11:06:08+00:00 START prefill_mistral7b_ours-8x64-opt_r2 /home/dev/.conda/envs/n16k64/bin/python /home/dev/NVFP4-RaZeR/experiments/paper/bench_prefill.py --model mistral7b --label ours-8x64-opt --round 2 --shapes 1x128,1x256,1x512,1x1024,1x2048,1x4096,1x8192,4x2048 --reps 7 --out /home/dev/n16k64_campaign/kernel_opt/e2e/prefill/mistral7b/ours-8x64-opt/round2.json --artifact /home/dev/n16k64_campaign/paper/artifacts/mistral7b_tc_8x64 --kernel auto_wB
2026-09-30T11:06:44+00:00 END prefill_mistral7b_ours-8x64-opt_r2 rc=0
2026-09-30T11:06:44+00:00 START prefill_mistral7b_fo6_r2 /home/dev/.conda/envs/n16k64/bin/python /home/dev/NVFP4-RaZeR/experiments/paper/bench_prefill.py --model mistral7b --label fo6 --round 2 --shapes 1x128,1x256,1x512,1x1024,1x2048,1x4096,1x8192,4x2048 --reps 7 --out /home/dev/n16k64_campaign/kernel_opt/e2e/prefill/mistral7b/fo6/round2.json --artifact /home/dev/n16k64_campaign/paper/artifacts/mistral7b_fo6 --kernel auto_stock
2026-09-30T11:07:19+00:00 END prefill_mistral7b_fo6_r2 rc=0
2026-09-30T11:07:19+00:00 START prefill_mistral7b_fo6-wB_r2 /home/dev/.conda/envs/n16k64/bin/python /home/dev/NVFP4-RaZeR/experiments/paper/bench_prefill.py --model mistral7b --label fo6-wB --round 2 --shapes 1x128,1x256,1x512,1x1024,1x2048,1x4096,1x8192,4x2048 --reps 7 --out /home/dev/n16k64_campaign/kernel_opt/e2e/prefill/mistral7b/fo6-wB/round2.json --artifact /home/dev/n16k64_campaign/paper/artifacts/mistral7b_fo6 --kernel stock_wB
2026-09-30T11:07:53+00:00 END prefill_mistral7b_fo6-wB_r2 rc=0
2026-09-30T11:07:53+00:00 START prefill_mistral7b_ours-8x64_r2 /home/dev/.conda/envs/n16k64/bin/python /home/dev/NVFP4-RaZeR/experiments/paper/bench_prefill.py --model mistral7b --label ours-8x64 --round 2 --shapes 1x128,1x256,1x512,1x1024,1x2048,1x4096,1x8192,4x2048 --reps 7 --out /home/dev/n16k64_campaign/kernel_opt/e2e/prefill/mistral7b/ours-8x64/round2.json --artifact /home/dev/n16k64_campaign/paper/artifacts/mistral7b_tc_8x64 --kernel n8k64_wB
2026-09-30T11:08:29+00:00 END prefill_mistral7b_ours-8x64_r2 rc=0
2026-09-30T11:08:29+00:00 prefill mistral7b round 3 order fo6,fo6-wB,ours-8x64,ours-8x64-opt
2026-09-30T11:08:29+00:00 START prefill_mistral7b_fo6_r3 /home/dev/.conda/envs/n16k64/bin/python /home/dev/NVFP4-RaZeR/experiments/paper/bench_prefill.py --model mistral7b --label fo6 --round 3 --shapes 1x128,1x256,1x512,1x1024,1x2048,1x4096,1x8192,4x2048 --reps 7 --out /home/dev/n16k64_campaign/kernel_opt/e2e/prefill/mistral7b/fo6/round3.json --artifact /home/dev/n16k64_campaign/paper/artifacts/mistral7b_fo6 --kernel auto_stock
2026-09-30T11:09:04+00:00 END prefill_mistral7b_fo6_r3 rc=0
2026-09-30T11:09:04+00:00 START prefill_mistral7b_fo6-wB_r3 /home/dev/.conda/envs/n16k64/bin/python /home/dev/NVFP4-RaZeR/experiments/paper/bench_prefill.py --model mistral7b --label fo6-wB --round 3 --shapes 1x128,1x256,1x512,1x1024,1x2048,1x4096,1x8192,4x2048 --reps 7 --out /home/dev/n16k64_campaign/kernel_opt/e2e/prefill/mistral7b/fo6-wB/round3.json --artifact /home/dev/n16k64_campaign/paper/artifacts/mistral7b_fo6 --kernel stock_wB
2026-09-30T11:09:38+00:00 END prefill_mistral7b_fo6-wB_r3 rc=0
2026-09-30T11:09:38+00:00 START prefill_mistral7b_ours-8x64_r3 /home/dev/.conda/envs/n16k64/bin/python /home/dev/NVFP4-RaZeR/experiments/paper/bench_prefill.py --model mistral7b --label ours-8x64 --round 3 --shapes 1x128,1x256,1x512,1x1024,1x2048,1x4096,1x8192,4x2048 --reps 7 --out /home/dev/n16k64_campaign/kernel_opt/e2e/prefill/mistral7b/ours-8x64/round3.json --artifact /home/dev/n16k64_campaign/paper/artifacts/mistral7b_tc_8x64 --kernel n8k64_wB
2026-09-30T11:10:13+00:00 END prefill_mistral7b_ours-8x64_r3 rc=0
2026-09-30T11:10:13+00:00 START prefill_mistral7b_ours-8x64-opt_r3 /home/dev/.conda/envs/n16k64/bin/python /home/dev/NVFP4-RaZeR/experiments/paper/bench_prefill.py --model mistral7b --label ours-8x64-opt --round 3 --shapes 1x128,1x256,1x512,1x1024,1x2048,1x4096,1x8192,4x2048 --reps 7 --out /home/dev/n16k64_campaign/kernel_opt/e2e/prefill/mistral7b/ours-8x64-opt/round3.json --artifact /home/dev/n16k64_campaign/paper/artifacts/mistral7b_tc_8x64 --kernel auto_wB
2026-09-30T11:10:49+00:00 END prefill_mistral7b_ours-8x64-opt_r3 rc=0
2026-09-30T11:10:49+00:00 prefill mistral7b round 4 order fo6-wB,ours-8x64,ours-8x64-opt,fo6
2026-09-30T11:10:49+00:00 START prefill_mistral7b_fo6-wB_r4 /home/dev/.conda/envs/n16k64/bin/python /home/dev/NVFP4-RaZeR/experiments/paper/bench_prefill.py --model mistral7b --label fo6-wB --round 4 --shapes 1x128,1x256,1x512,1x1024,1x2048,1x4096,1x8192,4x2048 --reps 7 --out /home/dev/n16k64_campaign/kernel_opt/e2e/prefill/mistral7b/fo6-wB/round4.json --artifact /home/dev/n16k64_campaign/paper/artifacts/mistral7b_fo6 --kernel stock_wB
2026-09-30T11:11:24+00:00 END prefill_mistral7b_fo6-wB_r4 rc=0
2026-09-30T11:11:24+00:00 START prefill_mistral7b_ours-8x64_r4 /home/dev/.conda/envs/n16k64/bin/python /home/dev/NVFP4-RaZeR/experiments/paper/bench_prefill.py --model mistral7b --label ours-8x64 --round 4 --shapes 1x128,1x256,1x512,1x1024,1x2048,1x4096,1x8192,4x2048 --reps 7 --out /home/dev/n16k64_campaign/kernel_opt/e2e/prefill/mistral7b/ours-8x64/round4.json --artifact /home/dev/n16k64_campaign/paper/artifacts/mistral7b_tc_8x64 --kernel n8k64_wB
2026-09-30T11:12:00+00:00 END prefill_mistral7b_ours-8x64_r4 rc=0
2026-09-30T11:12:00+00:00 START prefill_mistral7b_ours-8x64-opt_r4 /home/dev/.conda/envs/n16k64/bin/python /home/dev/NVFP4-RaZeR/experiments/paper/bench_prefill.py --model mistral7b --label ours-8x64-opt --round 4 --shapes 1x128,1x256,1x512,1x1024,1x2048,1x4096,1x8192,4x2048 --reps 7 --out /home/dev/n16k64_campaign/kernel_opt/e2e/prefill/mistral7b/ours-8x64-opt/round4.json --artifact /home/dev/n16k64_campaign/paper/artifacts/mistral7b_tc_8x64 --kernel auto_wB
2026-09-30T11:12:35+00:00 END prefill_mistral7b_ours-8x64-opt_r4 rc=0
2026-09-30T11:12:35+00:00 START prefill_mistral7b_fo6_r4 /home/dev/.conda/envs/n16k64/bin/python /home/dev/NVFP4-RaZeR/experiments/paper/bench_prefill.py --model mistral7b --label fo6 --round 4 --shapes 1x128,1x256,1x512,1x1024,1x2048,1x4096,1x8192,4x2048 --reps 7 --out /home/dev/n16k64_campaign/kernel_opt/e2e/prefill/mistral7b/fo6/round4.json --artifact /home/dev/n16k64_campaign/paper/artifacts/mistral7b_fo6 --kernel auto_stock
2026-09-30T11:13:10+00:00 END prefill_mistral7b_fo6_r4 rc=0
2026-09-30T11:13:10+00:00 prefill mistral7b round 5 order ours-8x64,ours-8x64-opt,fo6,fo6-wB
2026-09-30T11:13:10+00:00 START prefill_mistral7b_ours-8x64_r5 /home/dev/.conda/envs/n16k64/bin/python /home/dev/NVFP4-RaZeR/experiments/paper/bench_prefill.py --model mistral7b --label ours-8x64 --round 5 --shapes 1x128,1x256,1x512,1x1024,1x2048,1x4096,1x8192,4x2048 --reps 7 --out /home/dev/n16k64_campaign/kernel_opt/e2e/prefill/mistral7b/ours-8x64/round5.json --artifact /home/dev/n16k64_campaign/paper/artifacts/mistral7b_tc_8x64 --kernel n8k64_wB
2026-09-30T11:13:46+00:00 END prefill_mistral7b_ours-8x64_r5 rc=0
2026-09-30T11:13:46+00:00 START prefill_mistral7b_ours-8x64-opt_r5 /home/dev/.conda/envs/n16k64/bin/python /home/dev/NVFP4-RaZeR/experiments/paper/bench_prefill.py --model mistral7b --label ours-8x64-opt --round 5 --shapes 1x128,1x256,1x512,1x1024,1x2048,1x4096,1x8192,4x2048 --reps 7 --out /home/dev/n16k64_campaign/kernel_opt/e2e/prefill/mistral7b/ours-8x64-opt/round5.json --artifact /home/dev/n16k64_campaign/paper/artifacts/mistral7b_tc_8x64 --kernel auto_wB
2026-09-30T11:14:21+00:00 END prefill_mistral7b_ours-8x64-opt_r5 rc=0
2026-09-30T11:14:21+00:00 START prefill_mistral7b_fo6_r5 /home/dev/.conda/envs/n16k64/bin/python /home/dev/NVFP4-RaZeR/experiments/paper/bench_prefill.py --model mistral7b --label fo6 --round 5 --shapes 1x128,1x256,1x512,1x1024,1x2048,1x4096,1x8192,4x2048 --reps 7 --out /home/dev/n16k64_campaign/kernel_opt/e2e/prefill/mistral7b/fo6/round5.json --artifact /home/dev/n16k64_campaign/paper/artifacts/mistral7b_fo6 --kernel auto_stock
2026-09-30T11:14:55+00:00 END prefill_mistral7b_fo6_r5 rc=0
2026-09-30T11:14:55+00:00 START prefill_mistral7b_fo6-wB_r5 /home/dev/.conda/envs/n16k64/bin/python /home/dev/NVFP4-RaZeR/experiments/paper/bench_prefill.py --model mistral7b --label fo6-wB --round 5 --shapes 1x128,1x256,1x512,1x1024,1x2048,1x4096,1x8192,4x2048 --reps 7 --out /home/dev/n16k64_campaign/kernel_opt/e2e/prefill/mistral7b/fo6-wB/round5.json --artifact /home/dev/n16k64_campaign/paper/artifacts/mistral7b_fo6 --kernel stock_wB
2026-09-30T11:15:30+00:00 END prefill_mistral7b_fo6-wB_r5 rc=0
2026-09-30T11:15:30+00:00 prefill phi4 round 1 order ours-8x64,ours-8x64-opt,fo6,fo6-wB
2026-09-30T11:15:30+00:00 START prefill_phi4_ours-8x64_r1 /home/dev/.conda/envs/n16k64/bin/python /home/dev/NVFP4-RaZeR/experiments/paper/bench_prefill.py --model phi4 --label ours-8x64 --round 1 --shapes 1x128,1x256,1x512,1x1024,1x2048,1x4096,1x8192,4x2048 --reps 7 --out /home/dev/n16k64_campaign/kernel_opt/e2e/prefill/phi4/ours-8x64/round1.json --artifact /home/dev/n16k64_campaign/paper/artifacts/phi4_tc_8x64 --kernel n8k64_wB
2026-09-30T11:16:32+00:00 END prefill_phi4_ours-8x64_r1 rc=0
2026-09-30T11:16:32+00:00 START prefill_phi4_ours-8x64-opt_r1 /home/dev/.conda/envs/n16k64/bin/python /home/dev/NVFP4-RaZeR/experiments/paper/bench_prefill.py --model phi4 --label ours-8x64-opt --round 1 --shapes 1x128,1x256,1x512,1x1024,1x2048,1x4096,1x8192,4x2048 --reps 7 --out /home/dev/n16k64_campaign/kernel_opt/e2e/prefill/phi4/ours-8x64-opt/round1.json --artifact /home/dev/n16k64_campaign/paper/artifacts/phi4_tc_8x64 --kernel auto_wB
2026-09-30T11:17:36+00:00 END prefill_phi4_ours-8x64-opt_r1 rc=0
2026-09-30T11:17:36+00:00 START prefill_phi4_fo6_r1 /home/dev/.conda/envs/n16k64/bin/python /home/dev/NVFP4-RaZeR/experiments/paper/bench_prefill.py --model phi4 --label fo6 --round 1 --shapes 1x128,1x256,1x512,1x1024,1x2048,1x4096,1x8192,4x2048 --reps 7 --out /home/dev/n16k64_campaign/kernel_opt/e2e/prefill/phi4/fo6/round1.json --artifact /home/dev/n16k64_campaign/paper/artifacts/phi4_fo6 --kernel auto_stock
2026-09-30T11:18:37+00:00 END prefill_phi4_fo6_r1 rc=0
2026-09-30T11:18:37+00:00 START prefill_phi4_fo6-wB_r1 /home/dev/.conda/envs/n16k64/bin/python /home/dev/NVFP4-RaZeR/experiments/paper/bench_prefill.py --model phi4 --label fo6-wB --round 1 --shapes 1x128,1x256,1x512,1x1024,1x2048,1x4096,1x8192,4x2048 --reps 7 --out /home/dev/n16k64_campaign/kernel_opt/e2e/prefill/phi4/fo6-wB/round1.json --artifact /home/dev/n16k64_campaign/paper/artifacts/phi4_fo6 --kernel stock_wB
2026-09-30T11:19:39+00:00 END prefill_phi4_fo6-wB_r1 rc=0
2026-09-30T11:19:39+00:00 prefill phi4 round 2 order ours-8x64-opt,fo6,fo6-wB,ours-8x64
2026-09-30T11:19:39+00:00 START prefill_phi4_ours-8x64-opt_r2 /home/dev/.conda/envs/n16k64/bin/python /home/dev/NVFP4-RaZeR/experiments/paper/bench_prefill.py --model phi4 --label ours-8x64-opt --round 2 --shapes 1x128,1x256,1x512,1x1024,1x2048,1x4096,1x8192,4x2048 --reps 7 --out /home/dev/n16k64_campaign/kernel_opt/e2e/prefill/phi4/ours-8x64-opt/round2.json --artifact /home/dev/n16k64_campaign/paper/artifacts/phi4_tc_8x64 --kernel auto_wB
2026-09-30T11:20:42+00:00 END prefill_phi4_ours-8x64-opt_r2 rc=0
2026-09-30T11:20:42+00:00 START prefill_phi4_fo6_r2 /home/dev/.conda/envs/n16k64/bin/python /home/dev/NVFP4-RaZeR/experiments/paper/bench_prefill.py --model phi4 --label fo6 --round 2 --shapes 1x128,1x256,1x512,1x1024,1x2048,1x4096,1x8192,4x2048 --reps 7 --out /home/dev/n16k64_campaign/kernel_opt/e2e/prefill/phi4/fo6/round2.json --artifact /home/dev/n16k64_campaign/paper/artifacts/phi4_fo6 --kernel auto_stock
2026-09-30T11:21:43+00:00 END prefill_phi4_fo6_r2 rc=0
2026-09-30T11:21:43+00:00 START prefill_phi4_fo6-wB_r2 /home/dev/.conda/envs/n16k64/bin/python /home/dev/NVFP4-RaZeR/experiments/paper/bench_prefill.py --model phi4 --label fo6-wB --round 2 --shapes 1x128,1x256,1x512,1x1024,1x2048,1x4096,1x8192,4x2048 --reps 7 --out /home/dev/n16k64_campaign/kernel_opt/e2e/prefill/phi4/fo6-wB/round2.json --artifact /home/dev/n16k64_campaign/paper/artifacts/phi4_fo6 --kernel stock_wB
2026-09-30T11:22:44+00:00 END prefill_phi4_fo6-wB_r2 rc=0
2026-09-30T11:22:44+00:00 START prefill_phi4_ours-8x64_r2 /home/dev/.conda/envs/n16k64/bin/python /home/dev/NVFP4-RaZeR/experiments/paper/bench_prefill.py --model phi4 --label ours-8x64 --round 2 --shapes 1x128,1x256,1x512,1x1024,1x2048,1x4096,1x8192,4x2048 --reps 7 --out /home/dev/n16k64_campaign/kernel_opt/e2e/prefill/phi4/ours-8x64/round2.json --artifact /home/dev/n16k64_campaign/paper/artifacts/phi4_tc_8x64 --kernel n8k64_wB
2026-09-30T11:23:48+00:00 END prefill_phi4_ours-8x64_r2 rc=0
2026-09-30T11:23:48+00:00 prefill phi4 round 3 order fo6,fo6-wB,ours-8x64,ours-8x64-opt
2026-09-30T11:23:48+00:00 START prefill_phi4_fo6_r3 /home/dev/.conda/envs/n16k64/bin/python /home/dev/NVFP4-RaZeR/experiments/paper/bench_prefill.py --model phi4 --label fo6 --round 3 --shapes 1x128,1x256,1x512,1x1024,1x2048,1x4096,1x8192,4x2048 --reps 7 --out /home/dev/n16k64_campaign/kernel_opt/e2e/prefill/phi4/fo6/round3.json --artifact /home/dev/n16k64_campaign/paper/artifacts/phi4_fo6 --kernel auto_stock
2026-09-30T11:24:50+00:00 END prefill_phi4_fo6_r3 rc=0
2026-09-30T11:24:50+00:00 START prefill_phi4_fo6-wB_r3 /home/dev/.conda/envs/n16k64/bin/python /home/dev/NVFP4-RaZeR/experiments/paper/bench_prefill.py --model phi4 --label fo6-wB --round 3 --shapes 1x128,1x256,1x512,1x1024,1x2048,1x4096,1x8192,4x2048 --reps 7 --out /home/dev/n16k64_campaign/kernel_opt/e2e/prefill/phi4/fo6-wB/round3.json --artifact /home/dev/n16k64_campaign/paper/artifacts/phi4_fo6 --kernel stock_wB
2026-09-30T11:25:52+00:00 END prefill_phi4_fo6-wB_r3 rc=0
2026-09-30T11:25:52+00:00 START prefill_phi4_ours-8x64_r3 /home/dev/.conda/envs/n16k64/bin/python /home/dev/NVFP4-RaZeR/experiments/paper/bench_prefill.py --model phi4 --label ours-8x64 --round 3 --shapes 1x128,1x256,1x512,1x1024,1x2048,1x4096,1x8192,4x2048 --reps 7 --out /home/dev/n16k64_campaign/kernel_opt/e2e/prefill/phi4/ours-8x64/round3.json --artifact /home/dev/n16k64_campaign/paper/artifacts/phi4_tc_8x64 --kernel n8k64_wB
2026-09-30T11:26:54+00:00 END prefill_phi4_ours-8x64_r3 rc=0
2026-09-30T11:26:54+00:00 START prefill_phi4_ours-8x64-opt_r3 /home/dev/.conda/envs/n16k64/bin/python /home/dev/NVFP4-RaZeR/experiments/paper/bench_prefill.py --model phi4 --label ours-8x64-opt --round 3 --shapes 1x128,1x256,1x512,1x1024,1x2048,1x4096,1x8192,4x2048 --reps 7 --out /home/dev/n16k64_campaign/kernel_opt/e2e/prefill/phi4/ours-8x64-opt/round3.json --artifact /home/dev/n16k64_campaign/paper/artifacts/phi4_tc_8x64 --kernel auto_wB
2026-09-30T11:27:57+00:00 END prefill_phi4_ours-8x64-opt_r3 rc=0
2026-09-30T11:27:57+00:00 prefill phi4 round 4 order fo6-wB,ours-8x64,ours-8x64-opt,fo6
2026-09-30T11:27:57+00:00 START prefill_phi4_fo6-wB_r4 /home/dev/.conda/envs/n16k64/bin/python /home/dev/NVFP4-RaZeR/experiments/paper/bench_prefill.py --model phi4 --label fo6-wB --round 4 --shapes 1x128,1x256,1x512,1x1024,1x2048,1x4096,1x8192,4x2048 --reps 7 --out /home/dev/n16k64_campaign/kernel_opt/e2e/prefill/phi4/fo6-wB/round4.json --artifact /home/dev/n16k64_campaign/paper/artifacts/phi4_fo6 --kernel stock_wB
2026-09-30T11:28:59+00:00 END prefill_phi4_fo6-wB_r4 rc=0
2026-09-30T11:28:59+00:00 START prefill_phi4_ours-8x64_r4 /home/dev/.conda/envs/n16k64/bin/python /home/dev/NVFP4-RaZeR/experiments/paper/bench_prefill.py --model phi4 --label ours-8x64 --round 4 --shapes 1x128,1x256,1x512,1x1024,1x2048,1x4096,1x8192,4x2048 --reps 7 --out /home/dev/n16k64_campaign/kernel_opt/e2e/prefill/phi4/ours-8x64/round4.json --artifact /home/dev/n16k64_campaign/paper/artifacts/phi4_tc_8x64 --kernel n8k64_wB
2026-09-30T11:30:03+00:00 END prefill_phi4_ours-8x64_r4 rc=0
2026-09-30T11:30:03+00:00 START prefill_phi4_ours-8x64-opt_r4 /home/dev/.conda/envs/n16k64/bin/python /home/dev/NVFP4-RaZeR/experiments/paper/bench_prefill.py --model phi4 --label ours-8x64-opt --round 4 --shapes 1x128,1x256,1x512,1x1024,1x2048,1x4096,1x8192,4x2048 --reps 7 --out /home/dev/n16k64_campaign/kernel_opt/e2e/prefill/phi4/ours-8x64-opt/round4.json --artifact /home/dev/n16k64_campaign/paper/artifacts/phi4_tc_8x64 --kernel auto_wB
2026-09-30T11:31:05+00:00 END prefill_phi4_ours-8x64-opt_r4 rc=0
2026-09-30T11:31:05+00:00 START prefill_phi4_fo6_r4 /home/dev/.conda/envs/n16k64/bin/python /home/dev/NVFP4-RaZeR/experiments/paper/bench_prefill.py --model phi4 --label fo6 --round 4 --shapes 1x128,1x256,1x512,1x1024,1x2048,1x4096,1x8192,4x2048 --reps 7 --out /home/dev/n16k64_campaign/kernel_opt/e2e/prefill/phi4/fo6/round4.json --artifact /home/dev/n16k64_campaign/paper/artifacts/phi4_fo6 --kernel auto_stock
2026-09-30T11:32:08+00:00 END prefill_phi4_fo6_r4 rc=0
2026-09-30T11:32:08+00:00 prefill phi4 round 5 order ours-8x64,ours-8x64-opt,fo6,fo6-wB
2026-09-30T11:32:08+00:00 START prefill_phi4_ours-8x64_r5 /home/dev/.conda/envs/n16k64/bin/python /home/dev/NVFP4-RaZeR/experiments/paper/bench_prefill.py --model phi4 --label ours-8x64 --round 5 --shapes 1x128,1x256,1x512,1x1024,1x2048,1x4096,1x8192,4x2048 --reps 7 --out /home/dev/n16k64_campaign/kernel_opt/e2e/prefill/phi4/ours-8x64/round5.json --artifact /home/dev/n16k64_campaign/paper/artifacts/phi4_tc_8x64 --kernel n8k64_wB
2026-09-30T11:33:12+00:00 END prefill_phi4_ours-8x64_r5 rc=0
2026-09-30T11:33:12+00:00 START prefill_phi4_ours-8x64-opt_r5 /home/dev/.conda/envs/n16k64/bin/python /home/dev/NVFP4-RaZeR/experiments/paper/bench_prefill.py --model phi4 --label ours-8x64-opt --round 5 --shapes 1x128,1x256,1x512,1x1024,1x2048,1x4096,1x8192,4x2048 --reps 7 --out /home/dev/n16k64_campaign/kernel_opt/e2e/prefill/phi4/ours-8x64-opt/round5.json --artifact /home/dev/n16k64_campaign/paper/artifacts/phi4_tc_8x64 --kernel auto_wB
2026-09-30T11:34:15+00:00 END prefill_phi4_ours-8x64-opt_r5 rc=0
2026-09-30T11:34:15+00:00 START prefill_phi4_fo6_r5 /home/dev/.conda/envs/n16k64/bin/python /home/dev/NVFP4-RaZeR/experiments/paper/bench_prefill.py --model phi4 --label fo6 --round 5 --shapes 1x128,1x256,1x512,1x1024,1x2048,1x4096,1x8192,4x2048 --reps 7 --out /home/dev/n16k64_campaign/kernel_opt/e2e/prefill/phi4/fo6/round5.json --artifact /home/dev/n16k64_campaign/paper/artifacts/phi4_fo6 --kernel auto_stock
2026-09-30T11:35:16+00:00 END prefill_phi4_fo6_r5 rc=0
2026-09-30T11:35:16+00:00 START prefill_phi4_fo6-wB_r5 /home/dev/.conda/envs/n16k64/bin/python /home/dev/NVFP4-RaZeR/experiments/paper/bench_prefill.py --model phi4 --label fo6-wB --round 5 --shapes 1x128,1x256,1x512,1x1024,1x2048,1x4096,1x8192,4x2048 --reps 7 --out /home/dev/n16k64_campaign/kernel_opt/e2e/prefill/phi4/fo6-wB/round5.json --artifact /home/dev/n16k64_campaign/paper/artifacts/phi4_fo6 --kernel stock_wB
2026-09-30T11:36:18+00:00 END prefill_phi4_fo6-wB_r5 rc=0
2026-09-30T11:36:18+00:00 prefill qwen27b round 1 order ours-8x64,ours-8x64-opt,fo6,fo6-wB
2026-09-30T11:36:18+00:00 START prefill_qwen27b_ours-8x64_r1 /home/dev/.conda/envs/n16k64/bin/python /home/dev/NVFP4-RaZeR/experiments/paper/bench_prefill.py --model qwen27b --label ours-8x64 --round 1 --shapes 1x128,1x256,1x512,1x1024,1x2048,1x4096,1x8192,4x2048 --reps 7 --out /home/dev/n16k64_campaign/kernel_opt/e2e/prefill/qwen27b/ours-8x64/round1.json --artifact /home/dev/n16k64_campaign/paper/artifacts/qwen27b_tc_8x64 --kernel n8k64_wB
2026-09-30T11:40:42+00:00 END prefill_qwen27b_ours-8x64_r1 rc=0
2026-09-30T11:40:42+00:00 START prefill_qwen27b_ours-8x64-opt_r1 /home/dev/.conda/envs/n16k64/bin/python /home/dev/NVFP4-RaZeR/experiments/paper/bench_prefill.py --model qwen27b --label ours-8x64-opt --round 1 --shapes 1x128,1x256,1x512,1x1024,1x2048,1x4096,1x8192,4x2048 --reps 7 --out /home/dev/n16k64_campaign/kernel_opt/e2e/prefill/qwen27b/ours-8x64-opt/round1.json --artifact /home/dev/n16k64_campaign/paper/artifacts/qwen27b_tc_8x64 --kernel auto_wB
2026-09-30T11:45:04+00:00 END prefill_qwen27b_ours-8x64-opt_r1 rc=0
2026-09-30T11:45:04+00:00 START prefill_qwen27b_fo6_r1 /home/dev/.conda/envs/n16k64/bin/python /home/dev/NVFP4-RaZeR/experiments/paper/bench_prefill.py --model qwen27b --label fo6 --round 1 --shapes 1x128,1x256,1x512,1x1024,1x2048,1x4096,1x8192,4x2048 --reps 7 --out /home/dev/n16k64_campaign/kernel_opt/e2e/prefill/qwen27b/fo6/round1.json --artifact /home/dev/n16k64_campaign/paper/artifacts/qwen27b_fo6 --kernel auto_stock
2026-09-30T11:49:25+00:00 END prefill_qwen27b_fo6_r1 rc=0
2026-09-30T11:49:25+00:00 START prefill_qwen27b_fo6-wB_r1 /home/dev/.conda/envs/n16k64/bin/python /home/dev/NVFP4-RaZeR/experiments/paper/bench_prefill.py --model qwen27b --label fo6-wB --round 1 --shapes 1x128,1x256,1x512,1x1024,1x2048,1x4096,1x8192,4x2048 --reps 7 --out /home/dev/n16k64_campaign/kernel_opt/e2e/prefill/qwen27b/fo6-wB/round1.json --artifact /home/dev/n16k64_campaign/paper/artifacts/qwen27b_fo6 --kernel stock_wB
2026-09-30T11:53:47+00:00 END prefill_qwen27b_fo6-wB_r1 rc=0
2026-09-30T11:53:47+00:00 prefill qwen27b round 2 order ours-8x64-opt,fo6,fo6-wB,ours-8x64
2026-09-30T11:53:47+00:00 START prefill_qwen27b_ours-8x64-opt_r2 /home/dev/.conda/envs/n16k64/bin/python /home/dev/NVFP4-RaZeR/experiments/paper/bench_prefill.py --model qwen27b --label ours-8x64-opt --round 2 --shapes 1x128,1x256,1x512,1x1024,1x2048,1x4096,1x8192,4x2048 --reps 7 --out /home/dev/n16k64_campaign/kernel_opt/e2e/prefill/qwen27b/ours-8x64-opt/round2.json --artifact /home/dev/n16k64_campaign/paper/artifacts/qwen27b_tc_8x64 --kernel auto_wB
2026-09-30T11:58:14+00:00 END prefill_qwen27b_ours-8x64-opt_r2 rc=0
2026-09-30T11:58:14+00:00 START prefill_qwen27b_fo6_r2 /home/dev/.conda/envs/n16k64/bin/python /home/dev/NVFP4-RaZeR/experiments/paper/bench_prefill.py --model qwen27b --label fo6 --round 2 --shapes 1x128,1x256,1x512,1x1024,1x2048,1x4096,1x8192,4x2048 --reps 7 --out /home/dev/n16k64_campaign/kernel_opt/e2e/prefill/qwen27b/fo6/round2.json --artifact /home/dev/n16k64_campaign/paper/artifacts/qwen27b_fo6 --kernel auto_stock
2026-09-30T12:02:33+00:00 END prefill_qwen27b_fo6_r2 rc=0
2026-09-30T12:02:33+00:00 START prefill_qwen27b_fo6-wB_r2 /home/dev/.conda/envs/n16k64/bin/python /home/dev/NVFP4-RaZeR/experiments/paper/bench_prefill.py --model qwen27b --label fo6-wB --round 2 --shapes 1x128,1x256,1x512,1x1024,1x2048,1x4096,1x8192,4x2048 --reps 7 --out /home/dev/n16k64_campaign/kernel_opt/e2e/prefill/qwen27b/fo6-wB/round2.json --artifact /home/dev/n16k64_campaign/paper/artifacts/qwen27b_fo6 --kernel stock_wB
2026-09-30T12:06:53+00:00 END prefill_qwen27b_fo6-wB_r2 rc=0
2026-09-30T12:06:53+00:00 START prefill_qwen27b_ours-8x64_r2 /home/dev/.conda/envs/n16k64/bin/python /home/dev/NVFP4-RaZeR/experiments/paper/bench_prefill.py --model qwen27b --label ours-8x64 --round 2 --shapes 1x128,1x256,1x512,1x1024,1x2048,1x4096,1x8192,4x2048 --reps 7 --out /home/dev/n16k64_campaign/kernel_opt/e2e/prefill/qwen27b/ours-8x64/round2.json --artifact /home/dev/n16k64_campaign/paper/artifacts/qwen27b_tc_8x64 --kernel n8k64_wB
2026-09-30T12:11:15+00:00 END prefill_qwen27b_ours-8x64_r2 rc=0
2026-09-30T12:11:15+00:00 prefill qwen27b round 3 order fo6,fo6-wB,ours-8x64,ours-8x64-opt
2026-09-30T12:11:15+00:00 START prefill_qwen27b_fo6_r3 /home/dev/.conda/envs/n16k64/bin/python /home/dev/NVFP4-RaZeR/experiments/paper/bench_prefill.py --model qwen27b --label fo6 --round 3 --shapes 1x128,1x256,1x512,1x1024,1x2048,1x4096,1x8192,4x2048 --reps 7 --out /home/dev/n16k64_campaign/kernel_opt/e2e/prefill/qwen27b/fo6/round3.json --artifact /home/dev/n16k64_campaign/paper/artifacts/qwen27b_fo6 --kernel auto_stock
2026-09-30T12:15:37+00:00 END prefill_qwen27b_fo6_r3 rc=0
2026-09-30T12:15:37+00:00 START prefill_qwen27b_fo6-wB_r3 /home/dev/.conda/envs/n16k64/bin/python /home/dev/NVFP4-RaZeR/experiments/paper/bench_prefill.py --model qwen27b --label fo6-wB --round 3 --shapes 1x128,1x256,1x512,1x1024,1x2048,1x4096,1x8192,4x2048 --reps 7 --out /home/dev/n16k64_campaign/kernel_opt/e2e/prefill/qwen27b/fo6-wB/round3.json --artifact /home/dev/n16k64_campaign/paper/artifacts/qwen27b_fo6 --kernel stock_wB
2026-09-30T12:20:00+00:00 END prefill_qwen27b_fo6-wB_r3 rc=0
2026-09-30T12:20:00+00:00 START prefill_qwen27b_ours-8x64_r3 /home/dev/.conda/envs/n16k64/bin/python /home/dev/NVFP4-RaZeR/experiments/paper/bench_prefill.py --model qwen27b --label ours-8x64 --round 3 --shapes 1x128,1x256,1x512,1x1024,1x2048,1x4096,1x8192,4x2048 --reps 7 --out /home/dev/n16k64_campaign/kernel_opt/e2e/prefill/qwen27b/ours-8x64/round3.json --artifact /home/dev/n16k64_campaign/paper/artifacts/qwen27b_tc_8x64 --kernel n8k64_wB
2026-09-30T12:24:23+00:00 END prefill_qwen27b_ours-8x64_r3 rc=0
2026-09-30T12:24:23+00:00 START prefill_qwen27b_ours-8x64-opt_r3 /home/dev/.conda/envs/n16k64/bin/python /home/dev/NVFP4-RaZeR/experiments/paper/bench_prefill.py --model qwen27b --label ours-8x64-opt --round 3 --shapes 1x128,1x256,1x512,1x1024,1x2048,1x4096,1x8192,4x2048 --reps 7 --out /home/dev/n16k64_campaign/kernel_opt/e2e/prefill/qwen27b/ours-8x64-opt/round3.json --artifact /home/dev/n16k64_campaign/paper/artifacts/qwen27b_tc_8x64 --kernel auto_wB
2026-09-30T12:28:44+00:00 END prefill_qwen27b_ours-8x64-opt_r3 rc=0
2026-09-30T12:28:44+00:00 prefill qwen27b round 4 order fo6-wB,ours-8x64,ours-8x64-opt,fo6
2026-09-30T12:28:44+00:00 START prefill_qwen27b_fo6-wB_r4 /home/dev/.conda/envs/n16k64/bin/python /home/dev/NVFP4-RaZeR/experiments/paper/bench_prefill.py --model qwen27b --label fo6-wB --round 4 --shapes 1x128,1x256,1x512,1x1024,1x2048,1x4096,1x8192,4x2048 --reps 7 --out /home/dev/n16k64_campaign/kernel_opt/e2e/prefill/qwen27b/fo6-wB/round4.json --artifact /home/dev/n16k64_campaign/paper/artifacts/qwen27b_fo6 --kernel stock_wB
2026-09-30T12:33:05+00:00 END prefill_qwen27b_fo6-wB_r4 rc=0
2026-09-30T12:33:05+00:00 START prefill_qwen27b_ours-8x64_r4 /home/dev/.conda/envs/n16k64/bin/python /home/dev/NVFP4-RaZeR/experiments/paper/bench_prefill.py --model qwen27b --label ours-8x64 --round 4 --shapes 1x128,1x256,1x512,1x1024,1x2048,1x4096,1x8192,4x2048 --reps 7 --out /home/dev/n16k64_campaign/kernel_opt/e2e/prefill/qwen27b/ours-8x64/round4.json --artifact /home/dev/n16k64_campaign/paper/artifacts/qwen27b_tc_8x64 --kernel n8k64_wB
2026-09-30T12:37:28+00:00 END prefill_qwen27b_ours-8x64_r4 rc=0
2026-09-30T12:37:28+00:00 START prefill_qwen27b_ours-8x64-opt_r4 /home/dev/.conda/envs/n16k64/bin/python /home/dev/NVFP4-RaZeR/experiments/paper/bench_prefill.py --model qwen27b --label ours-8x64-opt --round 4 --shapes 1x128,1x256,1x512,1x1024,1x2048,1x4096,1x8192,4x2048 --reps 7 --out /home/dev/n16k64_campaign/kernel_opt/e2e/prefill/qwen27b/ours-8x64-opt/round4.json --artifact /home/dev/n16k64_campaign/paper/artifacts/qwen27b_tc_8x64 --kernel auto_wB
2026-09-30T12:41:48+00:00 END prefill_qwen27b_ours-8x64-opt_r4 rc=0
2026-09-30T12:41:48+00:00 START prefill_qwen27b_fo6_r4 /home/dev/.conda/envs/n16k64/bin/python /home/dev/NVFP4-RaZeR/experiments/paper/bench_prefill.py --model qwen27b --label fo6 --round 4 --shapes 1x128,1x256,1x512,1x1024,1x2048,1x4096,1x8192,4x2048 --reps 7 --out /home/dev/n16k64_campaign/kernel_opt/e2e/prefill/qwen27b/fo6/round4.json --artifact /home/dev/n16k64_campaign/paper/artifacts/qwen27b_fo6 --kernel auto_stock
2026-09-30T12:46:05+00:00 END prefill_qwen27b_fo6_r4 rc=0
2026-09-30T12:46:05+00:00 prefill qwen27b round 5 order ours-8x64,ours-8x64-opt,fo6,fo6-wB
2026-09-30T12:46:05+00:00 START prefill_qwen27b_ours-8x64_r5 /home/dev/.conda/envs/n16k64/bin/python /home/dev/NVFP4-RaZeR/experiments/paper/bench_prefill.py --model qwen27b --label ours-8x64 --round 5 --shapes 1x128,1x256,1x512,1x1024,1x2048,1x4096,1x8192,4x2048 --reps 7 --out /home/dev/n16k64_campaign/kernel_opt/e2e/prefill/qwen27b/ours-8x64/round5.json --artifact /home/dev/n16k64_campaign/paper/artifacts/qwen27b_tc_8x64 --kernel n8k64_wB
2026-09-30T12:50:29+00:00 END prefill_qwen27b_ours-8x64_r5 rc=0
2026-09-30T12:50:29+00:00 START prefill_qwen27b_ours-8x64-opt_r5 /home/dev/.conda/envs/n16k64/bin/python /home/dev/NVFP4-RaZeR/experiments/paper/bench_prefill.py --model qwen27b --label ours-8x64-opt --round 5 --shapes 1x128,1x256,1x512,1x1024,1x2048,1x4096,1x8192,4x2048 --reps 7 --out /home/dev/n16k64_campaign/kernel_opt/e2e/prefill/qwen27b/ours-8x64-opt/round5.json --artifact /home/dev/n16k64_campaign/paper/artifacts/qwen27b_tc_8x64 --kernel auto_wB
2026-09-30T12:54:49+00:00 END prefill_qwen27b_ours-8x64-opt_r5 rc=0
2026-09-30T12:54:49+00:00 START prefill_qwen27b_fo6_r5 /home/dev/.conda/envs/n16k64/bin/python /home/dev/NVFP4-RaZeR/experiments/paper/bench_prefill.py --model qwen27b --label fo6 --round 5 --shapes 1x128,1x256,1x512,1x1024,1x2048,1x4096,1x8192,4x2048 --reps 7 --out /home/dev/n16k64_campaign/kernel_opt/e2e/prefill/qwen27b/fo6/round5.json --artifact /home/dev/n16k64_campaign/paper/artifacts/qwen27b_fo6 --kernel auto_stock
2026-09-30T12:59:07+00:00 END prefill_qwen27b_fo6_r5 rc=0
2026-09-30T12:59:07+00:00 START prefill_qwen27b_fo6-wB_r5 /home/dev/.conda/envs/n16k64/bin/python /home/dev/NVFP4-RaZeR/experiments/paper/bench_prefill.py --model qwen27b --label fo6-wB --round 5 --shapes 1x128,1x256,1x512,1x1024,1x2048,1x4096,1x8192,4x2048 --reps 7 --out /home/dev/n16k64_campaign/kernel_opt/e2e/prefill/qwen27b/fo6-wB/round5.json --artifact /home/dev/n16k64_campaign/paper/artifacts/qwen27b_fo6 --kernel stock_wB
2026-09-30T13:03:29+00:00 END prefill_qwen27b_fo6-wB_r5 rc=0
2026-09-30T13:03:29+00:00 decode llama8b round 1 order ours-8x64,ours-8x64-opt,fo6,fo6-wB
2026-09-30T13:03:29+00:00 START decode_llama8b_ours-8x64_r1 /home/dev/.conda/envs/n16k64/bin/python /home/dev/NVFP4-RaZeR/experiments/paper_extra/bench_decode.py --model llama8b --label ours-8x64 --round 1 --settings 1x512,4x512,16x512,1x2048,4x2048,16x2048 --out /home/dev/n16k64_campaign/kernel_opt/e2e/decode/llama8b/ours-8x64/round1.json --artifact /home/dev/n16k64_campaign/paper/artifacts/llama8b_tc_8x64 --kernel n8k64_wB
2026-09-30T13:04:12+00:00 END decode_llama8b_ours-8x64_r1 rc=0
2026-09-30T13:04:12+00:00 START decode_llama8b_ours-8x64-opt_r1 /home/dev/.conda/envs/n16k64/bin/python /home/dev/NVFP4-RaZeR/experiments/paper_extra/bench_decode.py --model llama8b --label ours-8x64-opt --round 1 --settings 1x512,4x512,16x512,1x2048,4x2048,16x2048 --out /home/dev/n16k64_campaign/kernel_opt/e2e/decode/llama8b/ours-8x64-opt/round1.json --artifact /home/dev/n16k64_campaign/paper/artifacts/llama8b_tc_8x64 --kernel auto_wB
2026-09-30T13:04:53+00:00 END decode_llama8b_ours-8x64-opt_r1 rc=0
2026-09-30T13:04:53+00:00 START decode_llama8b_fo6_r1 /home/dev/.conda/envs/n16k64/bin/python /home/dev/NVFP4-RaZeR/experiments/paper_extra/bench_decode.py --model llama8b --label fo6 --round 1 --settings 1x512,4x512,16x512,1x2048,4x2048,16x2048 --out /home/dev/n16k64_campaign/kernel_opt/e2e/decode/llama8b/fo6/round1.json --artifact /home/dev/n16k64_campaign/paper/artifacts/llama8b_fo6 --kernel auto_stock
2026-09-30T13:05:35+00:00 END decode_llama8b_fo6_r1 rc=0
2026-09-30T13:05:35+00:00 START decode_llama8b_fo6-wB_r1 /home/dev/.conda/envs/n16k64/bin/python /home/dev/NVFP4-RaZeR/experiments/paper_extra/bench_decode.py --model llama8b --label fo6-wB --round 1 --settings 1x512,4x512,16x512,1x2048,4x2048,16x2048 --out /home/dev/n16k64_campaign/kernel_opt/e2e/decode/llama8b/fo6-wB/round1.json --artifact /home/dev/n16k64_campaign/paper/artifacts/llama8b_fo6 --kernel stock_wB
2026-09-30T13:06:17+00:00 END decode_llama8b_fo6-wB_r1 rc=0
2026-09-30T13:06:17+00:00 decode llama8b round 2 order ours-8x64-opt,fo6,fo6-wB,ours-8x64
2026-09-30T13:06:17+00:00 START decode_llama8b_ours-8x64-opt_r2 /home/dev/.conda/envs/n16k64/bin/python /home/dev/NVFP4-RaZeR/experiments/paper_extra/bench_decode.py --model llama8b --label ours-8x64-opt --round 2 --settings 1x512,4x512,16x512,1x2048,4x2048,16x2048 --out /home/dev/n16k64_campaign/kernel_opt/e2e/decode/llama8b/ours-8x64-opt/round2.json --artifact /home/dev/n16k64_campaign/paper/artifacts/llama8b_tc_8x64 --kernel auto_wB
2026-09-30T13:06:59+00:00 END decode_llama8b_ours-8x64-opt_r2 rc=0
2026-09-30T13:06:59+00:00 START decode_llama8b_fo6_r2 /home/dev/.conda/envs/n16k64/bin/python /home/dev/NVFP4-RaZeR/experiments/paper_extra/bench_decode.py --model llama8b --label fo6 --round 2 --settings 1x512,4x512,16x512,1x2048,4x2048,16x2048 --out /home/dev/n16k64_campaign/kernel_opt/e2e/decode/llama8b/fo6/round2.json --artifact /home/dev/n16k64_campaign/paper/artifacts/llama8b_fo6 --kernel auto_stock
2026-09-30T13:07:40+00:00 END decode_llama8b_fo6_r2 rc=0
2026-09-30T13:07:40+00:00 START decode_llama8b_fo6-wB_r2 /home/dev/.conda/envs/n16k64/bin/python /home/dev/NVFP4-RaZeR/experiments/paper_extra/bench_decode.py --model llama8b --label fo6-wB --round 2 --settings 1x512,4x512,16x512,1x2048,4x2048,16x2048 --out /home/dev/n16k64_campaign/kernel_opt/e2e/decode/llama8b/fo6-wB/round2.json --artifact /home/dev/n16k64_campaign/paper/artifacts/llama8b_fo6 --kernel stock_wB
2026-09-30T13:08:22+00:00 END decode_llama8b_fo6-wB_r2 rc=0
2026-09-30T13:08:22+00:00 START decode_llama8b_ours-8x64_r2 /home/dev/.conda/envs/n16k64/bin/python /home/dev/NVFP4-RaZeR/experiments/paper_extra/bench_decode.py --model llama8b --label ours-8x64 --round 2 --settings 1x512,4x512,16x512,1x2048,4x2048,16x2048 --out /home/dev/n16k64_campaign/kernel_opt/e2e/decode/llama8b/ours-8x64/round2.json --artifact /home/dev/n16k64_campaign/paper/artifacts/llama8b_tc_8x64 --kernel n8k64_wB
2026-09-30T13:09:04+00:00 END decode_llama8b_ours-8x64_r2 rc=0
2026-09-30T13:09:04+00:00 decode llama8b round 3 order fo6,fo6-wB,ours-8x64,ours-8x64-opt
2026-09-30T13:09:04+00:00 START decode_llama8b_fo6_r3 /home/dev/.conda/envs/n16k64/bin/python /home/dev/NVFP4-RaZeR/experiments/paper_extra/bench_decode.py --model llama8b --label fo6 --round 3 --settings 1x512,4x512,16x512,1x2048,4x2048,16x2048 --out /home/dev/n16k64_campaign/kernel_opt/e2e/decode/llama8b/fo6/round3.json --artifact /home/dev/n16k64_campaign/paper/artifacts/llama8b_fo6 --kernel auto_stock
2026-09-30T13:09:46+00:00 END decode_llama8b_fo6_r3 rc=0
2026-09-30T13:09:46+00:00 START decode_llama8b_fo6-wB_r3 /home/dev/.conda/envs/n16k64/bin/python /home/dev/NVFP4-RaZeR/experiments/paper_extra/bench_decode.py --model llama8b --label fo6-wB --round 3 --settings 1x512,4x512,16x512,1x2048,4x2048,16x2048 --out /home/dev/n16k64_campaign/kernel_opt/e2e/decode/llama8b/fo6-wB/round3.json --artifact /home/dev/n16k64_campaign/paper/artifacts/llama8b_fo6 --kernel stock_wB
2026-09-30T13:10:28+00:00 END decode_llama8b_fo6-wB_r3 rc=0
2026-09-30T13:10:28+00:00 START decode_llama8b_ours-8x64_r3 /home/dev/.conda/envs/n16k64/bin/python /home/dev/NVFP4-RaZeR/experiments/paper_extra/bench_decode.py --model llama8b --label ours-8x64 --round 3 --settings 1x512,4x512,16x512,1x2048,4x2048,16x2048 --out /home/dev/n16k64_campaign/kernel_opt/e2e/decode/llama8b/ours-8x64/round3.json --artifact /home/dev/n16k64_campaign/paper/artifacts/llama8b_tc_8x64 --kernel n8k64_wB
2026-09-30T13:11:11+00:00 END decode_llama8b_ours-8x64_r3 rc=0
2026-09-30T13:11:11+00:00 START decode_llama8b_ours-8x64-opt_r3 /home/dev/.conda/envs/n16k64/bin/python /home/dev/NVFP4-RaZeR/experiments/paper_extra/bench_decode.py --model llama8b --label ours-8x64-opt --round 3 --settings 1x512,4x512,16x512,1x2048,4x2048,16x2048 --out /home/dev/n16k64_campaign/kernel_opt/e2e/decode/llama8b/ours-8x64-opt/round3.json --artifact /home/dev/n16k64_campaign/paper/artifacts/llama8b_tc_8x64 --kernel auto_wB
2026-09-30T13:11:52+00:00 END decode_llama8b_ours-8x64-opt_r3 rc=0
2026-09-30T13:11:52+00:00 decode llama8b round 4 order fo6-wB,ours-8x64,ours-8x64-opt,fo6
2026-09-30T13:11:52+00:00 START decode_llama8b_fo6-wB_r4 /home/dev/.conda/envs/n16k64/bin/python /home/dev/NVFP4-RaZeR/experiments/paper_extra/bench_decode.py --model llama8b --label fo6-wB --round 4 --settings 1x512,4x512,16x512,1x2048,4x2048,16x2048 --out /home/dev/n16k64_campaign/kernel_opt/e2e/decode/llama8b/fo6-wB/round4.json --artifact /home/dev/n16k64_campaign/paper/artifacts/llama8b_fo6 --kernel stock_wB
2026-09-30T13:12:34+00:00 END decode_llama8b_fo6-wB_r4 rc=0
2026-09-30T13:12:34+00:00 START decode_llama8b_ours-8x64_r4 /home/dev/.conda/envs/n16k64/bin/python /home/dev/NVFP4-RaZeR/experiments/paper_extra/bench_decode.py --model llama8b --label ours-8x64 --round 4 --settings 1x512,4x512,16x512,1x2048,4x2048,16x2048 --out /home/dev/n16k64_campaign/kernel_opt/e2e/decode/llama8b/ours-8x64/round4.json --artifact /home/dev/n16k64_campaign/paper/artifacts/llama8b_tc_8x64 --kernel n8k64_wB
2026-09-30T13:13:17+00:00 END decode_llama8b_ours-8x64_r4 rc=0
2026-09-30T13:13:17+00:00 START decode_llama8b_ours-8x64-opt_r4 /home/dev/.conda/envs/n16k64/bin/python /home/dev/NVFP4-RaZeR/experiments/paper_extra/bench_decode.py --model llama8b --label ours-8x64-opt --round 4 --settings 1x512,4x512,16x512,1x2048,4x2048,16x2048 --out /home/dev/n16k64_campaign/kernel_opt/e2e/decode/llama8b/ours-8x64-opt/round4.json --artifact /home/dev/n16k64_campaign/paper/artifacts/llama8b_tc_8x64 --kernel auto_wB
2026-09-30T13:13:58+00:00 END decode_llama8b_ours-8x64-opt_r4 rc=0
2026-09-30T13:13:58+00:00 START decode_llama8b_fo6_r4 /home/dev/.conda/envs/n16k64/bin/python /home/dev/NVFP4-RaZeR/experiments/paper_extra/bench_decode.py --model llama8b --label fo6 --round 4 --settings 1x512,4x512,16x512,1x2048,4x2048,16x2048 --out /home/dev/n16k64_campaign/kernel_opt/e2e/decode/llama8b/fo6/round4.json --artifact /home/dev/n16k64_campaign/paper/artifacts/llama8b_fo6 --kernel auto_stock
2026-09-30T13:14:39+00:00 END decode_llama8b_fo6_r4 rc=0
2026-09-30T13:14:39+00:00 decode llama8b round 5 order ours-8x64,ours-8x64-opt,fo6,fo6-wB
2026-09-30T13:14:39+00:00 START decode_llama8b_ours-8x64_r5 /home/dev/.conda/envs/n16k64/bin/python /home/dev/NVFP4-RaZeR/experiments/paper_extra/bench_decode.py --model llama8b --label ours-8x64 --round 5 --settings 1x512,4x512,16x512,1x2048,4x2048,16x2048 --out /home/dev/n16k64_campaign/kernel_opt/e2e/decode/llama8b/ours-8x64/round5.json --artifact /home/dev/n16k64_campaign/paper/artifacts/llama8b_tc_8x64 --kernel n8k64_wB
2026-09-30T13:15:23+00:00 END decode_llama8b_ours-8x64_r5 rc=0
2026-09-30T13:15:23+00:00 START decode_llama8b_ours-8x64-opt_r5 /home/dev/.conda/envs/n16k64/bin/python /home/dev/NVFP4-RaZeR/experiments/paper_extra/bench_decode.py --model llama8b --label ours-8x64-opt --round 5 --settings 1x512,4x512,16x512,1x2048,4x2048,16x2048 --out /home/dev/n16k64_campaign/kernel_opt/e2e/decode/llama8b/ours-8x64-opt/round5.json --artifact /home/dev/n16k64_campaign/paper/artifacts/llama8b_tc_8x64 --kernel auto_wB
2026-09-30T13:16:04+00:00 END decode_llama8b_ours-8x64-opt_r5 rc=0
2026-09-30T13:16:04+00:00 START decode_llama8b_fo6_r5 /home/dev/.conda/envs/n16k64/bin/python /home/dev/NVFP4-RaZeR/experiments/paper_extra/bench_decode.py --model llama8b --label fo6 --round 5 --settings 1x512,4x512,16x512,1x2048,4x2048,16x2048 --out /home/dev/n16k64_campaign/kernel_opt/e2e/decode/llama8b/fo6/round5.json --artifact /home/dev/n16k64_campaign/paper/artifacts/llama8b_fo6 --kernel auto_stock
2026-09-30T13:16:45+00:00 END decode_llama8b_fo6_r5 rc=0
2026-09-30T13:16:45+00:00 START decode_llama8b_fo6-wB_r5 /home/dev/.conda/envs/n16k64/bin/python /home/dev/NVFP4-RaZeR/experiments/paper_extra/bench_decode.py --model llama8b --label fo6-wB --round 5 --settings 1x512,4x512,16x512,1x2048,4x2048,16x2048 --out /home/dev/n16k64_campaign/kernel_opt/e2e/decode/llama8b/fo6-wB/round5.json --artifact /home/dev/n16k64_campaign/paper/artifacts/llama8b_fo6 --kernel stock_wB
2026-09-30T13:17:27+00:00 END decode_llama8b_fo6-wB_r5 rc=0
2026-09-30T13:17:27+00:00 decode mistral7b round 1 order ours-8x64,ours-8x64-opt,fo6,fo6-wB
2026-09-30T13:17:27+00:00 START decode_mistral7b_ours-8x64_r1 /home/dev/.conda/envs/n16k64/bin/python /home/dev/NVFP4-RaZeR/experiments/paper_extra/bench_decode.py --model mistral7b --label ours-8x64 --round 1 --settings 1x512,4x512,16x512,1x2048,4x2048,16x2048 --out /home/dev/n16k64_campaign/kernel_opt/e2e/decode/mistral7b/ours-8x64/round1.json --artifact /home/dev/n16k64_campaign/paper/artifacts/mistral7b_tc_8x64 --kernel n8k64_wB
2026-09-30T13:18:07+00:00 END decode_mistral7b_ours-8x64_r1 rc=0
2026-09-30T13:18:07+00:00 START decode_mistral7b_ours-8x64-opt_r1 /home/dev/.conda/envs/n16k64/bin/python /home/dev/NVFP4-RaZeR/experiments/paper_extra/bench_decode.py --model mistral7b --label ours-8x64-opt --round 1 --settings 1x512,4x512,16x512,1x2048,4x2048,16x2048 --out /home/dev/n16k64_campaign/kernel_opt/e2e/decode/mistral7b/ours-8x64-opt/round1.json --artifact /home/dev/n16k64_campaign/paper/artifacts/mistral7b_tc_8x64 --kernel auto_wB
2026-09-30T13:18:48+00:00 END decode_mistral7b_ours-8x64-opt_r1 rc=0
2026-09-30T13:18:48+00:00 START decode_mistral7b_fo6_r1 /home/dev/.conda/envs/n16k64/bin/python /home/dev/NVFP4-RaZeR/experiments/paper_extra/bench_decode.py --model mistral7b --label fo6 --round 1 --settings 1x512,4x512,16x512,1x2048,4x2048,16x2048 --out /home/dev/n16k64_campaign/kernel_opt/e2e/decode/mistral7b/fo6/round1.json --artifact /home/dev/n16k64_campaign/paper/artifacts/mistral7b_fo6 --kernel auto_stock
2026-09-30T13:19:29+00:00 END decode_mistral7b_fo6_r1 rc=0
2026-09-30T13:19:29+00:00 START decode_mistral7b_fo6-wB_r1 /home/dev/.conda/envs/n16k64/bin/python /home/dev/NVFP4-RaZeR/experiments/paper_extra/bench_decode.py --model mistral7b --label fo6-wB --round 1 --settings 1x512,4x512,16x512,1x2048,4x2048,16x2048 --out /home/dev/n16k64_campaign/kernel_opt/e2e/decode/mistral7b/fo6-wB/round1.json --artifact /home/dev/n16k64_campaign/paper/artifacts/mistral7b_fo6 --kernel stock_wB
2026-09-30T13:20:10+00:00 END decode_mistral7b_fo6-wB_r1 rc=0
2026-09-30T13:20:10+00:00 decode mistral7b round 2 order ours-8x64-opt,fo6,fo6-wB,ours-8x64
2026-09-30T13:20:10+00:00 START decode_mistral7b_ours-8x64-opt_r2 /home/dev/.conda/envs/n16k64/bin/python /home/dev/NVFP4-RaZeR/experiments/paper_extra/bench_decode.py --model mistral7b --label ours-8x64-opt --round 2 --settings 1x512,4x512,16x512,1x2048,4x2048,16x2048 --out /home/dev/n16k64_campaign/kernel_opt/e2e/decode/mistral7b/ours-8x64-opt/round2.json --artifact /home/dev/n16k64_campaign/paper/artifacts/mistral7b_tc_8x64 --kernel auto_wB
2026-09-30T13:20:50+00:00 END decode_mistral7b_ours-8x64-opt_r2 rc=0
2026-09-30T13:20:50+00:00 START decode_mistral7b_fo6_r2 /home/dev/.conda/envs/n16k64/bin/python /home/dev/NVFP4-RaZeR/experiments/paper_extra/bench_decode.py --model mistral7b --label fo6 --round 2 --settings 1x512,4x512,16x512,1x2048,4x2048,16x2048 --out /home/dev/n16k64_campaign/kernel_opt/e2e/decode/mistral7b/fo6/round2.json --artifact /home/dev/n16k64_campaign/paper/artifacts/mistral7b_fo6 --kernel auto_stock
2026-09-30T13:21:29+00:00 END decode_mistral7b_fo6_r2 rc=0
2026-09-30T13:21:29+00:00 START decode_mistral7b_fo6-wB_r2 /home/dev/.conda/envs/n16k64/bin/python /home/dev/NVFP4-RaZeR/experiments/paper_extra/bench_decode.py --model mistral7b --label fo6-wB --round 2 --settings 1x512,4x512,16x512,1x2048,4x2048,16x2048 --out /home/dev/n16k64_campaign/kernel_opt/e2e/decode/mistral7b/fo6-wB/round2.json --artifact /home/dev/n16k64_campaign/paper/artifacts/mistral7b_fo6 --kernel stock_wB
2026-09-30T13:22:10+00:00 END decode_mistral7b_fo6-wB_r2 rc=0
2026-09-30T13:22:10+00:00 START decode_mistral7b_ours-8x64_r2 /home/dev/.conda/envs/n16k64/bin/python /home/dev/NVFP4-RaZeR/experiments/paper_extra/bench_decode.py --model mistral7b --label ours-8x64 --round 2 --settings 1x512,4x512,16x512,1x2048,4x2048,16x2048 --out /home/dev/n16k64_campaign/kernel_opt/e2e/decode/mistral7b/ours-8x64/round2.json --artifact /home/dev/n16k64_campaign/paper/artifacts/mistral7b_tc_8x64 --kernel n8k64_wB
2026-09-30T13:22:51+00:00 END decode_mistral7b_ours-8x64_r2 rc=0
2026-09-30T13:22:51+00:00 decode mistral7b round 3 order fo6,fo6-wB,ours-8x64,ours-8x64-opt
2026-09-30T13:22:51+00:00 START decode_mistral7b_fo6_r3 /home/dev/.conda/envs/n16k64/bin/python /home/dev/NVFP4-RaZeR/experiments/paper_extra/bench_decode.py --model mistral7b --label fo6 --round 3 --settings 1x512,4x512,16x512,1x2048,4x2048,16x2048 --out /home/dev/n16k64_campaign/kernel_opt/e2e/decode/mistral7b/fo6/round3.json --artifact /home/dev/n16k64_campaign/paper/artifacts/mistral7b_fo6 --kernel auto_stock
2026-09-30T13:23:31+00:00 END decode_mistral7b_fo6_r3 rc=0
2026-09-30T13:23:31+00:00 START decode_mistral7b_fo6-wB_r3 /home/dev/.conda/envs/n16k64/bin/python /home/dev/NVFP4-RaZeR/experiments/paper_extra/bench_decode.py --model mistral7b --label fo6-wB --round 3 --settings 1x512,4x512,16x512,1x2048,4x2048,16x2048 --out /home/dev/n16k64_campaign/kernel_opt/e2e/decode/mistral7b/fo6-wB/round3.json --artifact /home/dev/n16k64_campaign/paper/artifacts/mistral7b_fo6 --kernel stock_wB
2026-09-30T13:24:12+00:00 END decode_mistral7b_fo6-wB_r3 rc=0
2026-09-30T13:24:12+00:00 START decode_mistral7b_ours-8x64_r3 /home/dev/.conda/envs/n16k64/bin/python /home/dev/NVFP4-RaZeR/experiments/paper_extra/bench_decode.py --model mistral7b --label ours-8x64 --round 3 --settings 1x512,4x512,16x512,1x2048,4x2048,16x2048 --out /home/dev/n16k64_campaign/kernel_opt/e2e/decode/mistral7b/ours-8x64/round3.json --artifact /home/dev/n16k64_campaign/paper/artifacts/mistral7b_tc_8x64 --kernel n8k64_wB
2026-09-30T13:24:53+00:00 END decode_mistral7b_ours-8x64_r3 rc=0
2026-09-30T13:24:53+00:00 START decode_mistral7b_ours-8x64-opt_r3 /home/dev/.conda/envs/n16k64/bin/python /home/dev/NVFP4-RaZeR/experiments/paper_extra/bench_decode.py --model mistral7b --label ours-8x64-opt --round 3 --settings 1x512,4x512,16x512,1x2048,4x2048,16x2048 --out /home/dev/n16k64_campaign/kernel_opt/e2e/decode/mistral7b/ours-8x64-opt/round3.json --artifact /home/dev/n16k64_campaign/paper/artifacts/mistral7b_tc_8x64 --kernel auto_wB
2026-09-30T13:25:32+00:00 END decode_mistral7b_ours-8x64-opt_r3 rc=0
2026-09-30T13:25:32+00:00 decode mistral7b round 4 order fo6-wB,ours-8x64,ours-8x64-opt,fo6
2026-09-30T13:25:32+00:00 START decode_mistral7b_fo6-wB_r4 /home/dev/.conda/envs/n16k64/bin/python /home/dev/NVFP4-RaZeR/experiments/paper_extra/bench_decode.py --model mistral7b --label fo6-wB --round 4 --settings 1x512,4x512,16x512,1x2048,4x2048,16x2048 --out /home/dev/n16k64_campaign/kernel_opt/e2e/decode/mistral7b/fo6-wB/round4.json --artifact /home/dev/n16k64_campaign/paper/artifacts/mistral7b_fo6 --kernel stock_wB
2026-09-30T13:26:14+00:00 END decode_mistral7b_fo6-wB_r4 rc=0
2026-09-30T13:26:14+00:00 START decode_mistral7b_ours-8x64_r4 /home/dev/.conda/envs/n16k64/bin/python /home/dev/NVFP4-RaZeR/experiments/paper_extra/bench_decode.py --model mistral7b --label ours-8x64 --round 4 --settings 1x512,4x512,16x512,1x2048,4x2048,16x2048 --out /home/dev/n16k64_campaign/kernel_opt/e2e/decode/mistral7b/ours-8x64/round4.json --artifact /home/dev/n16k64_campaign/paper/artifacts/mistral7b_tc_8x64 --kernel n8k64_wB
2026-09-30T13:26:55+00:00 END decode_mistral7b_ours-8x64_r4 rc=0
2026-09-30T13:26:55+00:00 START decode_mistral7b_ours-8x64-opt_r4 /home/dev/.conda/envs/n16k64/bin/python /home/dev/NVFP4-RaZeR/experiments/paper_extra/bench_decode.py --model mistral7b --label ours-8x64-opt --round 4 --settings 1x512,4x512,16x512,1x2048,4x2048,16x2048 --out /home/dev/n16k64_campaign/kernel_opt/e2e/decode/mistral7b/ours-8x64-opt/round4.json --artifact /home/dev/n16k64_campaign/paper/artifacts/mistral7b_tc_8x64 --kernel auto_wB
2026-09-30T13:27:35+00:00 END decode_mistral7b_ours-8x64-opt_r4 rc=0
2026-09-30T13:27:35+00:00 START decode_mistral7b_fo6_r4 /home/dev/.conda/envs/n16k64/bin/python /home/dev/NVFP4-RaZeR/experiments/paper_extra/bench_decode.py --model mistral7b --label fo6 --round 4 --settings 1x512,4x512,16x512,1x2048,4x2048,16x2048 --out /home/dev/n16k64_campaign/kernel_opt/e2e/decode/mistral7b/fo6/round4.json --artifact /home/dev/n16k64_campaign/paper/artifacts/mistral7b_fo6 --kernel auto_stock
2026-09-30T13:28:16+00:00 END decode_mistral7b_fo6_r4 rc=0
2026-09-30T13:28:16+00:00 decode mistral7b round 5 order ours-8x64,ours-8x64-opt,fo6,fo6-wB
2026-09-30T13:28:16+00:00 START decode_mistral7b_ours-8x64_r5 /home/dev/.conda/envs/n16k64/bin/python /home/dev/NVFP4-RaZeR/experiments/paper_extra/bench_decode.py --model mistral7b --label ours-8x64 --round 5 --settings 1x512,4x512,16x512,1x2048,4x2048,16x2048 --out /home/dev/n16k64_campaign/kernel_opt/e2e/decode/mistral7b/ours-8x64/round5.json --artifact /home/dev/n16k64_campaign/paper/artifacts/mistral7b_tc_8x64 --kernel n8k64_wB
2026-09-30T13:28:57+00:00 END decode_mistral7b_ours-8x64_r5 rc=0
2026-09-30T13:28:57+00:00 START decode_mistral7b_ours-8x64-opt_r5 /home/dev/.conda/envs/n16k64/bin/python /home/dev/NVFP4-RaZeR/experiments/paper_extra/bench_decode.py --model mistral7b --label ours-8x64-opt --round 5 --settings 1x512,4x512,16x512,1x2048,4x2048,16x2048 --out /home/dev/n16k64_campaign/kernel_opt/e2e/decode/mistral7b/ours-8x64-opt/round5.json --artifact /home/dev/n16k64_campaign/paper/artifacts/mistral7b_tc_8x64 --kernel auto_wB
2026-09-30T13:29:37+00:00 END decode_mistral7b_ours-8x64-opt_r5 rc=0
2026-09-30T13:29:37+00:00 START decode_mistral7b_fo6_r5 /home/dev/.conda/envs/n16k64/bin/python /home/dev/NVFP4-RaZeR/experiments/paper_extra/bench_decode.py --model mistral7b --label fo6 --round 5 --settings 1x512,4x512,16x512,1x2048,4x2048,16x2048 --out /home/dev/n16k64_campaign/kernel_opt/e2e/decode/mistral7b/fo6/round5.json --artifact /home/dev/n16k64_campaign/paper/artifacts/mistral7b_fo6 --kernel auto_stock
2026-09-30T13:30:18+00:00 END decode_mistral7b_fo6_r5 rc=0
2026-09-30T13:30:18+00:00 START decode_mistral7b_fo6-wB_r5 /home/dev/.conda/envs/n16k64/bin/python /home/dev/NVFP4-RaZeR/experiments/paper_extra/bench_decode.py --model mistral7b --label fo6-wB --round 5 --settings 1x512,4x512,16x512,1x2048,4x2048,16x2048 --out /home/dev/n16k64_campaign/kernel_opt/e2e/decode/mistral7b/fo6-wB/round5.json --artifact /home/dev/n16k64_campaign/paper/artifacts/mistral7b_fo6 --kernel stock_wB
2026-09-30T13:31:00+00:00 END decode_mistral7b_fo6-wB_r5 rc=0
2026-09-30T13:31:00+00:00 decode phi4 round 1 order ours-8x64,ours-8x64-opt,fo6,fo6-wB
2026-09-30T13:31:00+00:00 START decode_phi4_ours-8x64_r1 /home/dev/.conda/envs/n16k64/bin/python /home/dev/NVFP4-RaZeR/experiments/paper_extra/bench_decode.py --model phi4 --label ours-8x64 --round 1 --settings 1x512,4x512,16x512,1x2048,4x2048,16x2048 --out /home/dev/n16k64_campaign/kernel_opt/e2e/decode/phi4/ours-8x64/round1.json --artifact /home/dev/n16k64_campaign/paper/artifacts/phi4_tc_8x64 --kernel n8k64_wB
2026-09-30T13:32:02+00:00 END decode_phi4_ours-8x64_r1 rc=0
2026-09-30T13:32:02+00:00 START decode_phi4_ours-8x64-opt_r1 /home/dev/.conda/envs/n16k64/bin/python /home/dev/NVFP4-RaZeR/experiments/paper_extra/bench_decode.py --model phi4 --label ours-8x64-opt --round 1 --settings 1x512,4x512,16x512,1x2048,4x2048,16x2048 --out /home/dev/n16k64_campaign/kernel_opt/e2e/decode/phi4/ours-8x64-opt/round1.json --artifact /home/dev/n16k64_campaign/paper/artifacts/phi4_tc_8x64 --kernel auto_wB
2026-09-30T13:33:04+00:00 END decode_phi4_ours-8x64-opt_r1 rc=0
2026-09-30T13:33:04+00:00 START decode_phi4_fo6_r1 /home/dev/.conda/envs/n16k64/bin/python /home/dev/NVFP4-RaZeR/experiments/paper_extra/bench_decode.py --model phi4 --label fo6 --round 1 --settings 1x512,4x512,16x512,1x2048,4x2048,16x2048 --out /home/dev/n16k64_campaign/kernel_opt/e2e/decode/phi4/fo6/round1.json --artifact /home/dev/n16k64_campaign/paper/artifacts/phi4_fo6 --kernel auto_stock
2026-09-30T13:34:04+00:00 END decode_phi4_fo6_r1 rc=0
2026-09-30T13:34:04+00:00 START decode_phi4_fo6-wB_r1 /home/dev/.conda/envs/n16k64/bin/python /home/dev/NVFP4-RaZeR/experiments/paper_extra/bench_decode.py --model phi4 --label fo6-wB --round 1 --settings 1x512,4x512,16x512,1x2048,4x2048,16x2048 --out /home/dev/n16k64_campaign/kernel_opt/e2e/decode/phi4/fo6-wB/round1.json --artifact /home/dev/n16k64_campaign/paper/artifacts/phi4_fo6 --kernel stock_wB
2026-09-30T13:35:07+00:00 END decode_phi4_fo6-wB_r1 rc=0
2026-09-30T13:35:07+00:00 decode phi4 round 2 order ours-8x64-opt,fo6,fo6-wB,ours-8x64
2026-09-30T13:35:07+00:00 START decode_phi4_ours-8x64-opt_r2 /home/dev/.conda/envs/n16k64/bin/python /home/dev/NVFP4-RaZeR/experiments/paper_extra/bench_decode.py --model phi4 --label ours-8x64-opt --round 2 --settings 1x512,4x512,16x512,1x2048,4x2048,16x2048 --out /home/dev/n16k64_campaign/kernel_opt/e2e/decode/phi4/ours-8x64-opt/round2.json --artifact /home/dev/n16k64_campaign/paper/artifacts/phi4_tc_8x64 --kernel auto_wB
2026-09-30T13:36:08+00:00 END decode_phi4_ours-8x64-opt_r2 rc=0
2026-09-30T13:36:08+00:00 START decode_phi4_fo6_r2 /home/dev/.conda/envs/n16k64/bin/python /home/dev/NVFP4-RaZeR/experiments/paper_extra/bench_decode.py --model phi4 --label fo6 --round 2 --settings 1x512,4x512,16x512,1x2048,4x2048,16x2048 --out /home/dev/n16k64_campaign/kernel_opt/e2e/decode/phi4/fo6/round2.json --artifact /home/dev/n16k64_campaign/paper/artifacts/phi4_fo6 --kernel auto_stock
2026-09-30T13:37:09+00:00 END decode_phi4_fo6_r2 rc=0
2026-09-30T13:37:09+00:00 START decode_phi4_fo6-wB_r2 /home/dev/.conda/envs/n16k64/bin/python /home/dev/NVFP4-RaZeR/experiments/paper_extra/bench_decode.py --model phi4 --label fo6-wB --round 2 --settings 1x512,4x512,16x512,1x2048,4x2048,16x2048 --out /home/dev/n16k64_campaign/kernel_opt/e2e/decode/phi4/fo6-wB/round2.json --artifact /home/dev/n16k64_campaign/paper/artifacts/phi4_fo6 --kernel stock_wB
2026-09-30T13:38:11+00:00 END decode_phi4_fo6-wB_r2 rc=0
2026-09-30T13:38:11+00:00 START decode_phi4_ours-8x64_r2 /home/dev/.conda/envs/n16k64/bin/python /home/dev/NVFP4-RaZeR/experiments/paper_extra/bench_decode.py --model phi4 --label ours-8x64 --round 2 --settings 1x512,4x512,16x512,1x2048,4x2048,16x2048 --out /home/dev/n16k64_campaign/kernel_opt/e2e/decode/phi4/ours-8x64/round2.json --artifact /home/dev/n16k64_campaign/paper/artifacts/phi4_tc_8x64 --kernel n8k64_wB
2026-09-30T13:39:14+00:00 END decode_phi4_ours-8x64_r2 rc=0
2026-09-30T13:39:14+00:00 decode phi4 round 3 order fo6,fo6-wB,ours-8x64,ours-8x64-opt
2026-09-30T13:39:14+00:00 START decode_phi4_fo6_r3 /home/dev/.conda/envs/n16k64/bin/python /home/dev/NVFP4-RaZeR/experiments/paper_extra/bench_decode.py --model phi4 --label fo6 --round 3 --settings 1x512,4x512,16x512,1x2048,4x2048,16x2048 --out /home/dev/n16k64_campaign/kernel_opt/e2e/decode/phi4/fo6/round3.json --artifact /home/dev/n16k64_campaign/paper/artifacts/phi4_fo6 --kernel auto_stock
2026-09-30T13:40:14+00:00 END decode_phi4_fo6_r3 rc=0
2026-09-30T13:40:14+00:00 START decode_phi4_fo6-wB_r3 /home/dev/.conda/envs/n16k64/bin/python /home/dev/NVFP4-RaZeR/experiments/paper_extra/bench_decode.py --model phi4 --label fo6-wB --round 3 --settings 1x512,4x512,16x512,1x2048,4x2048,16x2048 --out /home/dev/n16k64_campaign/kernel_opt/e2e/decode/phi4/fo6-wB/round3.json --artifact /home/dev/n16k64_campaign/paper/artifacts/phi4_fo6 --kernel stock_wB
2026-09-30T13:41:17+00:00 END decode_phi4_fo6-wB_r3 rc=0
2026-09-30T13:41:17+00:00 START decode_phi4_ours-8x64_r3 /home/dev/.conda/envs/n16k64/bin/python /home/dev/NVFP4-RaZeR/experiments/paper_extra/bench_decode.py --model phi4 --label ours-8x64 --round 3 --settings 1x512,4x512,16x512,1x2048,4x2048,16x2048 --out /home/dev/n16k64_campaign/kernel_opt/e2e/decode/phi4/ours-8x64/round3.json --artifact /home/dev/n16k64_campaign/paper/artifacts/phi4_tc_8x64 --kernel n8k64_wB
2026-09-30T13:42:19+00:00 END decode_phi4_ours-8x64_r3 rc=0
2026-09-30T13:42:19+00:00 START decode_phi4_ours-8x64-opt_r3 /home/dev/.conda/envs/n16k64/bin/python /home/dev/NVFP4-RaZeR/experiments/paper_extra/bench_decode.py --model phi4 --label ours-8x64-opt --round 3 --settings 1x512,4x512,16x512,1x2048,4x2048,16x2048 --out /home/dev/n16k64_campaign/kernel_opt/e2e/decode/phi4/ours-8x64-opt/round3.json --artifact /home/dev/n16k64_campaign/paper/artifacts/phi4_tc_8x64 --kernel auto_wB
2026-09-30T13:43:20+00:00 END decode_phi4_ours-8x64-opt_r3 rc=0
2026-09-30T13:43:20+00:00 decode phi4 round 4 order fo6-wB,ours-8x64,ours-8x64-opt,fo6
2026-09-30T13:43:20+00:00 START decode_phi4_fo6-wB_r4 /home/dev/.conda/envs/n16k64/bin/python /home/dev/NVFP4-RaZeR/experiments/paper_extra/bench_decode.py --model phi4 --label fo6-wB --round 4 --settings 1x512,4x512,16x512,1x2048,4x2048,16x2048 --out /home/dev/n16k64_campaign/kernel_opt/e2e/decode/phi4/fo6-wB/round4.json --artifact /home/dev/n16k64_campaign/paper/artifacts/phi4_fo6 --kernel stock_wB
2026-09-30T13:44:21+00:00 END decode_phi4_fo6-wB_r4 rc=0
2026-09-30T13:44:21+00:00 START decode_phi4_ours-8x64_r4 /home/dev/.conda/envs/n16k64/bin/python /home/dev/NVFP4-RaZeR/experiments/paper_extra/bench_decode.py --model phi4 --label ours-8x64 --round 4 --settings 1x512,4x512,16x512,1x2048,4x2048,16x2048 --out /home/dev/n16k64_campaign/kernel_opt/e2e/decode/phi4/ours-8x64/round4.json --artifact /home/dev/n16k64_campaign/paper/artifacts/phi4_tc_8x64 --kernel n8k64_wB
2026-09-30T13:45:24+00:00 END decode_phi4_ours-8x64_r4 rc=0
2026-09-30T13:45:24+00:00 START decode_phi4_ours-8x64-opt_r4 /home/dev/.conda/envs/n16k64/bin/python /home/dev/NVFP4-RaZeR/experiments/paper_extra/bench_decode.py --model phi4 --label ours-8x64-opt --round 4 --settings 1x512,4x512,16x512,1x2048,4x2048,16x2048 --out /home/dev/n16k64_campaign/kernel_opt/e2e/decode/phi4/ours-8x64-opt/round4.json --artifact /home/dev/n16k64_campaign/paper/artifacts/phi4_tc_8x64 --kernel auto_wB
2026-09-30T13:46:25+00:00 END decode_phi4_ours-8x64-opt_r4 rc=0
2026-09-30T13:46:25+00:00 START decode_phi4_fo6_r4 /home/dev/.conda/envs/n16k64/bin/python /home/dev/NVFP4-RaZeR/experiments/paper_extra/bench_decode.py --model phi4 --label fo6 --round 4 --settings 1x512,4x512,16x512,1x2048,4x2048,16x2048 --out /home/dev/n16k64_campaign/kernel_opt/e2e/decode/phi4/fo6/round4.json --artifact /home/dev/n16k64_campaign/paper/artifacts/phi4_fo6 --kernel auto_stock
2026-09-30T13:47:26+00:00 END decode_phi4_fo6_r4 rc=0
2026-09-30T13:47:26+00:00 decode phi4 round 5 order ours-8x64,ours-8x64-opt,fo6,fo6-wB
2026-09-30T13:47:26+00:00 START decode_phi4_ours-8x64_r5 /home/dev/.conda/envs/n16k64/bin/python /home/dev/NVFP4-RaZeR/experiments/paper_extra/bench_decode.py --model phi4 --label ours-8x64 --round 5 --settings 1x512,4x512,16x512,1x2048,4x2048,16x2048 --out /home/dev/n16k64_campaign/kernel_opt/e2e/decode/phi4/ours-8x64/round5.json --artifact /home/dev/n16k64_campaign/paper/artifacts/phi4_tc_8x64 --kernel n8k64_wB
2026-09-30T13:48:28+00:00 END decode_phi4_ours-8x64_r5 rc=0
2026-09-30T13:48:28+00:00 START decode_phi4_ours-8x64-opt_r5 /home/dev/.conda/envs/n16k64/bin/python /home/dev/NVFP4-RaZeR/experiments/paper_extra/bench_decode.py --model phi4 --label ours-8x64-opt --round 5 --settings 1x512,4x512,16x512,1x2048,4x2048,16x2048 --out /home/dev/n16k64_campaign/kernel_opt/e2e/decode/phi4/ours-8x64-opt/round5.json --artifact /home/dev/n16k64_campaign/paper/artifacts/phi4_tc_8x64 --kernel auto_wB
2026-09-30T13:49:29+00:00 END decode_phi4_ours-8x64-opt_r5 rc=0
2026-09-30T13:49:29+00:00 START decode_phi4_fo6_r5 /home/dev/.conda/envs/n16k64/bin/python /home/dev/NVFP4-RaZeR/experiments/paper_extra/bench_decode.py --model phi4 --label fo6 --round 5 --settings 1x512,4x512,16x512,1x2048,4x2048,16x2048 --out /home/dev/n16k64_campaign/kernel_opt/e2e/decode/phi4/fo6/round5.json --artifact /home/dev/n16k64_campaign/paper/artifacts/phi4_fo6 --kernel auto_stock
2026-09-30T13:50:30+00:00 END decode_phi4_fo6_r5 rc=0
2026-09-30T13:50:30+00:00 START decode_phi4_fo6-wB_r5 /home/dev/.conda/envs/n16k64/bin/python /home/dev/NVFP4-RaZeR/experiments/paper_extra/bench_decode.py --model phi4 --label fo6-wB --round 5 --settings 1x512,4x512,16x512,1x2048,4x2048,16x2048 --out /home/dev/n16k64_campaign/kernel_opt/e2e/decode/phi4/fo6-wB/round5.json --artifact /home/dev/n16k64_campaign/paper/artifacts/phi4_fo6 --kernel stock_wB
2026-09-30T13:51:34+00:00 END decode_phi4_fo6-wB_r5 rc=0
