MAP {"map_file": "/home/dev/n16k64_campaign/main_ppl/artifacts/mistral7b_ins_tc_16x64.mixfp4map", "type_block": [16, 64], "kernel": "n16k64_wA", "totals": {"selected_tiles": 243284, "total_tiles": 6815744, "selected_weights": 249122816, "total_weights": 6979321856, "selected_fraction": 0.03569441575270433}, "expansion": null}
Loading weights:   0%|          | 0/291 [00:00<?, ?it/s]Loading weights:   8%|▊         | 24/291 [00:00<00:01, 215.69it/s]Loading weights:  16%|█▌        | 46/291 [00:00<00:01, 200.43it/s]Loading weights:  23%|██▎       | 68/291 [00:00<00:01, 202.77it/s]Loading weights:  33%|███▎      | 95/291 [00:00<00:00, 223.59it/s]Loading weights:  42%|████▏     | 123/291 [00:00<00:00, 236.97it/s]Loading weights:  51%|█████     | 148/291 [00:00<00:00, 238.27it/s]Loading weights:  59%|█████▉    | 172/291 [00:00<00:00, 224.43it/s]Loading weights:  67%|██████▋   | 195/291 [00:00<00:00, 208.23it/s]Loading weights:  75%|███████▍  | 217/291 [00:01<00:00, 201.98it/s]Loading weights:  82%|████████▏ | 238/291 [00:01<00:00, 189.59it/s]Loading weights:  89%|████████▊ | 258/291 [00:01<00:00, 174.93it/s]Loading weights:  95%|█████████▍| 276/291 [00:01<00:00, 171.04it/s]Loading weights: 100%|██████████| 291/291 [00:01<00:00, 203.43it/s]
CANDIDATES equal sm120 fake-quant candidates on all 224 modules
ARTIFACT {"out": "/home/dev/n16k64_campaign/main_ppl/artifacts/mistral7b_ins_tc_16x64", "modules": 224, "e0m3_tiles": 243284, "packed_GB": 3.489660928, "weights_sha256": "1b35dd44aacc29fde0fdeab0b863cb51d4acfc5ea1483c15d072cfbc01417b71"}
{
 "modules": 224,
 "all_exact": true,
 "format_mismatches": 0,
 "informative_elements": 6376617908,
 "e0m3_elements_observed": 218594479,
 "e0m3_tiles": 243284,
 "map_tiles": 243284,
 "tags_equal_map": true,
 "failing_modules": [],
 "kernel": "n16k64_wA",
 "kernel_sha256": "be8fd62d97b231c69e64afc62f1f31fbcf4535a45759f8feb13aeadfb86fe332",
 "map_sha256": "cd10732baa603393b56109e6ff71cc1297184b569581204fdc51322493a38541",
 "artifact_weights_sha256": "1b35dd44aacc29fde0fdeab0b863cb51d4acfc5ea1483c15d072cfbc01417b71",
 "seconds": 12.9
}
[W1002 07:34:10.036727920 AllocatorConfig.cpp:28] Warning: PYTORCH_CUDA_ALLOC_CONF is deprecated, use PYTORCH_ALLOC_CONF instead (function operator())
OWNERSHIP {"modules": 224, "all_exact": true, "format_mismatches": 0, "informative_elements": 6376617908, "e0m3_elements_observed": 218594479, "e0m3_tiles": 243284, "map_tiles": 243284, "tags_equal_map": true, "failing_modules": [], "kernel": "n16k64_wA", "kernel_sha256": "be8fd62d97b231c69e64afc62f1f31fbcf4535a45759f8feb13aeadfb86fe332", "map_sha256": "cd10732baa603393b56109e6ff71cc1297184b569581204fdc51322493a38541", "artifact_weights_sha256": "1b35dd44aacc29fde0fdeab0b863cb51d4acfc5ea1483c15d072cfbc01417b71", "seconds": 12.9, "returncode": 0}
[W1002 07:34:11.105355173 AllocatorConfig.cpp:28] Warning: PYTORCH_CUDA_ALLOC_CONF is deprecated, use PYTORCH_ALLOC_CONF instead (function operator())
