MAP {"map_file": "/home/dev/n16k64_campaign/main_ppl/artifacts/qwen3_1p7b_tc_16x64.mixfp4map", "type_block": [16, 64], "kernel": "n16k64_wA", "totals": {"selected_tiles": 85085, "total_tiles": 1376256, "selected_weights": 87127040, "total_weights": 1409286144, "selected_fraction": 0.061823527018229164}, "expansion": null}
Loading weights:   0%|          | 0/311 [00:00<?, ?it/s]Loading weights:   7%|▋         | 23/311 [00:00<00:01, 229.16it/s]Loading weights:  33%|███▎      | 103/311 [00:00<00:00, 562.33it/s]Loading weights:  60%|█████▉    | 186/311 [00:00<00:00, 677.82it/s]Loading weights:  87%|████████▋ | 270/311 [00:00<00:00, 738.45it/s]Loading weights: 100%|██████████| 311/311 [00:00<00:00, 696.00it/s]
CANDIDATES equal sm120 fake-quant candidates on all 196 modules
ARTIFACT {"out": "/home/dev/n16k64_campaign/main_ppl/artifacts/qwen3_1p7b_tc_16x64", "modules": 196, "e0m3_tiles": 85085, "packed_GB": 0.704643072, "weights_sha256": "5bdeb1db251632a884c6f1760570a17384c247424d00fc028751bad933348699"}
{
 "modules": 196,
 "all_exact": true,
 "format_mismatches": 0,
 "informative_elements": 1284539054,
 "e0m3_elements_observed": 76264274,
 "e0m3_tiles": 85085,
 "map_tiles": 85085,
 "tags_equal_map": true,
 "failing_modules": [],
 "kernel": "n16k64_wA",
 "kernel_sha256": "be8fd62d97b231c69e64afc62f1f31fbcf4535a45759f8feb13aeadfb86fe332",
 "map_sha256": "929b4d9a7732590aff6e8498806c177c0f29a00ad13d94290dbb0f88f5df6343",
 "artifact_weights_sha256": "5bdeb1db251632a884c6f1760570a17384c247424d00fc028751bad933348699",
 "seconds": 2.2
}
[W1002 06:41:01.316281961 AllocatorConfig.cpp:28] Warning: PYTORCH_CUDA_ALLOC_CONF is deprecated, use PYTORCH_ALLOC_CONF instead (function operator())
OWNERSHIP {"modules": 196, "all_exact": true, "format_mismatches": 0, "informative_elements": 1284539054, "e0m3_elements_observed": 76264274, "e0m3_tiles": 85085, "map_tiles": 85085, "tags_equal_map": true, "failing_modules": [], "kernel": "n16k64_wA", "kernel_sha256": "be8fd62d97b231c69e64afc62f1f31fbcf4535a45759f8feb13aeadfb86fe332", "map_sha256": "929b4d9a7732590aff6e8498806c177c0f29a00ad13d94290dbb0f88f5df6343", "artifact_weights_sha256": "5bdeb1db251632a884c6f1760570a17384c247424d00fc028751bad933348699", "seconds": 2.2, "returncode": 0}
[W1002 06:41:02.207653630 AllocatorConfig.cpp:28] Warning: PYTORCH_CUDA_ALLOC_CONF is deprecated, use PYTORCH_ALLOC_CONF instead (function operator())
