MAP {"map_file": "/home/dev/n16k64_campaign/main_ppl/artifacts/qwen3_8b_tc_16x64.mixfp4map", "type_block": [16, 64], "kernel": "n16k64_wA", "totals": {"selected_tiles": 190450, "total_tiles": 6782976, "selected_weights": 195020800, "total_weights": 6945767424, "selected_fraction": 0.028077646154136472}, "expansion": null}
Loading weights:   0%|          | 0/399 [00:00<?, ?it/s]Loading weights:   0%|          | 1/399 [00:00<01:06,  6.01it/s]Loading weights:   9%|▉         | 35/399 [00:00<00:02, 160.34it/s]Loading weights:  16%|█▋        | 65/399 [00:00<00:01, 214.97it/s]Loading weights:  25%|██▍       | 98/399 [00:00<00:01, 252.67it/s]Loading weights:  33%|███▎      | 131/399 [00:00<00:00, 277.92it/s]Loading weights:  41%|████      | 164/399 [00:00<00:00, 292.36it/s]Loading weights:  49%|████▉     | 195/399 [00:00<00:00, 295.95it/s]Loading weights:  57%|█████▋    | 229/399 [00:00<00:00, 309.15it/s]Loading weights:  67%|██████▋   | 269/399 [00:00<00:00, 330.16it/s]Loading weights:  78%|███████▊  | 312/399 [00:01<00:00, 358.80it/s]Loading weights:  88%|████████▊ | 353/399 [00:01<00:00, 372.02it/s]Loading weights:  98%|█████████▊| 391/399 [00:01<00:00, 353.90it/s]Loading weights: 100%|██████████| 399/399 [00:01<00:00, 303.86it/s]
CANDIDATES equal sm120 fake-quant candidates on all 252 modules
ARTIFACT {"out": "/home/dev/n16k64_campaign/main_ppl/artifacts/qwen3_8b_tc_16x64", "modules": 252, "e0m3_tiles": 190450, "packed_GB": 3.472883712, "weights_sha256": "e8a643b1f1a405e0abe59327ee7b59d53c77fe447799a974f0c3a8664d0b21a6"}
{
 "modules": 252,
 "all_exact": true,
 "format_mismatches": 0,
 "informative_elements": 6296601112,
 "e0m3_elements_observed": 169827887,
 "e0m3_tiles": 190450,
 "map_tiles": 190450,
 "tags_equal_map": true,
 "failing_modules": [],
 "kernel": "n16k64_wA",
 "kernel_sha256": "be8fd62d97b231c69e64afc62f1f31fbcf4535a45759f8feb13aeadfb86fe332",
 "map_sha256": "5ce89ae0a2543784d37b5691b4a97e213feda94651596fd3f765c1a2482b09e8",
 "artifact_weights_sha256": "e8a643b1f1a405e0abe59327ee7b59d53c77fe447799a974f0c3a8664d0b21a6",
 "seconds": 8.1
}
[W1002 07:01:30.209123166 AllocatorConfig.cpp:28] Warning: PYTORCH_CUDA_ALLOC_CONF is deprecated, use PYTORCH_ALLOC_CONF instead (function operator())
OWNERSHIP {"modules": 252, "all_exact": true, "format_mismatches": 0, "informative_elements": 6296601112, "e0m3_elements_observed": 169827887, "e0m3_tiles": 190450, "map_tiles": 190450, "tags_equal_map": true, "failing_modules": [], "kernel": "n16k64_wA", "kernel_sha256": "be8fd62d97b231c69e64afc62f1f31fbcf4535a45759f8feb13aeadfb86fe332", "map_sha256": "5ce89ae0a2543784d37b5691b4a97e213feda94651596fd3f765c1a2482b09e8", "artifact_weights_sha256": "e8a643b1f1a405e0abe59327ee7b59d53c77fe447799a974f0c3a8664d0b21a6", "seconds": 8.1, "returncode": 0}
[W1002 07:01:31.250148677 AllocatorConfig.cpp:28] Warning: PYTORCH_CUDA_ALLOC_CONF is deprecated, use PYTORCH_ALLOC_CONF instead (function operator())
