MAP {"map_file": "/home/dev/n16k64_campaign/main_ppl/artifacts/qwen3_8b_tc_8x64.mixfp4map", "type_block": [8, 64], "kernel": "n8k64_wB", "totals": {"selected_tiles": 290561, "total_tiles": 13565952, "selected_weights": 148767232, "total_weights": 6945767424, "selected_fraction": 0.021418401008642816}, "expansion": null}
Loading weights:   0%|          | 0/399 [00:00<?, ?it/s]Loading weights:   1%|          | 2/399 [00:00<00:30, 13.07it/s]Loading weights:  10%|▉         | 38/399 [00:00<00:02, 174.17it/s]Loading weights:  18%|█▊        | 72/399 [00:00<00:01, 236.79it/s]Loading weights:  27%|██▋       | 106/399 [00:00<00:01, 273.76it/s]Loading weights:  36%|███▌      | 144/399 [00:00<00:00, 307.28it/s]Loading weights:  45%|████▌     | 180/399 [00:00<00:00, 321.39it/s]Loading weights:  54%|█████▎    | 214/399 [00:00<00:00, 325.64it/s]Loading weights:  63%|██████▎   | 253/399 [00:00<00:00, 345.53it/s]Loading weights:  73%|███████▎  | 292/399 [00:00<00:00, 354.37it/s]Loading weights:  84%|████████▍ | 335/399 [00:01<00:00, 373.33it/s]Loading weights:  93%|█████████▎| 373/399 [00:01<00:00, 368.38it/s]Loading weights: 100%|██████████| 399/399 [00:01<00:00, 320.14it/s]
CANDIDATES equal sm120 fake-quant candidates on all 252 modules
ARTIFACT {"out": "/home/dev/n16k64_campaign/main_ppl/artifacts/qwen3_8b_tc_8x64", "modules": 252, "e0m3_tiles": 290561, "packed_GB": 3.472883712, "weights_sha256": "c38ee1142a56431298b7828b64fbd959b1aca14c9ebd992d0dbb7f4b5cc4a15d"}
{
 "modules": 252,
 "all_exact": true,
 "format_mismatches": 0,
 "informative_elements": 6298362713,
 "e0m3_elements_observed": 129533966,
 "e0m3_tiles": 290561,
 "map_tiles": 290561,
 "tags_equal_map": true,
 "failing_modules": [],
 "kernel": "n8k64_wB",
 "kernel_sha256": "8d504d10070b952bc499d346aab96175749e834da277874fb3ceeb155fbfaf53",
 "map_sha256": "51dde95da88d05355df8ad6967e8dd5dc378645b3fb8244459496ab31a55f344",
 "artifact_weights_sha256": "c38ee1142a56431298b7828b64fbd959b1aca14c9ebd992d0dbb7f4b5cc4a15d",
 "seconds": 8.5
}
[W1002 06:58:36.973423757 AllocatorConfig.cpp:28] Warning: PYTORCH_CUDA_ALLOC_CONF is deprecated, use PYTORCH_ALLOC_CONF instead (function operator())
OWNERSHIP {"modules": 252, "all_exact": true, "format_mismatches": 0, "informative_elements": 6298362713, "e0m3_elements_observed": 129533966, "e0m3_tiles": 290561, "map_tiles": 290561, "tags_equal_map": true, "failing_modules": [], "kernel": "n8k64_wB", "kernel_sha256": "8d504d10070b952bc499d346aab96175749e834da277874fb3ceeb155fbfaf53", "map_sha256": "51dde95da88d05355df8ad6967e8dd5dc378645b3fb8244459496ab31a55f344", "artifact_weights_sha256": "c38ee1142a56431298b7828b64fbd959b1aca14c9ebd992d0dbb7f4b5cc4a15d", "seconds": 8.5, "returncode": 0}
[W1002 06:58:37.945094699 AllocatorConfig.cpp:28] Warning: PYTORCH_CUDA_ALLOC_CONF is deprecated, use PYTORCH_ALLOC_CONF instead (function operator())
