MAP {"map_file": "/home/dev/n16k64_campaign/main_ppl/artifacts/nemotron9b_tc_16x64.mixfp4map", "type_block": [16, 64], "kernel": "n16k64_wA", "totals": {"selected_tiles": 270026, "total_tiles": 7530880, "selected_weights": 276506624, "total_weights": 7711621120, "selected_fraction": 0.0358558362369338}, "expansion": null}
Loading weights:   0%|          | 0/341 [00:00<?, ?it/s]Loading weights:   6%|▋         | 22/341 [00:00<00:01, 216.07it/s]Loading weights:  17%|█▋        | 57/341 [00:00<00:00, 286.10it/s]Loading weights:  29%|██▊       | 98/341 [00:00<00:00, 334.66it/s]Loading weights:  41%|████      | 139/341 [00:00<00:00, 361.94it/s]Loading weights:  53%|█████▎    | 182/341 [00:00<00:00, 373.46it/s]Loading weights:  65%|██████▌   | 223/341 [00:00<00:00, 381.74it/s]Loading weights:  77%|███████▋  | 264/341 [00:00<00:00, 384.36it/s]Loading weights:  89%|████████▉ | 303/341 [00:00<00:00, 374.19it/s]Loading weights: 100%|██████████| 341/341 [00:01<00:00, 283.55it/s]Loading weights: 100%|██████████| 341/341 [00:01<00:00, 324.86it/s]
CANDIDATES equal sm120 fake-quant candidates on all 120 modules
ARTIFACT {"out": "/home/dev/n16k64_campaign/main_ppl/artifacts/nemotron9b_tc_16x64", "modules": 120, "e0m3_tiles": 270026, "packed_GB": 3.85581056, "weights_sha256": "8c2de7fcf600e39bac37549a307b8a9324a7d761d91b4d89cb9acc43c373873e"}
{
 "modules": 120,
 "all_exact": true,
 "format_mismatches": 0,
 "informative_elements": 7059502767,
 "e0m3_elements_observed": 242975445,
 "e0m3_tiles": 270026,
 "map_tiles": 270026,
 "tags_equal_map": true,
 "failing_modules": [],
 "kernel": "n16k64_wA",
 "kernel_sha256": "be8fd62d97b231c69e64afc62f1f31fbcf4535a45759f8feb13aeadfb86fe332",
 "map_sha256": "ce75a5b6925433cc2e8a7c58a4498eaaaffe99947af8a862ff2d2461d28af8c1",
 "artifact_weights_sha256": "8c2de7fcf600e39bac37549a307b8a9324a7d761d91b4d89cb9acc43c373873e",
 "seconds": 10.9
}
[W1002 10:10:33.393647477 AllocatorConfig.cpp:28] Warning: PYTORCH_CUDA_ALLOC_CONF is deprecated, use PYTORCH_ALLOC_CONF instead (function operator())
OWNERSHIP {"modules": 120, "all_exact": true, "format_mismatches": 0, "informative_elements": 7059502767, "e0m3_elements_observed": 242975445, "e0m3_tiles": 270026, "map_tiles": 270026, "tags_equal_map": true, "failing_modules": [], "kernel": "n16k64_wA", "kernel_sha256": "be8fd62d97b231c69e64afc62f1f31fbcf4535a45759f8feb13aeadfb86fe332", "map_sha256": "ce75a5b6925433cc2e8a7c58a4498eaaaffe99947af8a862ff2d2461d28af8c1", "artifact_weights_sha256": "8c2de7fcf600e39bac37549a307b8a9324a7d761d91b4d89cb9acc43c373873e", "seconds": 10.9, "returncode": 0}
[W1002 10:10:34.342955529 AllocatorConfig.cpp:28] Warning: PYTORCH_CUDA_ALLOC_CONF is deprecated, use PYTORCH_ALLOC_CONF instead (function operator())
