MAP {"map_file": "/home/dev/n16k64_campaign/main_ppl/artifacts/mistral7b_ins_tc_256x64.mixfp4map", "type_block": [16, 64], "kernel": "n16k64_wA", "totals": {"selected_tiles": 763152, "total_tiles": 6815744, "selected_weights": 781467648, "total_weights": 6979321856, "selected_fraction": 0.111968994140625}, "expansion": {"from_unit": "256x64", "to_unit": "16x64", "source_e0m3_tiles": 47697, "e0m3_weights": 781467648, "check": "expanded to rows, the 16x64 map equals the 256x64 map on every matrix"}}
Loading weights:   0%|          | 0/291 [00:00<?, ?it/s]Loading weights:   8%|▊         | 23/291 [00:00<00:01, 219.83it/s]Loading weights:  15%|█▌        | 45/291 [00:00<00:01, 194.26it/s]Loading weights:  23%|██▎       | 67/291 [00:00<00:01, 202.79it/s]Loading weights:  32%|███▏      | 94/291 [00:00<00:00, 226.22it/s]Loading weights:  42%|████▏     | 122/291 [00:00<00:00, 237.95it/s]Loading weights:  51%|█████     | 148/291 [00:00<00:00, 235.66it/s]Loading weights:  59%|█████▉    | 172/291 [00:00<00:00, 227.07it/s]Loading weights:  67%|██████▋   | 195/291 [00:00<00:00, 214.37it/s]Loading weights:  75%|███████▍  | 217/291 [00:00<00:00, 210.68it/s]Loading weights:  82%|████████▏ | 239/291 [00:01<00:00, 195.25it/s]Loading weights:  89%|████████▉ | 259/291 [00:01<00:00, 191.55it/s]Loading weights:  96%|█████████▌| 279/291 [00:01<00:00, 192.27it/s]Loading weights: 100%|██████████| 291/291 [00:01<00:00, 211.18it/s]
CANDIDATES equal sm120 fake-quant candidates on all 224 modules
ARTIFACT {"out": "/home/dev/n16k64_campaign/main_ppl/artifacts/mistral7b_ins_tc_256x64", "modules": 224, "e0m3_tiles": 763152, "packed_GB": 3.489660928, "weights_sha256": "671afd056e9158121cfad0e03da32a235c748355a552d3b1eb35620f9da33af1"}
{
 "modules": 224,
 "all_exact": true,
 "format_mismatches": 0,
 "informative_elements": 6357218457,
 "e0m3_elements_observed": 685892936,
 "e0m3_tiles": 763152,
 "map_tiles": 763152,
 "tags_equal_map": true,
 "failing_modules": [],
 "kernel": "n16k64_wA",
 "kernel_sha256": "be8fd62d97b231c69e64afc62f1f31fbcf4535a45759f8feb13aeadfb86fe332",
 "map_sha256": "790c830711e9886ec729f94985c13c20916e2fb3e4d51083b16077531367f22b",
 "artifact_weights_sha256": "671afd056e9158121cfad0e03da32a235c748355a552d3b1eb35620f9da33af1",
 "seconds": 8.2
}
[W1002 07:37:15.515440530 AllocatorConfig.cpp:28] Warning: PYTORCH_CUDA_ALLOC_CONF is deprecated, use PYTORCH_ALLOC_CONF instead (function operator())
OWNERSHIP {"modules": 224, "all_exact": true, "format_mismatches": 0, "informative_elements": 6357218457, "e0m3_elements_observed": 685892936, "e0m3_tiles": 763152, "map_tiles": 763152, "tags_equal_map": true, "failing_modules": [], "kernel": "n16k64_wA", "kernel_sha256": "be8fd62d97b231c69e64afc62f1f31fbcf4535a45759f8feb13aeadfb86fe332", "map_sha256": "790c830711e9886ec729f94985c13c20916e2fb3e4d51083b16077531367f22b", "artifact_weights_sha256": "671afd056e9158121cfad0e03da32a235c748355a552d3b1eb35620f9da33af1", "seconds": 8.2, "returncode": 0}
[W1002 07:37:16.470292887 AllocatorConfig.cpp:28] Warning: PYTORCH_CUDA_ALLOC_CONF is deprecated, use PYTORCH_ALLOC_CONF instead (function operator())
