MAP {"map_file": "/home/dev/n16k64_campaign/main_ppl/artifacts/qwen3_1p7b_tc_256x64.mixfp4map", "type_block": [16, 64], "kernel": "n16k64_wA", "totals": {"selected_tiles": 218528, "total_tiles": 1376256, "selected_weights": 223772672, "total_weights": 1409286144, "selected_fraction": 0.15878441220238096}, "expansion": {"from_unit": "256x64", "to_unit": "16x64", "source_e0m3_tiles": 13658, "e0m3_weights": 223772672, "check": "expanded to rows, the 16x64 map equals the 256x64 map on every matrix"}}
Loading weights:   0%|          | 0/311 [00:00<?, ?it/s]Loading weights:   8%|▊         | 26/311 [00:00<00:01, 255.64it/s]Loading weights:  33%|███▎      | 104/311 [00:00<00:00, 560.06it/s]Loading weights:  60%|█████▉    | 186/311 [00:00<00:00, 675.78it/s]Loading weights:  86%|████████▋ | 269/311 [00:00<00:00, 729.90it/s]Loading weights: 100%|██████████| 311/311 [00:00<00:00, 685.06it/s]
CANDIDATES equal sm120 fake-quant candidates on all 196 modules
ARTIFACT {"out": "/home/dev/n16k64_campaign/main_ppl/artifacts/qwen3_1p7b_tc_256x64", "modules": 196, "e0m3_tiles": 218528, "packed_GB": 0.704643072, "weights_sha256": "0fe1cd0f86720fd2418526782decea525a782661697aeb4e98863aa9bd440027"}
{
 "modules": 196,
 "all_exact": true,
 "format_mismatches": 0,
 "informative_elements": 1279341187,
 "e0m3_elements_observed": 195903277,
 "e0m3_tiles": 218528,
 "map_tiles": 218528,
 "tags_equal_map": true,
 "failing_modules": [],
 "kernel": "n16k64_wA",
 "kernel_sha256": "be8fd62d97b231c69e64afc62f1f31fbcf4535a45759f8feb13aeadfb86fe332",
 "map_sha256": "b73aa1b4dcd0a1fe0bb1cf4e19a36d61f1e802cee88b371e575dcece98087ad0",
 "artifact_weights_sha256": "0fe1cd0f86720fd2418526782decea525a782661697aeb4e98863aa9bd440027",
 "seconds": 2.1
}
[W1002 06:42:08.131154096 AllocatorConfig.cpp:28] Warning: PYTORCH_CUDA_ALLOC_CONF is deprecated, use PYTORCH_ALLOC_CONF instead (function operator())
OWNERSHIP {"modules": 196, "all_exact": true, "format_mismatches": 0, "informative_elements": 1279341187, "e0m3_elements_observed": 195903277, "e0m3_tiles": 218528, "map_tiles": 218528, "tags_equal_map": true, "failing_modules": [], "kernel": "n16k64_wA", "kernel_sha256": "be8fd62d97b231c69e64afc62f1f31fbcf4535a45759f8feb13aeadfb86fe332", "map_sha256": "b73aa1b4dcd0a1fe0bb1cf4e19a36d61f1e802cee88b371e575dcece98087ad0", "artifact_weights_sha256": "0fe1cd0f86720fd2418526782decea525a782661697aeb4e98863aa9bd440027", "seconds": 2.1, "returncode": 0}
[W1002 06:42:09.070349533 AllocatorConfig.cpp:28] Warning: PYTORCH_CUDA_ALLOC_CONF is deprecated, use PYTORCH_ALLOC_CONF instead (function operator())
