MAP {"map_file": "/home/dev/n16k64_campaign/main_ppl/artifacts/qwen3_8b_tc_256x64.mixfp4map", "type_block": [16, 64], "kernel": "n16k64_wA", "totals": {"selected_tiles": 523312, "total_tiles": 6782976, "selected_weights": 535871488, "total_weights": 6945767424, "selected_fraction": 0.07715079634661835}, "expansion": {"from_unit": "256x64", "to_unit": "16x64", "source_e0m3_tiles": 32707, "e0m3_weights": 535871488, "check": "expanded to rows, the 16x64 map equals the 256x64 map on every matrix"}}
Loading weights:   0%|          | 0/399 [00:00<?, ?it/s]Loading weights:   1%|          | 2/399 [00:00<00:32, 12.40it/s]Loading weights:   9%|▉         | 37/399 [00:00<00:02, 166.04it/s]Loading weights:  18%|█▊        | 70/399 [00:00<00:01, 229.39it/s]Loading weights:  26%|██▌       | 103/399 [00:00<00:01, 260.45it/s]Loading weights:  34%|███▍      | 136/399 [00:00<00:00, 280.24it/s]Loading weights:  42%|████▏     | 169/399 [00:00<00:00, 293.52it/s]Loading weights:  51%|█████     | 202/399 [00:00<00:00, 301.29it/s]Loading weights:  59%|█████▉    | 236/399 [00:00<00:00, 306.44it/s]Loading weights:  70%|██████▉   | 278/399 [00:00<00:00, 334.58it/s]Loading weights:  80%|████████  | 320/399 [00:01<00:00, 358.02it/s]Loading weights:  90%|████████▉ | 358/399 [00:01<00:00, 359.94it/s]Loading weights:  99%|█████████▉| 395/399 [00:01<00:00, 361.07it/s]Loading weights: 100%|██████████| 399/399 [00:01<00:00, 304.80it/s]
CANDIDATES equal sm120 fake-quant candidates on all 252 modules
ARTIFACT {"out": "/home/dev/n16k64_campaign/main_ppl/artifacts/qwen3_8b_tc_256x64", "modules": 252, "e0m3_tiles": 523312, "packed_GB": 3.472883712, "weights_sha256": "137fd60ca3a6ff3861db8f1ed3f4267572e9bbc3e91d2bcfe5b88c2ee4b1b77d"}
{
 "modules": 252,
 "all_exact": true,
 "format_mismatches": 0,
 "informative_elements": 6283588804,
 "e0m3_elements_observed": 467091864,
 "e0m3_tiles": 523312,
 "map_tiles": 523312,
 "tags_equal_map": true,
 "failing_modules": [],
 "kernel": "n16k64_wA",
 "kernel_sha256": "be8fd62d97b231c69e64afc62f1f31fbcf4535a45759f8feb13aeadfb86fe332",
 "map_sha256": "673d15322c1b0170ec4c2f463e6af75a596c7b0bd4f3176dcd11371879fee965",
 "artifact_weights_sha256": "137fd60ca3a6ff3861db8f1ed3f4267572e9bbc3e91d2bcfe5b88c2ee4b1b77d",
 "seconds": 8.0
}
[W1002 07:04:21.693369176 AllocatorConfig.cpp:28] Warning: PYTORCH_CUDA_ALLOC_CONF is deprecated, use PYTORCH_ALLOC_CONF instead (function operator())
OWNERSHIP {"modules": 252, "all_exact": true, "format_mismatches": 0, "informative_elements": 6283588804, "e0m3_elements_observed": 467091864, "e0m3_tiles": 523312, "map_tiles": 523312, "tags_equal_map": true, "failing_modules": [], "kernel": "n16k64_wA", "kernel_sha256": "be8fd62d97b231c69e64afc62f1f31fbcf4535a45759f8feb13aeadfb86fe332", "map_sha256": "673d15322c1b0170ec4c2f463e6af75a596c7b0bd4f3176dcd11371879fee965", "artifact_weights_sha256": "137fd60ca3a6ff3861db8f1ed3f4267572e9bbc3e91d2bcfe5b88c2ee4b1b77d", "seconds": 8.0, "returncode": 0}
[W1002 07:04:22.807154037 AllocatorConfig.cpp:28] Warning: PYTORCH_CUDA_ALLOC_CONF is deprecated, use PYTORCH_ALLOC_CONF instead (function operator())
