MAP {"map_file": "/home/dev/n16k64_campaign/main_ppl/artifacts/nemotron9b_tc_256x64.mixfp4map", "type_block": [16, 64], "kernel": "n16k64_wA", "totals": {"selected_tiles": 826240, "total_tiles": 7530880, "selected_weights": 846069760, "total_weights": 7711621120, "selected_fraction": 0.10971360584685987}, "expansion": {"from_unit": "256x64", "to_unit": "16x64", "source_e0m3_tiles": 52436, "e0m3_weights": 846069760, "check": "expanded to rows, the 16x64 map equals the 256x64 map on every matrix"}}
Loading weights:   0%|          | 0/341 [00:00<?, ?it/s]Loading weights:   7%|▋         | 23/341 [00:00<00:01, 208.75it/s]Loading weights:  18%|█▊        | 62/341 [00:00<00:00, 294.43it/s]Loading weights:  30%|███       | 103/341 [00:00<00:00, 325.99it/s]Loading weights:  42%|████▏     | 144/341 [00:00<00:00, 354.29it/s]Loading weights:  53%|█████▎    | 180/341 [00:00<00:00, 354.87it/s]Loading weights:  65%|██████▌   | 223/341 [00:00<00:00, 369.77it/s]Loading weights:  77%|███████▋  | 262/341 [00:00<00:00, 364.44it/s]Loading weights:  88%|████████▊ | 299/341 [00:00<00:00, 364.25it/s]Loading weights:  99%|█████████▊| 336/341 [00:00<00:00, 351.42it/s]Loading weights: 100%|██████████| 341/341 [00:01<00:00, 313.29it/s]
CANDIDATES equal sm120 fake-quant candidates on all 120 modules
ARTIFACT {"out": "/home/dev/n16k64_campaign/main_ppl/artifacts/nemotron9b_tc_256x64", "modules": 120, "e0m3_tiles": 826240, "packed_GB": 3.85581056, "weights_sha256": "ee8a2c71f4142ecfefcc0a2747daaad835a079331d2fef704e8dc24c0678b00d"}
{
 "modules": 120,
 "all_exact": true,
 "format_mismatches": 0,
 "informative_elements": 7038084663,
 "e0m3_elements_observed": 743479178,
 "e0m3_tiles": 826240,
 "map_tiles": 826240,
 "tags_equal_map": true,
 "failing_modules": [],
 "kernel": "n16k64_wA",
 "kernel_sha256": "be8fd62d97b231c69e64afc62f1f31fbcf4535a45759f8feb13aeadfb86fe332",
 "map_sha256": "21e2ce1a124e40141e85001295562f04cc3f24535456c6e7b377aafcb0637e7b",
 "artifact_weights_sha256": "ee8a2c71f4142ecfefcc0a2747daaad835a079331d2fef704e8dc24c0678b00d",
 "seconds": 10.5
}
[W1002 10:28:56.346707152 AllocatorConfig.cpp:28] Warning: PYTORCH_CUDA_ALLOC_CONF is deprecated, use PYTORCH_ALLOC_CONF instead (function operator())
OWNERSHIP {"modules": 120, "all_exact": true, "format_mismatches": 0, "informative_elements": 7038084663, "e0m3_elements_observed": 743479178, "e0m3_tiles": 826240, "map_tiles": 826240, "tags_equal_map": true, "failing_modules": [], "kernel": "n16k64_wA", "kernel_sha256": "be8fd62d97b231c69e64afc62f1f31fbcf4535a45759f8feb13aeadfb86fe332", "map_sha256": "21e2ce1a124e40141e85001295562f04cc3f24535456c6e7b377aafcb0637e7b", "artifact_weights_sha256": "ee8a2c71f4142ecfefcc0a2747daaad835a079331d2fef704e8dc24c0678b00d", "seconds": 10.5, "returncode": 0}
[W1002 10:28:57.330041747 AllocatorConfig.cpp:28] Warning: PYTORCH_CUDA_ALLOC_CONF is deprecated, use PYTORCH_ALLOC_CONF instead (function operator())
