MAP {"map_file": "/home/dev/n16k64_campaign/main_ppl/artifacts/mistral7b_ins_tc_8x64.mixfp4map", "type_block": [8, 64], "kernel": "n8k64_wB", "totals": {"selected_tiles": 363960, "total_tiles": 13631488, "selected_weights": 186347520, "total_weights": 6979321856, "selected_fraction": 0.026699946476862982}, "expansion": null}
Loading weights:   0%|          | 0/291 [00:00<?, ?it/s]Loading weights:   8%|▊         | 24/291 [00:00<00:01, 226.48it/s]Loading weights:  16%|█▌        | 47/291 [00:00<00:01, 197.53it/s]Loading weights:  23%|██▎       | 67/291 [00:00<00:01, 181.91it/s]Loading weights:  30%|██▉       | 86/291 [00:00<00:01, 183.70it/s]Loading weights:  36%|███▌      | 105/291 [00:00<00:01, 182.15it/s]Loading weights:  44%|████▎     | 127/291 [00:00<00:00, 192.53it/s]Loading weights:  51%|█████     | 147/291 [00:00<00:00, 187.08it/s]Loading weights:  57%|█████▋    | 166/291 [00:00<00:00, 172.84it/s]Loading weights:  64%|██████▍   | 186/291 [00:01<00:00, 174.57it/s]Loading weights:  70%|███████   | 204/291 [00:01<00:00, 165.47it/s]Loading weights:  76%|███████▌  | 221/291 [00:01<00:00, 164.31it/s]Loading weights:  82%|████████▏ | 238/291 [00:01<00:00, 161.29it/s]Loading weights:  88%|████████▊ | 255/291 [00:01<00:00, 153.70it/s]Loading weights:  93%|█████████▎| 271/291 [00:01<00:00, 153.85it/s]Loading weights: 100%|██████████| 291/291 [00:01<00:00, 174.41it/s]
CANDIDATES equal sm120 fake-quant candidates on all 224 modules
ARTIFACT {"out": "/home/dev/n16k64_campaign/main_ppl/artifacts/mistral7b_ins_tc_8x64", "modules": 224, "e0m3_tiles": 363960, "packed_GB": 3.489660928, "weights_sha256": "f263414b071997cb92e9a52fc5b24f56cbc2626bef2288d2fe114e3a5cc60a69"}
{
 "modules": 224,
 "all_exact": true,
 "format_mismatches": 0,
 "informative_elements": 6378910708,
 "e0m3_elements_observed": 163544419,
 "e0m3_tiles": 363960,
 "map_tiles": 363960,
 "tags_equal_map": true,
 "failing_modules": [],
 "kernel": "n8k64_wB",
 "kernel_sha256": "8d504d10070b952bc499d346aab96175749e834da277874fb3ceeb155fbfaf53",
 "map_sha256": "c9d04d1fa644ea4e160c8c6402744c5d84987022c43d0ff60813ddcb2c56ca2f",
 "artifact_weights_sha256": "f263414b071997cb92e9a52fc5b24f56cbc2626bef2288d2fe114e3a5cc60a69",
 "seconds": 9.1
}
[W1002 07:30:56.738333672 AllocatorConfig.cpp:28] Warning: PYTORCH_CUDA_ALLOC_CONF is deprecated, use PYTORCH_ALLOC_CONF instead (function operator())
OWNERSHIP {"modules": 224, "all_exact": true, "format_mismatches": 0, "informative_elements": 6378910708, "e0m3_elements_observed": 163544419, "e0m3_tiles": 363960, "map_tiles": 363960, "tags_equal_map": true, "failing_modules": [], "kernel": "n8k64_wB", "kernel_sha256": "8d504d10070b952bc499d346aab96175749e834da277874fb3ceeb155fbfaf53", "map_sha256": "c9d04d1fa644ea4e160c8c6402744c5d84987022c43d0ff60813ddcb2c56ca2f", "artifact_weights_sha256": "f263414b071997cb92e9a52fc5b24f56cbc2626bef2288d2fe114e3a5cc60a69", "seconds": 9.1, "returncode": 0}
[W1002 07:30:57.069644737 AllocatorConfig.cpp:28] Warning: PYTORCH_CUDA_ALLOC_CONF is deprecated, use PYTORCH_ALLOC_CONF instead (function operator())
