MAP {"map_file": "/home/dev/n16k64_campaign/main_ppl/artifacts/qwen3_1p7b_tc_8x64.mixfp4map", "type_block": [8, 64], "kernel": "n8k64_wB", "totals": {"selected_tiles": 133151, "total_tiles": 2752512, "selected_weights": 68173312, "total_weights": 1409286144, "selected_fraction": 0.048374357677641366}, "expansion": null}
Loading weights:   0%|          | 0/311 [00:00<?, ?it/s]Loading weights:   8%|▊         | 24/311 [00:00<00:01, 239.13it/s]Loading weights:  33%|███▎      | 104/311 [00:00<00:00, 563.96it/s]Loading weights:  61%|██████    | 189/311 [00:00<00:00, 693.61it/s]Loading weights:  87%|████████▋ | 270/311 [00:00<00:00, 738.27it/s]Loading weights: 100%|██████████| 311/311 [00:00<00:00, 699.36it/s]
CANDIDATES equal sm120 fake-quant candidates on all 196 modules
ARTIFACT {"out": "/home/dev/n16k64_campaign/main_ppl/artifacts/qwen3_1p7b_tc_8x64", "modules": 196, "e0m3_tiles": 133151, "packed_GB": 0.704643072, "weights_sha256": "5ca1ef83a7e7fe8d701950e931e58d8a352ce02cb91c6f2978e42791f4c6a68f"}
{
 "modules": 196,
 "all_exact": true,
 "format_mismatches": 0,
 "informative_elements": 1285261467,
 "e0m3_elements_observed": 59672043,
 "e0m3_tiles": 133151,
 "map_tiles": 133151,
 "tags_equal_map": true,
 "failing_modules": [],
 "kernel": "n8k64_wB",
 "kernel_sha256": "8d504d10070b952bc499d346aab96175749e834da277874fb3ceeb155fbfaf53",
 "map_sha256": "dbafda20d8c2e12c188ec3d492d4461b5ca437029939cdd4b9f7889e87f671de",
 "artifact_weights_sha256": "5ca1ef83a7e7fe8d701950e931e58d8a352ce02cb91c6f2978e42791f4c6a68f",
 "seconds": 2.3
}
[W1002 06:39:54.356356616 AllocatorConfig.cpp:28] Warning: PYTORCH_CUDA_ALLOC_CONF is deprecated, use PYTORCH_ALLOC_CONF instead (function operator())
OWNERSHIP {"modules": 196, "all_exact": true, "format_mismatches": 0, "informative_elements": 1285261467, "e0m3_elements_observed": 59672043, "e0m3_tiles": 133151, "map_tiles": 133151, "tags_equal_map": true, "failing_modules": [], "kernel": "n8k64_wB", "kernel_sha256": "8d504d10070b952bc499d346aab96175749e834da277874fb3ceeb155fbfaf53", "map_sha256": "dbafda20d8c2e12c188ec3d492d4461b5ca437029939cdd4b9f7889e87f671de", "artifact_weights_sha256": "5ca1ef83a7e7fe8d701950e931e58d8a352ce02cb91c6f2978e42791f4c6a68f", "seconds": 2.3, "returncode": 0}
[W1002 06:39:55.279887813 AllocatorConfig.cpp:28] Warning: PYTORCH_CUDA_ALLOC_CONF is deprecated, use PYTORCH_ALLOC_CONF instead (function operator())
