MAP {"map_file": "/home/dev/n16k64_campaign/main_ppl/artifacts/nemotron9b_tc_8x64.mixfp4map", "type_block": [8, 64], "kernel": "n8k64_wB", "totals": {"selected_tiles": 404963, "total_tiles": 15061760, "selected_weights": 207341056, "total_weights": 7711621120, "selected_fraction": 0.026886831286649104}, "expansion": null}
Loading weights:   0%|          | 0/341 [00:00<?, ?it/s]Loading weights:   7%|▋         | 23/341 [00:00<00:01, 200.65it/s]Loading weights:  17%|█▋        | 57/341 [00:00<00:01, 275.62it/s]Loading weights:  29%|██▊       | 98/341 [00:00<00:00, 330.47it/s]Loading weights:  41%|████      | 139/341 [00:00<00:00, 354.80it/s]Loading weights:  53%|█████▎    | 182/341 [00:00<00:00, 369.27it/s]Loading weights:  65%|██████▌   | 222/341 [00:00<00:00, 374.50it/s]Loading weights:  77%|███████▋  | 261/341 [00:00<00:00, 375.63it/s]Loading weights:  88%|████████▊ | 301/341 [00:00<00:00, 365.87it/s]Loading weights:  99%|█████████▉| 338/341 [00:00<00:00, 358.77it/s]Loading weights: 100%|██████████| 341/341 [00:01<00:00, 323.81it/s]
CANDIDATES equal sm120 fake-quant candidates on all 120 modules
ARTIFACT {"out": "/home/dev/n16k64_campaign/main_ppl/artifacts/nemotron9b_tc_8x64", "modules": 120, "e0m3_tiles": 404963, "packed_GB": 3.85581056, "weights_sha256": "06629327d7a225da9a703e3a5c3126f2e17e6ef11336c26486b0b31b338dc600"}
{
 "modules": 120,
 "all_exact": true,
 "format_mismatches": 0,
 "informative_elements": 7062100546,
 "e0m3_elements_observed": 182191388,
 "e0m3_tiles": 404963,
 "map_tiles": 404963,
 "tags_equal_map": true,
 "failing_modules": [],
 "kernel": "n8k64_wB",
 "kernel_sha256": "8d504d10070b952bc499d346aab96175749e834da277874fb3ceeb155fbfaf53",
 "map_sha256": "8406d13eb26f356536ba29b5943b21caacaec58fc53d64854f1f0cf7d719b71d",
 "artifact_weights_sha256": "06629327d7a225da9a703e3a5c3126f2e17e6ef11336c26486b0b31b338dc600",
 "seconds": 10.6
}
[W1002 06:33:05.428550446 AllocatorConfig.cpp:28] Warning: PYTORCH_CUDA_ALLOC_CONF is deprecated, use PYTORCH_ALLOC_CONF instead (function operator())
OWNERSHIP {"modules": 120, "all_exact": true, "format_mismatches": 0, "informative_elements": 7062100546, "e0m3_elements_observed": 182191388, "e0m3_tiles": 404963, "map_tiles": 404963, "tags_equal_map": true, "failing_modules": [], "kernel": "n8k64_wB", "kernel_sha256": "8d504d10070b952bc499d346aab96175749e834da277874fb3ceeb155fbfaf53", "map_sha256": "8406d13eb26f356536ba29b5943b21caacaec58fc53d64854f1f0cf7d719b71d", "artifact_weights_sha256": "06629327d7a225da9a703e3a5c3126f2e17e6ef11336c26486b0b31b338dc600", "seconds": 10.6, "returncode": 0}
[W1002 06:33:06.383065477 AllocatorConfig.cpp:28] Warning: PYTORCH_CUDA_ALLOC_CONF is deprecated, use PYTORCH_ALLOC_CONF instead (function operator())
