2026-09-29T17:47:22+00:00 START A_llama8b_bf16 /home/dev/.conda/envs/n16k64/bin/python run_ppl_deploy.py --model llama8b --data-root /home/dev/n16k64_campaign/cost_comparison/data --transformers-deviation --evaluate bf16=bf16 --out /home/dev/n16k64_campaign/paper_extra/A/ppl/llama8b/bf16
2026-09-29T17:49:38+00:00 END A_llama8b_bf16 rc=0
2026-09-29T17:49:38+00:00 START A_llama8b_nvfp4 /home/dev/.conda/envs/n16k64/bin/python run_ppl_deploy.py --model llama8b --data-root /home/dev/n16k64_campaign/cost_comparison/data --transformers-deviation --evaluate nvfp4=fake:nvfp4 --out /home/dev/n16k64_campaign/paper_extra/A/ppl/llama8b/nvfp4
2026-09-29T17:55:48+00:00 END A_llama8b_nvfp4 rc=0
2026-09-29T17:55:48+00:00 START A_llama8b_fo6 /home/dev/.conda/envs/n16k64/bin/python run_ppl_deploy.py --model llama8b --data-root /home/dev/n16k64_campaign/cost_comparison/data --transformers-deviation --evaluate fo6=fake:four_over_six --out /home/dev/n16k64_campaign/paper_extra/A/ppl/llama8b/fo6
2026-09-29T18:00:05+00:00 END A_llama8b_fo6 rc=0
2026-09-29T18:00:05+00:00 START A_llama8b_e2m1 /home/dev/.conda/envs/n16k64/bin/python run_ppl_deploy.py --model llama8b --data-root /home/dev/n16k64_campaign/cost_comparison/data --transformers-deviation --evaluate e2m1=fake:format:e2m1:1x16 --out /home/dev/n16k64_campaign/paper_extra/A/ppl/llama8b/e2m1
2026-09-29T18:04:18+00:00 END A_llama8b_e2m1 rc=0
2026-09-29T18:04:18+00:00 START A_llama8b_e2m1z /home/dev/.conda/envs/n16k64/bin/python run_ppl_deploy.py --model llama8b --data-root /home/dev/n16k64_campaign/cost_comparison/data --transformers-deviation --evaluate e2m1z=fake:format:e2m1zou:1x16 --out /home/dev/n16k64_campaign/paper_extra/A/ppl/llama8b/e2m1z
2026-09-29T18:08:33+00:00 END A_llama8b_e2m1z rc=0
2026-09-29T18:08:33+00:00 START A_llama8b_tc-8x64 /home/dev/.conda/envs/n16k64/bin/python run_ppl_deploy.py --model llama8b --data-root /home/dev/n16k64_campaign/cost_comparison/data --transformers-deviation --evaluate tc-8x64=fake:map:/home/dev/n16k64_campaign/paper/artifacts/llama8b_tc_8x64.mixfp4map --out /home/dev/n16k64_campaign/paper_extra/A/ppl/llama8b/tc-8x64
2026-09-29T18:12:50+00:00 END A_llama8b_tc-8x64 rc=0
2026-09-29T18:12:50+00:00 START A_llama8b_tc-16x64 /home/dev/.conda/envs/n16k64/bin/python run_ppl_deploy.py --model llama8b --data-root /home/dev/n16k64_campaign/cost_comparison/data --transformers-deviation --evaluate tc-16x64=fake:map:/home/dev/n16k64_campaign/paper/artifacts/llama8b_tc_16x64.mixfp4map --out /home/dev/n16k64_campaign/paper_extra/A/ppl/llama8b/tc-16x64
2026-09-29T18:17:07+00:00 END A_llama8b_tc-16x64 rc=0
2026-09-29T18:17:07+00:00 START A_llama8b_tc-256x64 /home/dev/.conda/envs/n16k64/bin/python run_ppl_deploy.py --model llama8b --data-root /home/dev/n16k64_campaign/cost_comparison/data --transformers-deviation --evaluate tc-256x64=fake:map:/home/dev/n16k64_campaign/paper/artifacts/llama8b_tc_256x64.mixfp4map --out /home/dev/n16k64_campaign/paper_extra/A/ppl/llama8b/tc-256x64
2026-09-29T18:21:24+00:00 END A_llama8b_tc-256x64 rc=0
2026-09-29T18:21:24+00:00 START A_llama8b_if4-1x16 /home/dev/.conda/envs/n16k64/bin/python run_ppl_deploy.py --model llama8b --data-root /home/dev/n16k64_campaign/cost_comparison/data --transformers-deviation --evaluate if4-1x16=fake:format:if4:1x16 --out /home/dev/n16k64_campaign/paper_extra/A/ppl/llama8b/if4-1x16
2026-09-29T18:25:40+00:00 END A_llama8b_if4-1x16 rc=0
2026-09-29T18:25:40+00:00 START A_llama8b_if4-8x64 /home/dev/.conda/envs/n16k64/bin/python run_ppl_deploy.py --model llama8b --data-root /home/dev/n16k64_campaign/cost_comparison/data --transformers-deviation --evaluate if4-8x64=fake:format:if4:8x64 --out /home/dev/n16k64_campaign/paper_extra/A/ppl/llama8b/if4-8x64
2026-09-29T18:29:55+00:00 END A_llama8b_if4-8x64 rc=0
2026-09-29T18:29:55+00:00 START A_llama8b_if4-16x64 /home/dev/.conda/envs/n16k64/bin/python run_ppl_deploy.py --model llama8b --data-root /home/dev/n16k64_campaign/cost_comparison/data --transformers-deviation --evaluate if4-16x64=fake:format:if4:16x64 --out /home/dev/n16k64_campaign/paper_extra/A/ppl/llama8b/if4-16x64
2026-09-29T18:34:13+00:00 END A_llama8b_if4-16x64 rc=0
2026-09-29T18:34:13+00:00 START A_llama8b_if4-256x64 /home/dev/.conda/envs/n16k64/bin/python run_ppl_deploy.py --model llama8b --data-root /home/dev/n16k64_campaign/cost_comparison/data --transformers-deviation --evaluate if4-256x64=fake:format:if4:256x64 --out /home/dev/n16k64_campaign/paper_extra/A/ppl/llama8b/if4-256x64
2026-09-29T18:38:29+00:00 END A_llama8b_if4-256x64 rc=0
2026-09-29T18:38:29+00:00 START A_llama8b_zou-1x16 /home/dev/.conda/envs/n16k64/bin/python run_ppl_deploy.py --model llama8b --data-root /home/dev/n16k64_campaign/cost_comparison/data --transformers-deviation --evaluate zou-1x16=fake:format:zou:1x16 --out /home/dev/n16k64_campaign/paper_extra/A/ppl/llama8b/zou-1x16
2026-09-29T18:42:44+00:00 END A_llama8b_zou-1x16 rc=0
2026-09-29T18:42:44+00:00 START A_llama8b_zou-8x64 /home/dev/.conda/envs/n16k64/bin/python run_ppl_deploy.py --model llama8b --data-root /home/dev/n16k64_campaign/cost_comparison/data --transformers-deviation --evaluate zou-8x64=fake:format:zou:8x64 --out /home/dev/n16k64_campaign/paper_extra/A/ppl/llama8b/zou-8x64
2026-09-29T18:47:00+00:00 END A_llama8b_zou-8x64 rc=0
2026-09-29T18:47:00+00:00 START A_llama8b_zou-16x64 /home/dev/.conda/envs/n16k64/bin/python run_ppl_deploy.py --model llama8b --data-root /home/dev/n16k64_campaign/cost_comparison/data --transformers-deviation --evaluate zou-16x64=fake:format:zou:16x64 --out /home/dev/n16k64_campaign/paper_extra/A/ppl/llama8b/zou-16x64
2026-09-29T18:51:15+00:00 END A_llama8b_zou-16x64 rc=0
2026-09-29T18:51:15+00:00 START A_llama8b_zou-256x64 /home/dev/.conda/envs/n16k64/bin/python run_ppl_deploy.py --model llama8b --data-root /home/dev/n16k64_campaign/cost_comparison/data --transformers-deviation --evaluate zou-256x64=fake:format:zou:256x64 --out /home/dev/n16k64_campaign/paper_extra/A/ppl/llama8b/zou-256x64
2026-09-29T18:55:29+00:00 END A_llama8b_zou-256x64 rc=0
2026-09-29T18:55:29+00:00 START A_llama8b_zoufo6-1x16 /home/dev/.conda/envs/n16k64/bin/python run_ppl_deploy.py --model llama8b --data-root /home/dev/n16k64_campaign/cost_comparison/data --transformers-deviation --evaluate zoufo6-1x16=fake:format:zoufo6:1x16 --out /home/dev/n16k64_campaign/paper_extra/A/ppl/llama8b/zoufo6-1x16
2026-09-29T18:59:48+00:00 END A_llama8b_zoufo6-1x16 rc=0
2026-09-29T18:59:48+00:00 START A_llama8b_zoufo6-8x64 /home/dev/.conda/envs/n16k64/bin/python run_ppl_deploy.py --model llama8b --data-root /home/dev/n16k64_campaign/cost_comparison/data --transformers-deviation --evaluate zoufo6-8x64=fake:format:zoufo6:8x64 --out /home/dev/n16k64_campaign/paper_extra/A/ppl/llama8b/zoufo6-8x64
2026-09-29T19:04:07+00:00 END A_llama8b_zoufo6-8x64 rc=0
2026-09-29T19:04:07+00:00 START A_llama8b_zoufo6-16x64 /home/dev/.conda/envs/n16k64/bin/python run_ppl_deploy.py --model llama8b --data-root /home/dev/n16k64_campaign/cost_comparison/data --transformers-deviation --evaluate zoufo6-16x64=fake:format:zoufo6:16x64 --out /home/dev/n16k64_campaign/paper_extra/A/ppl/llama8b/zoufo6-16x64
2026-09-29T19:08:23+00:00 END A_llama8b_zoufo6-16x64 rc=0
2026-09-29T19:08:23+00:00 START A_llama8b_zoufo6-256x64 /home/dev/.conda/envs/n16k64/bin/python run_ppl_deploy.py --model llama8b --data-root /home/dev/n16k64_campaign/cost_comparison/data --transformers-deviation --evaluate zoufo6-256x64=fake:format:zoufo6:256x64 --out /home/dev/n16k64_campaign/paper_extra/A/ppl/llama8b/zoufo6-256x64
2026-09-29T19:12:41+00:00 END A_llama8b_zoufo6-256x64 rc=0
2026-09-29T20:54:52+00:00 START A_mistral7b_bf16 /home/dev/.conda/envs/n16k64/bin/python run_ppl_deploy.py --model mistral7b --data-root /home/dev/n16k64_campaign/multimodel/data --evaluate bf16=bf16 --out /home/dev/n16k64_campaign/paper_extra/A/ppl/mistral7b/bf16
2026-09-29T20:57:05+00:00 END A_mistral7b_bf16 rc=0
2026-09-29T20:57:05+00:00 START A_mistral7b_nvfp4 /home/dev/.conda/envs/n16k64/bin/python run_ppl_deploy.py --model mistral7b --data-root /home/dev/n16k64_campaign/multimodel/data --evaluate nvfp4=fake:nvfp4 --out /home/dev/n16k64_campaign/paper_extra/A/ppl/mistral7b/nvfp4
2026-09-29T21:03:24+00:00 END A_mistral7b_nvfp4 rc=0
2026-09-29T21:03:24+00:00 START A_mistral7b_fo6 /home/dev/.conda/envs/n16k64/bin/python run_ppl_deploy.py --model mistral7b --data-root /home/dev/n16k64_campaign/multimodel/data --evaluate fo6=fake:four_over_six --out /home/dev/n16k64_campaign/paper_extra/A/ppl/mistral7b/fo6
2026-09-29T21:07:40+00:00 END A_mistral7b_fo6 rc=0
2026-09-29T21:07:40+00:00 START A_mistral7b_e2m1 /home/dev/.conda/envs/n16k64/bin/python run_ppl_deploy.py --model mistral7b --data-root /home/dev/n16k64_campaign/multimodel/data --evaluate e2m1=fake:format:e2m1:1x16 --out /home/dev/n16k64_campaign/paper_extra/A/ppl/mistral7b/e2m1
2026-09-29T21:11:56+00:00 END A_mistral7b_e2m1 rc=0
2026-09-29T21:11:56+00:00 START A_mistral7b_e2m1z /home/dev/.conda/envs/n16k64/bin/python run_ppl_deploy.py --model mistral7b --data-root /home/dev/n16k64_campaign/multimodel/data --evaluate e2m1z=fake:format:e2m1zou:1x16 --out /home/dev/n16k64_campaign/paper_extra/A/ppl/mistral7b/e2m1z
2026-09-29T21:16:12+00:00 END A_mistral7b_e2m1z rc=0
2026-09-29T21:16:12+00:00 START A_mistral7b_tc-8x64 /home/dev/.conda/envs/n16k64/bin/python run_ppl_deploy.py --model mistral7b --data-root /home/dev/n16k64_campaign/multimodel/data --evaluate tc-8x64=fake:map:/home/dev/n16k64_campaign/paper/artifacts/mistral7b_tc_8x64.mixfp4map --out /home/dev/n16k64_campaign/paper_extra/A/ppl/mistral7b/tc-8x64
2026-09-29T21:20:29+00:00 END A_mistral7b_tc-8x64 rc=0
2026-09-29T21:20:29+00:00 START A_mistral7b_tc-16x64 /home/dev/.conda/envs/n16k64/bin/python run_ppl_deploy.py --model mistral7b --data-root /home/dev/n16k64_campaign/multimodel/data --evaluate tc-16x64=fake:map:/home/dev/n16k64_campaign/paper/artifacts/mistral7b_tc_16x64.mixfp4map --out /home/dev/n16k64_campaign/paper_extra/A/ppl/mistral7b/tc-16x64
2026-09-29T21:24:47+00:00 END A_mistral7b_tc-16x64 rc=0
2026-09-29T21:24:47+00:00 START A_mistral7b_tc-256x64 /home/dev/.conda/envs/n16k64/bin/python run_ppl_deploy.py --model mistral7b --data-root /home/dev/n16k64_campaign/multimodel/data --evaluate tc-256x64=fake:map:/home/dev/n16k64_campaign/paper/artifacts/mistral7b_tc_256x64.mixfp4map --out /home/dev/n16k64_campaign/paper_extra/A/ppl/mistral7b/tc-256x64
2026-09-29T21:29:05+00:00 END A_mistral7b_tc-256x64 rc=0
2026-09-29T21:29:05+00:00 START A_mistral7b_if4-1x16 /home/dev/.conda/envs/n16k64/bin/python run_ppl_deploy.py --model mistral7b --data-root /home/dev/n16k64_campaign/multimodel/data --evaluate if4-1x16=fake:format:if4:1x16 --out /home/dev/n16k64_campaign/paper_extra/A/ppl/mistral7b/if4-1x16
2026-09-29T21:33:21+00:00 END A_mistral7b_if4-1x16 rc=0
2026-09-29T21:33:21+00:00 START A_mistral7b_if4-8x64 /home/dev/.conda/envs/n16k64/bin/python run_ppl_deploy.py --model mistral7b --data-root /home/dev/n16k64_campaign/multimodel/data --evaluate if4-8x64=fake:format:if4:8x64 --out /home/dev/n16k64_campaign/paper_extra/A/ppl/mistral7b/if4-8x64
2026-09-29T21:37:36+00:00 END A_mistral7b_if4-8x64 rc=0
2026-09-29T21:37:36+00:00 START A_mistral7b_if4-16x64 /home/dev/.conda/envs/n16k64/bin/python run_ppl_deploy.py --model mistral7b --data-root /home/dev/n16k64_campaign/multimodel/data --evaluate if4-16x64=fake:format:if4:16x64 --out /home/dev/n16k64_campaign/paper_extra/A/ppl/mistral7b/if4-16x64
2026-09-29T21:41:50+00:00 END A_mistral7b_if4-16x64 rc=0
2026-09-29T21:41:50+00:00 START A_mistral7b_if4-256x64 /home/dev/.conda/envs/n16k64/bin/python run_ppl_deploy.py --model mistral7b --data-root /home/dev/n16k64_campaign/multimodel/data --evaluate if4-256x64=fake:format:if4:256x64 --out /home/dev/n16k64_campaign/paper_extra/A/ppl/mistral7b/if4-256x64
2026-09-29T21:46:04+00:00 END A_mistral7b_if4-256x64 rc=0
2026-09-29T21:46:04+00:00 START A_mistral7b_zou-1x16 /home/dev/.conda/envs/n16k64/bin/python run_ppl_deploy.py --model mistral7b --data-root /home/dev/n16k64_campaign/multimodel/data --evaluate zou-1x16=fake:format:zou:1x16 --out /home/dev/n16k64_campaign/paper_extra/A/ppl/mistral7b/zou-1x16
2026-09-29T21:50:19+00:00 END A_mistral7b_zou-1x16 rc=0
2026-09-29T21:50:19+00:00 START A_mistral7b_zou-8x64 /home/dev/.conda/envs/n16k64/bin/python run_ppl_deploy.py --model mistral7b --data-root /home/dev/n16k64_campaign/multimodel/data --evaluate zou-8x64=fake:format:zou:8x64 --out /home/dev/n16k64_campaign/paper_extra/A/ppl/mistral7b/zou-8x64
2026-09-29T21:54:33+00:00 END A_mistral7b_zou-8x64 rc=0
2026-09-29T21:54:33+00:00 START A_mistral7b_zou-16x64 /home/dev/.conda/envs/n16k64/bin/python run_ppl_deploy.py --model mistral7b --data-root /home/dev/n16k64_campaign/multimodel/data --evaluate zou-16x64=fake:format:zou:16x64 --out /home/dev/n16k64_campaign/paper_extra/A/ppl/mistral7b/zou-16x64
2026-09-29T21:58:49+00:00 END A_mistral7b_zou-16x64 rc=0
2026-09-29T21:58:49+00:00 START A_mistral7b_zou-256x64 /home/dev/.conda/envs/n16k64/bin/python run_ppl_deploy.py --model mistral7b --data-root /home/dev/n16k64_campaign/multimodel/data --evaluate zou-256x64=fake:format:zou:256x64 --out /home/dev/n16k64_campaign/paper_extra/A/ppl/mistral7b/zou-256x64
2026-09-29T22:03:05+00:00 END A_mistral7b_zou-256x64 rc=0
2026-09-29T22:03:05+00:00 START A_mistral7b_zoufo6-1x16 /home/dev/.conda/envs/n16k64/bin/python run_ppl_deploy.py --model mistral7b --data-root /home/dev/n16k64_campaign/multimodel/data --evaluate zoufo6-1x16=fake:format:zoufo6:1x16 --out /home/dev/n16k64_campaign/paper_extra/A/ppl/mistral7b/zoufo6-1x16
2026-09-29T22:07:22+00:00 END A_mistral7b_zoufo6-1x16 rc=0
2026-09-29T22:07:22+00:00 START A_mistral7b_zoufo6-8x64 /home/dev/.conda/envs/n16k64/bin/python run_ppl_deploy.py --model mistral7b --data-root /home/dev/n16k64_campaign/multimodel/data --evaluate zoufo6-8x64=fake:format:zoufo6:8x64 --out /home/dev/n16k64_campaign/paper_extra/A/ppl/mistral7b/zoufo6-8x64
2026-09-29T22:11:40+00:00 END A_mistral7b_zoufo6-8x64 rc=0
2026-09-29T22:11:40+00:00 START A_mistral7b_zoufo6-16x64 /home/dev/.conda/envs/n16k64/bin/python run_ppl_deploy.py --model mistral7b --data-root /home/dev/n16k64_campaign/multimodel/data --evaluate zoufo6-16x64=fake:format:zoufo6:16x64 --out /home/dev/n16k64_campaign/paper_extra/A/ppl/mistral7b/zoufo6-16x64
2026-09-29T22:16:00+00:00 END A_mistral7b_zoufo6-16x64 rc=0
2026-09-29T22:16:00+00:00 START A_mistral7b_zoufo6-256x64 /home/dev/.conda/envs/n16k64/bin/python run_ppl_deploy.py --model mistral7b --data-root /home/dev/n16k64_campaign/multimodel/data --evaluate zoufo6-256x64=fake:format:zoufo6:256x64 --out /home/dev/n16k64_campaign/paper_extra/A/ppl/mistral7b/zoufo6-256x64
2026-09-29T22:20:18+00:00 END A_mistral7b_zoufo6-256x64 rc=0
2026-09-29T22:20:18+00:00 START A_phi4_bf16 /home/dev/.conda/envs/n16k64/bin/python run_ppl_deploy.py --model phi4 --data-root /home/dev/n16k64_campaign/multimodel/data --evaluate bf16=bf16 --out /home/dev/n16k64_campaign/paper_extra/A/ppl/phi4/bf16
2026-09-29T22:24:22+00:00 END A_phi4_bf16 rc=0
2026-09-29T22:24:22+00:00 START A_phi4_nvfp4 /home/dev/.conda/envs/n16k64/bin/python run_ppl_deploy.py --model phi4 --data-root /home/dev/n16k64_campaign/multimodel/data --evaluate nvfp4=fake:nvfp4 --out /home/dev/n16k64_campaign/paper_extra/A/ppl/phi4/nvfp4
2026-09-29T22:33:06+00:00 END A_phi4_nvfp4 rc=0
2026-09-29T22:33:06+00:00 START A_phi4_fo6 /home/dev/.conda/envs/n16k64/bin/python run_ppl_deploy.py --model phi4 --data-root /home/dev/n16k64_campaign/multimodel/data --evaluate fo6=fake:four_over_six --out /home/dev/n16k64_campaign/paper_extra/A/ppl/phi4/fo6
2026-09-29T22:39:36+00:00 END A_phi4_fo6 rc=0
2026-09-29T22:39:36+00:00 START A_phi4_e2m1 /home/dev/.conda/envs/n16k64/bin/python run_ppl_deploy.py --model phi4 --data-root /home/dev/n16k64_campaign/multimodel/data --evaluate e2m1=fake:format:e2m1:1x16 --out /home/dev/n16k64_campaign/paper_extra/A/ppl/phi4/e2m1
2026-09-29T22:46:04+00:00 END A_phi4_e2m1 rc=0
2026-09-29T22:46:04+00:00 START A_phi4_e2m1z /home/dev/.conda/envs/n16k64/bin/python run_ppl_deploy.py --model phi4 --data-root /home/dev/n16k64_campaign/multimodel/data --evaluate e2m1z=fake:format:e2m1zou:1x16 --out /home/dev/n16k64_campaign/paper_extra/A/ppl/phi4/e2m1z
2026-09-29T22:52:29+00:00 END A_phi4_e2m1z rc=0
2026-09-29T22:52:29+00:00 START A_phi4_tc-8x64 /home/dev/.conda/envs/n16k64/bin/python run_ppl_deploy.py --model phi4 --data-root /home/dev/n16k64_campaign/multimodel/data --evaluate tc-8x64=fake:map:/home/dev/n16k64_campaign/paper/artifacts/phi4_tc_8x64.mixfp4map --out /home/dev/n16k64_campaign/paper_extra/A/ppl/phi4/tc-8x64
2026-09-29T22:59:02+00:00 END A_phi4_tc-8x64 rc=0
2026-09-29T22:59:02+00:00 START A_phi4_tc-16x64 /home/dev/.conda/envs/n16k64/bin/python run_ppl_deploy.py --model phi4 --data-root /home/dev/n16k64_campaign/multimodel/data --evaluate tc-16x64=fake:map:/home/dev/n16k64_campaign/paper/artifacts/phi4_tc_16x64.mixfp4map --out /home/dev/n16k64_campaign/paper_extra/A/ppl/phi4/tc-16x64
2026-09-29T23:05:36+00:00 END A_phi4_tc-16x64 rc=0
2026-09-29T23:05:36+00:00 START A_phi4_tc-256x64 /home/dev/.conda/envs/n16k64/bin/python run_ppl_deploy.py --model phi4 --data-root /home/dev/n16k64_campaign/multimodel/data --evaluate tc-256x64=fake:map:/home/dev/n16k64_campaign/paper/artifacts/phi4_tc_256x64.mixfp4map --out /home/dev/n16k64_campaign/paper_extra/A/ppl/phi4/tc-256x64
2026-09-29T23:12:09+00:00 END A_phi4_tc-256x64 rc=0
2026-09-29T23:12:09+00:00 START A_phi4_if4-1x16 /home/dev/.conda/envs/n16k64/bin/python run_ppl_deploy.py --model phi4 --data-root /home/dev/n16k64_campaign/multimodel/data --evaluate if4-1x16=fake:format:if4:1x16 --out /home/dev/n16k64_campaign/paper_extra/A/ppl/phi4/if4-1x16
2026-09-29T23:18:36+00:00 END A_phi4_if4-1x16 rc=0
2026-09-29T23:18:36+00:00 START A_phi4_if4-8x64 /home/dev/.conda/envs/n16k64/bin/python run_ppl_deploy.py --model phi4 --data-root /home/dev/n16k64_campaign/multimodel/data --evaluate if4-8x64=fake:format:if4:8x64 --out /home/dev/n16k64_campaign/paper_extra/A/ppl/phi4/if4-8x64
2026-09-29T23:25:02+00:00 END A_phi4_if4-8x64 rc=0
2026-09-29T23:25:02+00:00 START A_phi4_if4-16x64 /home/dev/.conda/envs/n16k64/bin/python run_ppl_deploy.py --model phi4 --data-root /home/dev/n16k64_campaign/multimodel/data --evaluate if4-16x64=fake:format:if4:16x64 --out /home/dev/n16k64_campaign/paper_extra/A/ppl/phi4/if4-16x64
2026-09-29T23:31:30+00:00 END A_phi4_if4-16x64 rc=0
2026-09-29T23:31:30+00:00 START A_phi4_if4-256x64 /home/dev/.conda/envs/n16k64/bin/python run_ppl_deploy.py --model phi4 --data-root /home/dev/n16k64_campaign/multimodel/data --evaluate if4-256x64=fake:format:if4:256x64 --out /home/dev/n16k64_campaign/paper_extra/A/ppl/phi4/if4-256x64
2026-09-29T23:37:55+00:00 END A_phi4_if4-256x64 rc=0
2026-09-29T23:37:55+00:00 START A_phi4_zou-1x16 /home/dev/.conda/envs/n16k64/bin/python run_ppl_deploy.py --model phi4 --data-root /home/dev/n16k64_campaign/multimodel/data --evaluate zou-1x16=fake:format:zou:1x16 --out /home/dev/n16k64_campaign/paper_extra/A/ppl/phi4/zou-1x16
2026-09-29T23:44:22+00:00 END A_phi4_zou-1x16 rc=0
2026-09-29T23:44:22+00:00 START A_phi4_zou-8x64 /home/dev/.conda/envs/n16k64/bin/python run_ppl_deploy.py --model phi4 --data-root /home/dev/n16k64_campaign/multimodel/data --evaluate zou-8x64=fake:format:zou:8x64 --out /home/dev/n16k64_campaign/paper_extra/A/ppl/phi4/zou-8x64
2026-09-29T23:50:49+00:00 END A_phi4_zou-8x64 rc=0
2026-09-29T23:50:49+00:00 START A_phi4_zou-16x64 /home/dev/.conda/envs/n16k64/bin/python run_ppl_deploy.py --model phi4 --data-root /home/dev/n16k64_campaign/multimodel/data --evaluate zou-16x64=fake:format:zou:16x64 --out /home/dev/n16k64_campaign/paper_extra/A/ppl/phi4/zou-16x64
2026-09-29T23:57:15+00:00 END A_phi4_zou-16x64 rc=0
2026-09-29T23:57:15+00:00 START A_phi4_zou-256x64 /home/dev/.conda/envs/n16k64/bin/python run_ppl_deploy.py --model phi4 --data-root /home/dev/n16k64_campaign/multimodel/data --evaluate zou-256x64=fake:format:zou:256x64 --out /home/dev/n16k64_campaign/paper_extra/A/ppl/phi4/zou-256x64
2026-09-30T00:03:44+00:00 END A_phi4_zou-256x64 rc=0
2026-09-30T00:03:44+00:00 START A_phi4_zoufo6-1x16 /home/dev/.conda/envs/n16k64/bin/python run_ppl_deploy.py --model phi4 --data-root /home/dev/n16k64_campaign/multimodel/data --evaluate zoufo6-1x16=fake:format:zoufo6:1x16 --out /home/dev/n16k64_campaign/paper_extra/A/ppl/phi4/zoufo6-1x16
2026-09-30T00:10:18+00:00 END A_phi4_zoufo6-1x16 rc=0
2026-09-30T00:10:18+00:00 START A_phi4_zoufo6-8x64 /home/dev/.conda/envs/n16k64/bin/python run_ppl_deploy.py --model phi4 --data-root /home/dev/n16k64_campaign/multimodel/data --evaluate zoufo6-8x64=fake:format:zoufo6:8x64 --out /home/dev/n16k64_campaign/paper_extra/A/ppl/phi4/zoufo6-8x64
2026-09-30T00:16:50+00:00 END A_phi4_zoufo6-8x64 rc=0
2026-09-30T00:16:50+00:00 START A_phi4_zoufo6-16x64 /home/dev/.conda/envs/n16k64/bin/python run_ppl_deploy.py --model phi4 --data-root /home/dev/n16k64_campaign/multimodel/data --evaluate zoufo6-16x64=fake:format:zoufo6:16x64 --out /home/dev/n16k64_campaign/paper_extra/A/ppl/phi4/zoufo6-16x64
2026-09-30T00:23:25+00:00 END A_phi4_zoufo6-16x64 rc=0
2026-09-30T00:23:25+00:00 START A_phi4_zoufo6-256x64 /home/dev/.conda/envs/n16k64/bin/python run_ppl_deploy.py --model phi4 --data-root /home/dev/n16k64_campaign/multimodel/data --evaluate zoufo6-256x64=fake:format:zoufo6:256x64 --out /home/dev/n16k64_campaign/paper_extra/A/ppl/phi4/zoufo6-256x64
2026-09-30T00:29:57+00:00 END A_phi4_zoufo6-256x64 rc=0
2026-09-30T06:57:34+00:00 START A_llama8b_if4fo6-1x16 /home/dev/.conda/envs/n16k64/bin/python run_ppl_deploy.py --model llama8b --data-root /home/dev/n16k64_campaign/cost_comparison/data --transformers-deviation --evaluate if4fo6-1x16=fake:format:if4fo6:1x16 --out /home/dev/n16k64_campaign/paper_extra/A/ppl/llama8b/if4fo6-1x16
2026-09-30T07:01:50+00:00 END A_llama8b_if4fo6-1x16 rc=0
2026-09-30T07:01:50+00:00 START A_llama8b_if4fo6-8x64 /home/dev/.conda/envs/n16k64/bin/python run_ppl_deploy.py --model llama8b --data-root /home/dev/n16k64_campaign/cost_comparison/data --transformers-deviation --evaluate if4fo6-8x64=fake:format:if4fo6:8x64 --out /home/dev/n16k64_campaign/paper_extra/A/ppl/llama8b/if4fo6-8x64
2026-09-30T07:06:08+00:00 END A_llama8b_if4fo6-8x64 rc=0
2026-09-30T07:06:08+00:00 START A_llama8b_if4fo6-16x64 /home/dev/.conda/envs/n16k64/bin/python run_ppl_deploy.py --model llama8b --data-root /home/dev/n16k64_campaign/cost_comparison/data --transformers-deviation --evaluate if4fo6-16x64=fake:format:if4fo6:16x64 --out /home/dev/n16k64_campaign/paper_extra/A/ppl/llama8b/if4fo6-16x64
2026-09-30T07:10:27+00:00 END A_llama8b_if4fo6-16x64 rc=0
2026-09-30T07:10:27+00:00 START A_llama8b_if4fo6-256x64 /home/dev/.conda/envs/n16k64/bin/python run_ppl_deploy.py --model llama8b --data-root /home/dev/n16k64_campaign/cost_comparison/data --transformers-deviation --evaluate if4fo6-256x64=fake:format:if4fo6:256x64 --out /home/dev/n16k64_campaign/paper_extra/A/ppl/llama8b/if4fo6-256x64
2026-09-30T07:14:46+00:00 END A_llama8b_if4fo6-256x64 rc=0
2026-09-30T07:14:46+00:00 START A_mistral7b_if4fo6-1x16 /home/dev/.conda/envs/n16k64/bin/python run_ppl_deploy.py --model mistral7b --data-root /home/dev/n16k64_campaign/multimodel/data --evaluate if4fo6-1x16=fake:format:if4fo6:1x16 --out /home/dev/n16k64_campaign/paper_extra/A/ppl/mistral7b/if4fo6-1x16
2026-09-30T07:19:07+00:00 END A_mistral7b_if4fo6-1x16 rc=0
2026-09-30T07:19:07+00:00 START A_mistral7b_if4fo6-8x64 /home/dev/.conda/envs/n16k64/bin/python run_ppl_deploy.py --model mistral7b --data-root /home/dev/n16k64_campaign/multimodel/data --evaluate if4fo6-8x64=fake:format:if4fo6:8x64 --out /home/dev/n16k64_campaign/paper_extra/A/ppl/mistral7b/if4fo6-8x64
2026-09-30T07:23:26+00:00 END A_mistral7b_if4fo6-8x64 rc=0
2026-09-30T07:23:26+00:00 START A_mistral7b_if4fo6-16x64 /home/dev/.conda/envs/n16k64/bin/python run_ppl_deploy.py --model mistral7b --data-root /home/dev/n16k64_campaign/multimodel/data --evaluate if4fo6-16x64=fake:format:if4fo6:16x64 --out /home/dev/n16k64_campaign/paper_extra/A/ppl/mistral7b/if4fo6-16x64
2026-09-30T07:27:46+00:00 END A_mistral7b_if4fo6-16x64 rc=0
2026-09-30T07:27:46+00:00 START A_mistral7b_if4fo6-256x64 /home/dev/.conda/envs/n16k64/bin/python run_ppl_deploy.py --model mistral7b --data-root /home/dev/n16k64_campaign/multimodel/data --evaluate if4fo6-256x64=fake:format:if4fo6:256x64 --out /home/dev/n16k64_campaign/paper_extra/A/ppl/mistral7b/if4fo6-256x64
2026-09-30T07:32:06+00:00 END A_mistral7b_if4fo6-256x64 rc=0
2026-09-30T07:32:06+00:00 START A_phi4_if4fo6-1x16 /home/dev/.conda/envs/n16k64/bin/python run_ppl_deploy.py --model phi4 --data-root /home/dev/n16k64_campaign/multimodel/data --evaluate if4fo6-1x16=fake:format:if4fo6:1x16 --out /home/dev/n16k64_campaign/paper_extra/A/ppl/phi4/if4fo6-1x16
2026-09-30T07:38:40+00:00 END A_phi4_if4fo6-1x16 rc=0
2026-09-30T07:38:40+00:00 START A_phi4_if4fo6-8x64 /home/dev/.conda/envs/n16k64/bin/python run_ppl_deploy.py --model phi4 --data-root /home/dev/n16k64_campaign/multimodel/data --evaluate if4fo6-8x64=fake:format:if4fo6:8x64 --out /home/dev/n16k64_campaign/paper_extra/A/ppl/phi4/if4fo6-8x64
2026-09-30T07:45:16+00:00 END A_phi4_if4fo6-8x64 rc=0
2026-09-30T07:45:16+00:00 START A_phi4_if4fo6-16x64 /home/dev/.conda/envs/n16k64/bin/python run_ppl_deploy.py --model phi4 --data-root /home/dev/n16k64_campaign/multimodel/data --evaluate if4fo6-16x64=fake:format:if4fo6:16x64 --out /home/dev/n16k64_campaign/paper_extra/A/ppl/phi4/if4fo6-16x64
2026-09-30T07:51:50+00:00 END A_phi4_if4fo6-16x64 rc=0
2026-09-30T07:51:50+00:00 START A_phi4_if4fo6-256x64 /home/dev/.conda/envs/n16k64/bin/python run_ppl_deploy.py --model phi4 --data-root /home/dev/n16k64_campaign/multimodel/data --evaluate if4fo6-256x64=fake:format:if4fo6:256x64 --out /home/dev/n16k64_campaign/paper_extra/A/ppl/phi4/if4fo6-256x64
2026-09-30T07:58:29+00:00 END A_phi4_if4fo6-256x64 rc=0
