w128 4096x4096 T= 4096 e2m1 cold: t0   111.95 | freq -0.69% zb2 +1.40% zb3 -0.00% stock -1.70% | zero bits 100%
w128 4096x4096 T= 4096 real cold: t0   112.80 | freq -0.68% zb2 +2.44% zb3 +1.76% stock -2.30% | zero bits 84%
w128 4096x4096 T= 4096 e0m3 cold: t0   114.62 | freq +1.16% zb2 +4.28% zb3 +4.65% stock -3.96% | zero bits 0%
w128 4096x4096 T= 1024 e2m1 cold: t0    31.31 | freq -1.07% zb2 +4.54% zb3 +1.79% stock -1.23% | zero bits 100%
w128 4096x4096 T= 1024 real cold: t0    31.68 | freq -0.81% zb2 +6.26% zb3 +4.54% stock -2.32% | zero bits 84%
w128 4096x4096 T= 1024 e0m3 cold: t0    32.58 | freq +1.87% zb2 +9.88% zb3 +10.42% stock -4.91% | zero bits 0%
w128 14336x4096 T= 2048 e2m1 cold: t0   189.25 | freq -0.89% zb2 +1.34% zb3 -0.34% stock -1.36% | zero bits 100%
w128 14336x4096 T= 2048 real cold: t0   193.76 | freq -0.45% zb2 +2.22% zb3 +1.63% stock -3.52% | zero bits 60%
w128 14336x4096 T= 2048 e0m3 cold: t0   194.64 | freq +1.06% zb2 +3.40% zb3 +3.90% stock -3.95% | zero bits 0%
w128 4096x14336 T=  512 e2m1 cold: t0    50.72 | freq -1.32% zb2 +2.56% zb3 -0.44% stock -1.48% | zero bits 100%
w128 4096x14336 T=  512 real cold: t0    52.74 | freq +0.27% zb2 +4.79% zb3 +3.58% stock -5.28% | zero bits 60%
w128 4096x14336 T=  512 e0m3 cold: t0    53.47 | freq +1.41% zb2 +6.22% zb3 +7.48% stock -6.76% | zero bits 0%
w 16 4096x4096 T=   16 e2m1 cold: t0     8.54 | freq -0.94% zb2 -0.00% zb3 -0.19% stock -1.31% | zero bits 100%
w 16 4096x4096 T=   16 real cold: t0     8.56 | freq -0.93% zb2 +2.43% zb3 +2.24% stock -1.50% | zero bits 84%
w 16 4096x4096 T=   16 e0m3 cold: t0     8.62 | freq +0.93% zb2 +4.63% zb3 +5.38% stock -2.41% | zero bits 0%
w 16 14336x4096 T=   16 e2m1 cold: t0    22.50 | freq -0.28% zb2 -0.07% zb3 -0.00% stock -0.36% | zero bits 100%
w 16 14336x4096 T=   16 real cold: t0    22.50 | freq +0.07% zb2 +0.57% zb3 +0.56% stock -0.43% | zero bits 60%
w 16 14336x4096 T=   16 e0m3 cold: t0    22.50 | freq +0.14% zb2 +0.43% zb3 +0.57% stock -0.29% | zero bits 0%
w 16 4096x14336 T=   16 e2m1 cold: t0    25.54 | freq -0.25% zb2 -0.13% zb3 -0.25% stock -0.69% | zero bits 100%
w 16 4096x14336 T=   16 real cold: t0    25.60 | freq +0.37% zb2 +1.06% zb3 +1.12% stock -0.56% | zero bits 60%
w 16 4096x14336 T=   16 e0m3 cold: t0    25.66 | freq +0.06% zb2 +0.50% zb3 +0.94% stock -1.00% | zero bits 0%
