us; % vs t0 (the adopted default dispatch)
w128 4096x4096 T= 4096 e2m1 cold: t0   112.26 | freq -0.60% zb1 +2.64% zb2 +1.42% stock -1.64% | zero bits 100%
w128 4096x4096 T= 4096 e2m1 b2b : t0   103.44 | freq -0.42% zb1 +1.27% zb2 +0.57% stock -2.24% | zero bits 100%
w128 4096x4096 T= 4096 real cold: t0   112.91 | freq -0.52% zb1 +4.24% zb2 +3.03% stock -2.03% | zero bits 84%
w128 4096x4096 T= 4096 real b2b : t0   104.10 | freq -0.58% zb1 +2.55% zb2 +1.34% stock -2.78% | zero bits 84%
w128 4096x4096 T= 4096 e0m3 cold: t0   117.68 | freq +1.21% zb1 +5.59% zb2 +4.09% stock -3.78% | zero bits 0%
w128 4096x4096 T= 4096 e0m3 b2b : t0   105.50 | freq +1.09% zb1 +4.63% zb2 +3.29% stock -4.17% | zero bits 0%
w128 4096x4096 T= 1024 e2m1 cold: t0    31.34 | freq -1.02% zb1 +5.87% zb2 +4.75% stock -1.17% | zero bits 100%
w128 4096x4096 T= 1024 e2m1 b2b : t0    30.85 | freq +0.78% zb1 +3.27% zb2 +3.42% stock -1.56% | zero bits 100%
w128 4096x4096 T= 1024 real cold: t0    31.65 | freq -0.86% zb1 +9.25% zb2 +7.28% stock -2.02% | zero bits 84%
w128 4096x4096 T= 1024 real b2b : t0    31.09 | freq -0.21% zb1 +6.38% zb2 +4.58% stock -2.32% | zero bits 84%
w128 4096x4096 T= 1024 e0m3 cold: t0    32.61 | freq +1.81% zb1 +12.86% zb2 +9.62% stock -5.00% | zero bits 0%
w128 4096x4096 T= 1024 e0m3 b2b : t0    32.24 | freq +1.39% zb1 +8.39% zb2 +5.01% stock -5.71% | zero bits 0%
w128 14336x4096 T= 2048 e2m1 cold: t0   189.76 | freq -0.85% zb1 +1.91% zb2 +1.09% stock -1.58% | zero bits 100%
w128 14336x4096 T= 2048 e2m1 b2b : t0   181.17 | freq -0.45% zb1 +0.56% zb2 +0.13% stock -2.61% | zero bits 100%
w128 14336x4096 T= 2048 real cold: t0   193.85 | freq -0.16% zb1 +3.66% zb2 +2.28% stock -3.45% | zero bits 60%
w128 14336x4096 T= 2048 real b2b : t0   184.13 | freq -0.25% zb1 +2.54% zb2 +1.44% stock -3.64% | zero bits 60%
w128 14336x4096 T= 2048 e0m3 cold: t0   194.99 | freq +1.09% zb1 +4.65% zb2 +3.31% stock -4.00% | zero bits 0%
w128 14336x4096 T= 2048 e0m3 b2b : t0   185.38 | freq +0.86% zb1 +3.76% zb2 +2.49% stock -4.09% | zero bits 0%
w128 4096x14336 T=  512 e2m1 cold: t0    51.42 | freq -0.90% zb1 +4.45% zb2 +2.77% stock -1.65% | zero bits 100%
w128 4096x14336 T=  512 e2m1 b2b : t0    48.96 | freq -0.88% zb1 +2.91% zb2 +2.13% stock -1.27% | zero bits 100%
w128 4096x14336 T=  512 real cold: t0    53.50 | freq +0.54% zb1 +8.23% zb2 +4.97% stock -5.77% | zero bits 60%
w128 4096x14336 T=  512 real b2b : t0    50.30 | freq -0.07% zb1 +6.07% zb2 +3.37% stock -3.82% | zero bits 60%
w128 4096x14336 T=  512 e0m3 cold: t0    53.38 | freq +1.98% zb1 +12.02% zb2 +6.65% stock -6.41% | zero bits 0%
w128 4096x14336 T=  512 e0m3 b2b : t0    50.72 | freq +1.67% zb1 +9.21% zb2 +4.76% stock -4.79% | zero bits 0%
w 16 4096x4096 T=   16 e2m1 cold: t0     8.50 | freq -0.18% zb1 +0.38% zb2 +0.58% stock -0.94% | zero bits 100%
w 16 4096x4096 T=   16 e2m1 b2b : t0     7.14 | freq -9.42% zb1 -4.04% zb2 -9.42% stock -12.11% | zero bits 100%
w 16 4096x4096 T=   16 real cold: t0     8.56 | freq +0.01% zb1 +4.49% zb2 +2.06% stock -1.69% | zero bits 84%
w 16 4096x4096 T=   16 real b2b : t0     7.17 | freq -1.35% zb1 +11.16% zb2 +5.36% stock -12.50% | zero bits 84%
w 16 4096x4096 T=   16 e0m3 cold: t0     8.61 | freq +1.30% zb1 +9.47% zb2 +4.65% stock -2.42% | zero bits 0%
w 16 4096x4096 T=   16 e0m3 b2b : t0     7.36 | freq +7.83% zb1 +14.78% zb2 +8.70% stock -14.78% | zero bits 0%
w 16 14336x4096 T=   16 e2m1 cold: t0    22.48 | freq -0.21% zb1 -0.07% zb2 +0.07% stock -0.35% | zero bits 100%
w 16 14336x4096 T=   16 e2m1 b2b : t0     8.26 | freq -1.17% zb1 -0.78% zb2 -1.17% stock -2.53% | zero bits 100%
w 16 14336x4096 T=   16 real cold: t0    22.50 | freq +0.07% zb1 +0.42% zb2 +0.57% stock -0.50% | zero bits 60%
w 16 14336x4096 T=   16 real b2b : t0     8.54 | freq +0.37% zb1 +4.12% zb2 +2.06% stock -3.36% | zero bits 60%
w 16 14336x4096 T=   16 e0m3 cold: t0    22.50 | freq +0.14% zb1 +0.36% zb2 +0.57% stock -0.50% | zero bits 0%
w 16 14336x4096 T=   16 e0m3 b2b : t0     9.09 | freq +1.23% zb1 +3.87% zb2 +1.76% stock -5.63% | zero bits 0%
w 16 4096x14336 T=   16 e2m1 cold: t0    25.60 | freq -0.62% zb1 -0.12% zb2 -0.63% stock -1.00% | zero bits 100%
w 16 4096x14336 T=   16 e2m1 b2b : t0    19.33 | freq -10.76% zb1 -6.79% zb2 -14.90% stock -15.73% | zero bits 100%
w 16 4096x14336 T=   16 real cold: t0    25.66 | freq +0.13% zb1 +1.00% zb2 +1.06% stock -0.75% | zero bits 60%
w 16 4096x14336 T=   16 real b2b : t0    19.62 | freq +1.47% zb1 +17.61% zb2 +8.48% stock -16.97% | zero bits 60%
w 16 4096x14336 T=   16 e0m3 cold: t0    25.60 | freq +0.44% zb1 +1.31% zb2 +1.13% stock -0.94% | zero bits 0%
w 16 4096x14336 T=   16 e0m3 b2b : t0    20.13 | freq +10.97% zb1 +16.85% zb2 +8.27% stock -18.92% | zero bits 0%
