us; % vs freq (the adopted path, #2's dispatch)
16x64 w128 4096x4096 T= 4096 e2m1 cold: freq   113.33 | uni -0.34% ceiling -0.51% stock -0.59% | uni below freq in every round: False | real module 28
16x64 w128 4096x4096 T= 4096 e2m1 b2b : freq   102.88 | uni -0.58% ceiling -1.65% stock -1.84% | uni below freq in every round: True | real module 28
16x64 w128 4096x4096 T= 4096 real cold: freq   114.25 | uni -0.32% ceiling -1.26% stock -1.41% | uni below freq in every round: True | real module 28
16x64 w128 4096x4096 T= 4096 real b2b : freq   103.31 | uni -0.57% ceiling -1.84% stock -2.04% | uni below freq in every round: True | real module 28
16x64 w128 4096x4096 T= 4096 e0m3 cold: freq   115.97 | uni +1.59% ceiling -4.03% stock -4.77% | uni below freq in every round: False | real module 28
16x64 w128 4096x4096 T= 4096 e0m3 b2b : freq   106.54 | uni +0.49% ceiling -4.85% stock -4.97% | uni below freq in every round: False | real module 28
16x64 w128 4096x4096 T= 1024 e2m1 cold: freq    30.99 | uni -0.51% ceiling -0.36% stock +0.05% | uni below freq in every round: True | real module 28
16x64 w128 4096x4096 T= 1024 e2m1 b2b : freq    30.91 | uni -1.09% ceiling -1.66% stock -1.24% | uni below freq in every round: False | real module 28
16x64 w128 4096x4096 T= 1024 real cold: freq    31.18 | uni -0.67% ceiling -0.87% stock -0.46% | uni below freq in every round: True | real module 28
16x64 w128 4096x4096 T= 1024 real b2b : freq    30.91 | uni -1.09% ceiling -1.60% stock -0.41% | uni below freq in every round: True | real module 28
16x64 w128 4096x4096 T= 1024 e0m3 cold: freq    33.18 | uni +1.83% ceiling -6.85% stock -6.61% | uni below freq in every round: False | real module 28
16x64 w128 4096x4096 T= 1024 e0m3 b2b : freq    32.38 | uni +2.02% ceiling -6.03% stock -5.73% | uni below freq in every round: False | real module 28
16x64 w128 14336x4096 T= 2048 e2m1 cold: freq   188.49 | uni -1.03% ceiling -1.35% stock -1.07% | uni below freq in every round: True | real module 19
16x64 w128 14336x4096 T= 2048 e2m1 b2b : freq   180.56 | uni -0.85% ceiling -1.91% stock -2.07% | uni below freq in every round: True | real module 19
16x64 w128 14336x4096 T= 2048 real cold: freq   188.88 | uni -0.32% ceiling -1.26% stock -0.89% | uni below freq in every round: False | real module 19
16x64 w128 14336x4096 T= 2048 real b2b : freq   181.02 | uni -0.65% ceiling -1.88% stock -2.18% | uni below freq in every round: True | real module 19
16x64 w128 14336x4096 T= 2048 e0m3 cold: freq   196.89 | uni +0.31% ceiling -5.27% stock -5.13% | uni below freq in every round: False | real module 19
16x64 w128 14336x4096 T= 2048 e0m3 b2b : freq   186.22 | uni +0.62% ceiling -4.54% stock -4.56% | uni below freq in every round: False | real module 19
16x64 w128 4096x14336 T=  512 e2m1 cold: freq    50.06 | uni -0.29% ceiling -0.22% stock -0.38% | uni below freq in every round: False | real module 22
16x64 w128 4096x14336 T=  512 e2m1 b2b : freq    48.54 | uni -0.73% ceiling -0.27% stock -0.20% | uni below freq in every round: True | real module 22
16x64 w128 4096x14336 T=  512 real cold: freq    50.40 | uni -0.35% ceiling -0.89% stock -1.27% | uni below freq in every round: True | real module 22
16x64 w128 4096x14336 T=  512 real b2b : freq    48.61 | uni -0.86% ceiling -0.79% stock -0.72% | uni below freq in every round: True | real module 22
16x64 w128 4096x14336 T=  512 e0m3 cold: freq    54.13 | uni +3.70% ceiling -7.83% stock -7.98% | uni below freq in every round: False | real module 22
16x64 w128 4096x14336 T=  512 e0m3 b2b : freq    51.60 | uni +2.36% ceiling -6.54% stock -6.54% | uni below freq in every round: False | real module 22
16x64 w 16 4096x4096 T=   16 e2m1 cold: freq     8.45 | uni +0.01% ceiling -1.13% stock +0.01% | uni below freq in every round: False | real module 28
16x64 w 16 4096x4096 T=   16 e2m1 b2b : freq     6.48 | uni -2.72% ceiling -3.21% stock -3.21% | uni below freq in every round: True | real module 28
16x64 w 16 4096x4096 T=   16 real cold: freq     8.54 | uni -0.94% ceiling -1.87% stock -2.25% | uni below freq in every round: True | real module 28
16x64 w 16 4096x4096 T=   16 real b2b : freq     7.04 | uni -2.27% ceiling -10.91% stock -10.91% | uni below freq in every round: True | real module 28
16x64 w 16 4096x4096 T=   16 e0m3 cold: freq     8.70 | uni -0.36% ceiling -2.94% stock -2.94% | uni below freq in every round: True | real module 28
16x64 w 16 4096x4096 T=   16 e0m3 b2b : freq     8.00 | uni -5.20% ceiling -21.60% stock -21.60% | uni below freq in every round: True | real module 28
16x64 w 16 14336x4096 T=   16 e2m1 cold: freq    22.43 | uni -0.14% ceiling -0.14% stock -0.14% | uni below freq in every round: True | real module 19
16x64 w 16 14336x4096 T=   16 e2m1 b2b : freq     8.26 | uni -0.79% ceiling -2.71% stock -2.71% | uni below freq in every round: True | real module 19
16x64 w 16 14336x4096 T=   16 real cold: freq    22.46 | uni -0.14% ceiling -0.28% stock -0.21% | uni below freq in every round: True | real module 19
16x64 w 16 14336x4096 T=   16 real b2b : freq     8.32 | uni -0.96% ceiling -2.31% stock -2.69% | uni below freq in every round: True | real module 19
16x64 w 16 14336x4096 T=   16 e0m3 cold: freq    22.53 | uni -0.07% ceiling -0.57% stock -0.57% | uni below freq in every round: True | real module 19
16x64 w 16 14336x4096 T=   16 e0m3 b2b : freq     8.61 | uni -1.12% ceiling -6.32% stock -6.32% | uni below freq in every round: True | real module 19
16x64 w 16 4096x14336 T=   16 e2m1 cold: freq    25.44 | uni -0.50% ceiling -0.38% stock -0.32% | uni below freq in every round: True | real module 22
16x64 w 16 4096x14336 T=   16 e2m1 b2b : freq    17.34 | uni -3.51% ceiling -5.90% stock -5.91% | uni below freq in every round: True | real module 22
16x64 w 16 4096x14336 T=   16 real cold: freq    25.55 | uni -0.31% ceiling -0.75% stock -0.69% | uni below freq in every round: False | real module 22
16x64 w 16 4096x14336 T=   16 real b2b : freq    18.30 | uni -2.10% ceiling -10.84% stock -10.84% | uni below freq in every round: True | real module 22
16x64 w 16 4096x14336 T=   16 e0m3 cold: freq    25.76 | uni -0.50% ceiling -1.37% stock -1.43% | uni below freq in every round: True | real module 22
16x64 w 16 4096x14336 T=   16 e0m3 b2b : freq    22.30 | uni -5.95% ceiling -26.90% stock -26.97% | uni below freq in every round: True | real module 22
8x64 w128 4096x4096 T= 4096 e2m1 cold: freq   115.18 | uni -0.17% ceiling -2.17% stock -4.14% | uni below freq in every round: False | real module 28
8x64 w128 4096x4096 T= 4096 e2m1 b2b : freq   108.51 | uni -0.06% ceiling -2.36% stock -6.25% | uni below freq in every round: False | real module 28
8x64 w128 4096x4096 T= 4096 real cold: freq   118.83 | uni +0.16% ceiling -3.14% stock -4.93% | uni below freq in every round: False | real module 28
8x64 w128 4096x4096 T= 4096 real b2b : freq   109.34 | uni +0.41% ceiling -2.88% stock -6.85% | uni below freq in every round: False | real module 28
8x64 w128 4096x4096 T= 4096 e0m3 cold: freq   126.01 | uni +1.28% ceiling -8.61% stock -10.39% | uni below freq in every round: False | real module 28
8x64 w128 4096x4096 T= 4096 e0m3 b2b : freq   115.81 | uni +1.16% ceiling -8.33% stock -12.26% | uni below freq in every round: False | real module 28
8x64 w128 4096x4096 T= 1024 e2m1 cold: freq    34.56 | uni -0.56% ceiling -2.36% stock -10.32% | uni below freq in every round: True | real module 28
8x64 w128 4096x4096 T= 1024 e2m1 b2b : freq    33.73 | uni -0.33% ceiling +2.23% stock -8.73% | uni below freq in every round: False | real module 28
8x64 w128 4096x4096 T= 1024 real cold: freq    34.78 | uni -3.63% ceiling -3.17% stock -10.95% | uni below freq in every round: True | real module 28
8x64 w128 4096x4096 T= 1024 real b2b : freq    33.76 | uni -2.51% ceiling +1.66% stock -8.96% | uni below freq in every round: True | real module 28
8x64 w128 4096x4096 T= 1024 e0m3 cold: freq    36.69 | uni +2.57% ceiling -8.07% stock -15.57% | uni below freq in every round: False | real module 28
8x64 w128 4096x4096 T= 1024 e0m3 b2b : freq    35.44 | uni +2.39% ceiling -2.07% stock -13.99% | uni below freq in every round: False | real module 28
8x64 w128 14336x4096 T= 2048 e2m1 cold: freq   200.38 | uni +0.02% ceiling -2.17% stock -5.28% | uni below freq in every round: False | real module 21
8x64 w128 14336x4096 T= 2048 e2m1 b2b : freq   190.17 | uni +0.08% ceiling -2.31% stock -6.50% | uni below freq in every round: False | real module 21
8x64 w128 14336x4096 T= 2048 real cold: freq   198.83 | uni +0.47% ceiling -2.47% stock -5.50% | uni below freq in every round: False | real module 21
8x64 w128 14336x4096 T= 2048 real b2b : freq   191.31 | uni +0.38% ceiling -2.64% stock -6.81% | uni below freq in every round: False | real module 21
8x64 w128 14336x4096 T= 2048 e0m3 cold: freq   211.58 | uni +1.21% ceiling -8.41% stock -11.51% | uni below freq in every round: False | real module 21
8x64 w128 14336x4096 T= 2048 e0m3 b2b : freq   203.45 | uni +0.87% ceiling -8.19% stock -12.13% | uni below freq in every round: False | real module 21
8x64 w128 4096x14336 T=  512 e2m1 cold: freq    53.54 | uni +0.96% ceiling -2.27% stock -7.02% | uni below freq in every round: False | real module 16
8x64 w128 4096x14336 T=  512 e2m1 b2b : freq    51.01 | uni +0.85% ceiling -1.41% stock -5.27% | uni below freq in every round: False | real module 16
8x64 w128 4096x14336 T=  512 real cold: freq    54.46 | uni +1.47% ceiling -3.53% stock -8.49% | uni below freq in every round: False | real module 16
8x64 w128 4096x14336 T=  512 real b2b : freq    51.25 | uni +1.81% ceiling -2.00% stock -5.71% | uni below freq in every round: False | real module 16
8x64 w128 4096x14336 T=  512 e0m3 cold: freq    61.42 | uni +1.72% ceiling -14.33% stock -18.81% | uni below freq in every round: False | real module 16
8x64 w128 4096x14336 T=  512 e0m3 b2b : freq    56.97 | uni +2.19% ceiling -11.74% stock -15.02% | uni below freq in every round: False | real module 16
8x64 w 16 4096x4096 T=   16 e2m1 cold: freq     8.62 | uni -0.54% ceiling -1.48% stock -2.04% | uni below freq in every round: False | real module 28
8x64 w 16 4096x4096 T=   16 e2m1 b2b : freq     5.86 | uni +1.64% ceiling -6.02% stock +7.10% | uni below freq in every round: False | real module 28
8x64 w 16 4096x4096 T=   16 real cold: freq     8.67 | uni -0.37% ceiling -1.85% stock -2.95% | uni below freq in every round: True | real module 28
8x64 w 16 4096x4096 T=   16 real b2b : freq     6.30 | uni +2.03% ceiling -12.18% stock -0.51% | uni below freq in every round: False | real module 28
8x64 w 16 4096x4096 T=   16 e0m3 cold: freq     8.86 | uni -1.45% ceiling -4.16% stock -5.05% | uni below freq in every round: True | real module 28
8x64 w 16 4096x4096 T=   16 e0m3 b2b : freq     7.39 | uni -0.87% ceiling -25.54% stock -15.15% | uni below freq in every round: True | real module 28
8x64 w 16 14336x4096 T=   16 e2m1 cold: freq    23.55 | uni -0.34% ceiling -0.68% stock -5.03% | uni below freq in every round: False | real module 21
8x64 w 16 14336x4096 T=   16 e2m1 b2b : freq    11.73 | uni +0.41% ceiling -8.46% stock -31.51% | uni below freq in every round: False | real module 21
8x64 w 16 14336x4096 T=   16 real cold: freq    23.57 | uni +0.20% ceiling -0.75% stock -4.89% | uni below freq in every round: False | real module 21
8x64 w 16 14336x4096 T=   16 real b2b : freq    12.13 | uni +0.92% ceiling -10.55% stock -33.25% | uni below freq in every round: False | real module 21
8x64 w 16 14336x4096 T=   16 e0m3 cold: freq    24.78 | uni -0.19% ceiling -5.62% stock -9.62% | uni below freq in every round: False | real module 21
8x64 w 16 14336x4096 T=   16 e0m3 b2b : freq    13.98 | uni -0.80% ceiling -22.66% stock -42.33% | uni below freq in every round: True | real module 21
8x64 w 16 4096x14336 T=   16 e2m1 cold: freq    24.77 | uni +0.00% ceiling -0.45% stock +2.46% | uni below freq in every round: False | real module 16
8x64 w 16 4096x14336 T=   16 e2m1 b2b : freq    14.85 | uni +3.02% ceiling -6.46% stock +9.92% | uni below freq in every round: False | real module 16
8x64 w 16 4096x14336 T=   16 real cold: freq    24.93 | uni -0.39% ceiling -1.16% stock +1.80% | uni below freq in every round: False | real module 16
8x64 w 16 4096x14336 T=   16 real b2b : freq    15.65 | uni +3.48% ceiling -10.43% stock +4.29% | uni below freq in every round: False | real module 16
8x64 w 16 4096x14336 T=   16 e0m3 cold: freq    25.17 | uni -0.06% ceiling -2.16% stock +0.70% | uni below freq in every round: False | real module 16
8x64 w 16 4096x14336 T=   16 e0m3 b2b : freq    20.48 | uni +0.00% ceiling -32.27% stock -20.47% | uni below freq in every round: False | real module 16
