/home/dev/n16k64_campaign/kernel_opt/U/explore/U3_llama8b.json: llama8b status complete; bitwise checks 1092 all equal True; projections q_proj x32, k_proj x32, v_proj x32, o_proj x32, gate_proj x32, up_proj x32, down_proj x32
| T | 16x64 uni vs freq | 16x64 freq vs stock_ko | 16x64 uni vs stock_ko | 16x64 ceiling vs stock_ko | 8x64 uni vs freq | 8x64 unip vs freq | 8x64 pipe vs freq | 8x64 freq vs stock_ko | 8x64 ceiling vs stock_ko |
|---:|---:|---:|---:|---:|---:|---:|---:|---:|---:|
| 1 | -0.25* [-0.4, -0.1] | +0.86! [+0.8, +1.2] | +0.61! [+0.5, +0.9] | +0.27! [+0.0, +0.3] | -0.05* [-0.3, -0.0] | -0.29* [-0.5, -0.3] | -0.02* [-0.3, -0.0] | +1.35! [+1.3, +1.5] | +0.30! [+0.2, +0.6] |
| 4 | -0.39* [-0.6, -0.3] | +0.72! [+0.6, +0.8] | +0.33! [+0.2, +0.4] | -0.16* [-0.2, -0.0] | -0.08 [-0.2, +0.1] | -0.46* [-0.6, -0.2] | -0.08 [-0.2, +0.0] | +1.24! [+1.0, +1.5] | +0.08 [-0.1, +0.3] |
| 16 | -0.31* [-0.5, -0.2] | +1.11! [+0.9, +1.1] | +0.80! [+0.6, +0.8] | +0.39! [+0.1, +0.4] | +0.14 [-0.0, +0.1] | -0.26* [-0.3, -0.1] | -0.12* [-0.2, -0.0] | +1.70! [+1.6, +1.7] | +0.63! [+0.5, +0.6] |
| 32 | -0.33* [-0.5, -0.3] | +1.00! [+0.9, +1.1] | +0.67! [+0.5, +0.6] | +0.16! [+0.1, +0.1] | -0.05 [-0.3, +0.2] | -0.69* [-0.8, -0.6] | -0.18* [-0.4, -0.1] | +3.11! [+3.0, +3.2] | +1.35! [+1.3, +1.3] |
| 64 | -0.37* [-0.4, -0.3] | +1.19! [+1.1, +1.2] | +0.82! [+0.6, +0.8] | +0.18 [-0.0, +0.2] | -0.13 [-0.3, +0.1] | -0.53* [-0.6, -0.4] | -0.09* [-0.2, -0.1] | +2.75! [+2.7, +2.8] | +1.14! [+1.0, +1.3] |
| 128 | -0.23* [-0.3, -0.2] | +2.40! [+2.4, +2.5] | +2.16! [+2.2, +2.2] | +1.29! [+1.2, +1.4] | +0.21! [+0.1, +0.2] | -1.03* [-1.2, -1.0] | -0.47* [-0.5, -0.4] | +1.94! [+1.9, +2.1] | -0.06 [-0.0, +0.1] |
| 256 | -1.25* [-1.3, -1.2] | +3.81! [+3.8, +3.9] | +2.51! [+2.5, +2.5] | +0.16! [+0.1, +0.1] | -0.14* [-0.3, -0.0] | -2.51* [-2.7, -2.5] | -0.93* [-1.0, -0.7] | +5.54! [+5.5, +5.7] | +1.53! [+1.4, +1.6] |
| 512 | -1.01* [-1.0, -0.7] | +5.00! [+4.8, +5.1] | +3.94! [+3.7, +4.4] | +0.58! [+0.6, +0.6] | +0.65! [+0.5, +1.0] | +1.41! [+1.2, +1.9] | -0.44 [-0.6, +0.1] | +11.27! [+11.1, +11.6] | +7.16! [+6.9, +7.4] |
| 1024 | -0.36* [-0.6, -0.3] | +0.83! [+0.8, +0.9] | +0.47! [+0.3, +0.6] | -0.12* [-0.2, -0.1] | -0.37* [-0.5, -0.3] | +0.69! [+0.6, +0.8] | -0.28* [-0.3, -0.2] | +5.73! [+5.6, +6.0] | +2.63! [+2.5, +2.8] |
| 2048 | -0.62* [-0.7, -0.5] | +2.03! [+2.0, +2.2] | +1.39! [+1.3, +1.7] | -0.19* [-0.3, -0.0] | +0.43! [+0.3, +0.6] | +1.27! [+1.0, +1.4] | -0.23* [-0.4, -0.2] | +7.34! [+7.2, +7.9] | +4.45! [+4.3, +4.8] |
| 4096 | -0.59* [-0.6, -0.2] | +2.15! [+2.1, +2.2] | +1.54! [+1.5, +1.9] | +0.60! [+0.4, +1.1] | +0.54! [+0.3, +0.9] | +2.00! [+1.5, +2.1] | -0.24* [-0.6, -0.2] | +7.57! [+7.6, +7.7] | +4.54! [+4.3, +4.5] |
| 8192 | -0.59* [-0.7, -0.5] | +2.28! [+2.2, +2.3] | +1.68! [+1.5, +1.8] | +0.08! [+0.0, +0.1] | +0.49! [+0.4, +0.6] | +1.29! [+1.0, +1.6] | -0.18 [-0.4, +0.1] | +8.13! [+7.9, +8.3] | +4.93! [+4.8, +5.1] |
| median | -0.38 | +1.61 | +1.10 | +0.17 | +0.05 | -0.28 | -0.21 | +4.32 | +1.44 |
(* below 0 in every round, ! above 0 in every round)
/home/dev/n16k64_campaign/kernel_opt/U/explore/U3_phi4.json: phi4 status complete; bitwise checks 720 all equal True; projections o_proj x40, qkv_proj x40, gate_up_proj x40, down_proj x40
| T | 16x64 uni vs freq | 16x64 freq vs stock_ko | 16x64 uni vs stock_ko | 16x64 ceiling vs stock_ko | 8x64 uni vs freq | 8x64 unip vs freq | 8x64 pipe vs freq | 8x64 hybrid vs freq | 8x64 hybrid vs stock_ko | 8x64 freq vs stock_ko | 8x64 ceiling vs stock_ko |
|---:|---:|---:|---:|---:|---:|---:|---:|---:|---:|---:|---:|
| 1 | -0.61* [-0.8, -0.5] | +0.79! [+0.7, +0.8] | +0.18 [-0.1, +0.3] | -0.16 [-0.2, +0.1] | +0.28! [+0.0, +0.4] | +0.24! [+0.1, +0.3] | -0.07 [-0.2, +0.1] | +0.37! [+0.1, +0.5] | +0.31! [+0.2, +0.4] | -0.06 [-0.1, +0.1] | -0.11* [-0.2, -0.1] |
| 4 | -0.47* [-0.6, -0.2] | +0.66! [+0.5, +0.7] | +0.19! [+0.2, +0.3] | -0.12* [-0.3, -0.0] | +0.25! [+0.1, +0.2] | +0.01 [-0.0, +0.0] | -0.29* [-0.3, -0.3] | +0.17! [+0.1, +0.2] | +0.35! [+0.3, +0.4] | +0.18! [+0.1, +0.3] | -0.12* [-0.2, -0.0] |
| 16 | -0.62* [-0.9, -0.5] | +0.70! [+0.3, +0.9] | +0.07 [-0.2, +0.3] | -0.31* [-0.5, -0.1] | +0.14! [+0.2, +0.2] | +0.22! [+0.2, +0.4] | -0.08 [-0.2, +0.1] | +0.29! [+0.3, +0.4] | +0.17 [-0.1, +0.4] | -0.12 [-0.4, +0.0] | -0.24* [-0.5, -0.1] |
| 32 | -0.50* [-0.8, -0.3] | +0.61! [+0.3, +0.8] | +0.11 [-0.0, +0.3] | -0.31* [-0.4, -0.1] | -0.05 [-0.1, +0.0] | -0.11* [-0.2, -0.1] | -0.24* [-0.3, -0.2] | +0.05! [+0.0, +0.2] | +0.53! [+0.3, +0.8] | +0.48! [+0.3, +0.7] | +0.22 [-0.0, +0.4] |
| 64 | -0.50* [-0.6, -0.4] | +0.82! [+0.7, +0.8] | +0.32! [+0.2, +0.3] | -0.10* [-0.2, -0.0] | +0.01 [-0.2, +0.1] | -0.32* [-0.5, -0.2] | -0.28* [-0.3, -0.2] | -0.12* [-0.2, -0.1] | +0.63! [+0.4, +0.6] | +0.75! [+0.7, +0.8] | +0.20! [+0.0, +0.3] |
| 128 | -1.53* [-1.7, -1.3] | +2.03! [+1.9, +2.1] | +0.47! [+0.2, +0.8] | +0.18 [-0.0, +0.4] | -0.23* [-0.4, -0.0] | -0.82* [-0.8, -0.7] | -0.62* [-0.7, -0.5] | -0.68* [-0.8, -0.5] | +0.06 [-0.2, +0.2] | +0.75! [+0.5, +1.0] | -0.28* [-0.5, -0.1] |
| 256 | -1.12* [-1.4, -0.8] | +2.63! [+2.5, +2.9] | +1.48! [+1.2, +1.8] | +0.32! [+0.2, +0.5] | +0.41! [+0.3, +0.5] | -0.01 [-0.2, +0.2] | -0.45* [-0.7, -0.4] | -0.95* [-1.1, -0.7] | +4.59! [+4.4, +4.9] | +5.59! [+5.4, +5.8] | +2.74! [+2.6, +3.1] |
| 512 | -0.73* [-1.0, -0.5] | +2.36! [+2.1, +3.2] | +1.61! [+1.1, +2.7] | +0.34! [+0.2, +0.5] | +0.67! [+0.5, +1.3] | +0.69! [+0.5, +1.2] | -0.38 [-0.8, +0.4] | -0.73 [-1.3, +0.0] | +7.17! [+7.1, +7.9] | +7.96! [+7.2, +9.3] | +4.65! [+4.0, +6.0] |
| 1024 | -0.47* [-0.5, -0.4] | +2.23! [+2.0, +2.4] | +1.75! [+1.6, +2.0] | +0.79! [+0.5, +0.9] | +0.81! [+0.7, +0.8] | +1.81! [+1.7, +1.9] | -0.14 [-0.3, +0.0] | -0.15* [-0.3, -0.0] | +6.69! [+6.6, +6.7] | +6.85! [+6.6, +7.0] | +4.24! [+4.0, +4.4] |
| 2048 | -0.45* [-0.6, -0.4] | +1.38! [+1.3, +1.4] | +0.92! [+0.7, +1.0] | -0.01* [-0.1, -0.0] | +0.87! [+0.7, +0.9] | +2.00! [+1.9, +2.2] | -0.14* [-0.2, -0.0] | -0.09 [-0.1, +0.0] | +6.63! [+6.5, +6.8] | +6.73! [+6.6, +6.8] | +4.08! [+4.0, +4.3] |
| 4096 | -0.43* [-0.6, -0.4] | +1.52! [+1.3, +2.0] | +1.08! [+0.7, +1.4] | -0.19 [-0.3, +0.1] | +0.61! [+0.4, +0.8] | +1.69! [+1.3, +2.1] | -0.19 [-0.4, +0.1] | -0.26 [-0.3, +0.0] | +6.42! [+6.2, +6.9] | +6.70! [+6.6, +6.8] | +3.94! [+3.7, +4.2] |
| 8192 | -0.66* [-0.8, -0.5] | +1.60 [-1.5, +1.9] | +0.93 [-2.1, +1.2] | -0.24 [-3.4, +0.1] | +0.59! [+0.4, +0.7] | +1.63! [+1.5, +1.7] | -0.15* [-0.3, -0.0] | -0.15* [-0.2, -0.0] | +6.76! [+3.6, +7.1] | +6.93! [+3.7, +7.3] | +4.02! [+0.9, +4.3] |
| median | -0.56 | +1.45 | +0.70 | -0.11 | +0.34 | +0.23 | -0.21 | -0.13 | +2.61 | +3.17 | +1.48 |
(* below 0 in every round, ! above 0 in every round)
