cold us, median of 3 rounds x 30 (round range in brackets); maps: fo6 for stock/nodisp; real typical module and all-E2M1 tags for freq/uni
4096x4096 T=  64 (o_proj model.layers.28.self_attn.o_proj)
   stock      w32:    8.74 [8.70-8.74] | w64:    9.63 [9.62-9.65] | w128:   15.46 [15.46-15.46] | best w32
   nodisp     w32:    8.70 [8.70-8.74] | w64:    9.63 [9.58-9.68] | w128:   15.39 [15.39-15.39] | best w32
   freq       w32:    8.86 [8.85-8.90] | w64:   10.74 [10.69-10.75] | w128:   15.65 [15.65-15.65] | best w32
   uni        w32:    8.88 [8.86-8.88] | w64:   10.19 [10.19-10.21] | w128:   15.55 [15.55-15.57] | best w32
   freq_e2m1  w32:    8.77 [8.74-8.78] | w64:   10.27 [10.22-10.34] | w128:   15.33 [15.33-15.36] | best w32
   uni_e2m1   w32:    8.73 [8.72-8.78] | w64:    9.70 [9.70-9.73] | w128:   15.33 [15.33-15.33] | best w32
4096x4096 T= 128 (o_proj model.layers.28.self_attn.o_proj)
   stock      w32:   10.62 [10.62-10.66] | w64:    9.74 [9.70-9.74] | w128:   15.58 [15.58-15.58] | best w64
   nodisp     w32:   10.59 [10.56-10.61] | w64:    9.78 [9.76-9.79] | w128:   15.55 [15.55-15.58] | best w64
   freq       w32:   10.75 [10.75-10.78] | w64:   10.82 [10.82-10.85] | w128:   15.71 [15.71-15.71] | best w32
   uni        w32:   10.72 [10.69-10.75] | w64:   10.53 [10.50-10.53] | w128:   15.73 [15.71-15.74] | best w64
   freq_e2m1  w32:   10.75 [10.72-10.75] | w64:   10.40 [10.40-10.46] | w128:   15.46 [15.46-15.47] | best w64
   uni_e2m1   w32:   10.69 [10.67-10.72] | w64:    9.82 [9.76-9.84] | w128:   15.50 [15.50-15.52] | best w64
4096x4096 T= 256 (o_proj model.layers.28.self_attn.o_proj)
   stock      w32:   17.31 [17.31-17.31] | w64:   11.33 [11.33-11.34] | w128:   15.78 [15.78-15.81] | best w64
   nodisp     w32:   17.04 [17.02-17.07] | w64:   11.38 [11.36-11.39] | w128:   15.78 [15.78-15.78] | best w64
   freq       w32:   18.35 [18.34-18.37] | w64:   11.58 [11.54-11.62] | w128:   16.00 [16.00-16.03] | best w64
   uni        w32:   18.48 [18.45-18.53] | w64:   11.39 [11.36-11.49] | w128:   16.00 [15.98-16.03] | best w64
   freq_e2m1  w32:   17.95 [17.90-18.00] | w64:   11.55 [11.54-11.57] | w128:   15.70 [15.68-15.71] | best w64
   uni_e2m1   w32:   18.11 [18.08-18.13] | w64:   11.34 [11.33-11.39] | w128:   15.74 [15.74-15.74] | best w64
4096x4096 T= 512 (o_proj model.layers.28.self_attn.o_proj)
   stock      w32:   27.33 [27.31-27.38] | w64:   20.96 [20.91-20.98] | w128:   16.43 [16.42-16.45] | best w128
   nodisp     w32:   27.42 [27.25-27.42] | w64:   20.90 [20.85-20.90] | w128:   16.42 [16.42-16.43] | best w128
   freq       w32:   27.76 [27.58-27.78] | w64:   22.22 [22.21-22.26] | w128:   16.58 [16.56-16.58] | best w128
   uni        w32:   27.66 [27.63-27.70] | w64:   21.70 [21.66-21.73] | w128:   16.54 [16.51-16.58] | best w128
   freq_e2m1  w32:   27.70 [27.60-27.71] | w64:   21.82 [21.79-21.86] | w128:   16.38 [16.35-16.38] | best w128
   uni_e2m1   w32:   27.55 [27.49-27.60] | w64:   21.15 [21.12-21.25] | w128:   16.38 [16.35-16.40] | best w128
4096x14336 T=  64 (down_proj model.layers.22.mlp.down_proj)
   stock      w32:   26.05 [26.03-26.08] | w64:   27.58 [27.52-27.62] | w128:   46.11 [46.10-46.11] | best w32
   nodisp     w32:   25.98 [25.94-26.00] | w64:   27.55 [27.50-27.58] | w128:   45.97 [45.92-45.98] | best w32
   freq       w32:   26.18 [26.18-26.18] | w64:   29.34 [29.30-29.41] | w128:   46.00 [45.97-46.02] | best w32
   uni        w32:   26.21 [26.21-26.21] | w64:   28.19 [28.14-28.22] | w128:   45.82 [45.79-45.84] | best w32
   freq_e2m1  w32:   26.06 [26.06-26.14] | w64:   28.61 [28.54-28.64] | w128:   45.81 [45.74-45.82] | best w32
   uni_e2m1   w32:   26.05 [26.05-26.06] | w64:   27.58 [27.58-27.62] | w128:   45.60 [45.57-45.62] | best w32
4096x14336 T= 128 (down_proj model.layers.22.mlp.down_proj)
   stock      w32:   29.25 [29.23-29.26] | w64:   27.74 [27.63-27.82] | w128:   46.21 [46.18-46.21] | best w64
   nodisp     w32:   29.20 [29.18-29.26] | w64:   27.71 [27.65-27.76] | w128:   46.03 [45.98-46.06] | best w64
   freq       w32:   29.42 [29.41-29.44] | w64:   29.57 [29.49-29.60] | w128:   46.03 [45.98-46.10] | best w32
   uni        w32:   29.36 [29.26-29.41] | w64:   28.45 [28.38-28.48] | w128:   45.92 [45.89-45.92] | best w64
   freq_e2m1  w32:   29.41 [29.33-29.42] | w64:   28.75 [28.70-28.85] | w128:   45.84 [45.84-45.86] | best w64
   uni_e2m1   w32:   29.26 [29.23-29.36] | w64:   27.74 [27.71-27.74] | w128:   45.78 [45.74-45.79] | best w64
4096x14336 T= 256 (down_proj model.layers.22.mlp.down_proj)
   stock      w32:   57.09 [56.69-57.15] | w64:   32.53 [32.48-32.58] | w128:   46.94 [46.94-46.98] | best w64
   nodisp     w32:   56.26 [56.21-56.43] | w64:   32.56 [32.56-32.58] | w128:   46.86 [46.82-46.88] | best w64
   freq       w32:   61.65 [61.62-61.74] | w64:   32.99 [32.96-33.07] | w128:   46.83 [46.78-46.86] | best w64
   uni        w32:   62.21 [62.14-62.26] | w64:   32.66 [32.64-32.70] | w128:   46.78 [46.77-46.82] | best w64
   freq_e2m1  w32:   60.40 [60.32-60.53] | w64:   32.86 [32.78-32.86] | w128:   46.64 [46.62-46.74] | best w64
   uni_e2m1   w32:   60.94 [60.59-61.04] | w64:   32.59 [32.58-32.59] | w128:   46.54 [46.53-46.56] | best w64
4096x14336 T= 512 (down_proj model.layers.22.mlp.down_proj)
   stock      w32:  104.40 [104.00-104.61] | w64:   78.30 [78.24-78.34] | w128:   50.05 [49.94-50.08] | best w128
   nodisp     w32:  104.27 [104.05-104.29] | w64:   78.43 [78.38-78.48] | w128:   50.16 [50.11-50.21] | best w128
   freq       w32:  106.45 [106.27-106.85] | w64:   83.55 [83.55-83.82] | w128:   50.62 [50.59-50.74] | best w128
   uni        w32:  106.61 [106.21-106.64] | w64:   81.71 [81.60-81.79] | w128:   50.40 [50.37-50.48] | best w128
   freq_e2m1  w32:  106.40 [106.38-106.54] | w64:   82.67 [82.67-82.69] | w128:   50.48 [50.43-50.50] | best w128
   uni_e2m1   w32:  106.00 [105.78-106.02] | w64:   80.50 [80.48-80.61] | w128:   50.08 [50.02-50.08] | best w128
14336x4096 T=  64 (gate_proj model.layers.19.mlp.gate_proj)
   stock      w32:   24.93 [24.91-24.93] | w64:   22.85 [22.85-22.88] | w128:   23.84 [23.81-23.84] | best w64
   nodisp     w32:   24.86 [24.80-24.93] | w64:   22.88 [22.88-22.91] | w128:   23.84 [23.84-23.84] | best w64
   freq       w32:   25.50 [25.41-25.50] | w64:   23.07 [23.04-23.07] | w128:   23.81 [23.78-23.84] | best w64
   uni        w32:   25.49 [25.41-25.50] | w64:   22.88 [22.88-22.90] | w128:   23.74 [23.71-23.74] | best w64
   freq_e2m1  w32:   25.33 [25.31-25.34] | w64:   22.98 [22.98-23.01] | w128:   23.81 [23.81-23.86] | best w64
   uni_e2m1   w32:   25.23 [25.23-25.26] | w64:   22.85 [22.83-22.85] | w128:   23.71 [23.68-23.74] | best w64
14336x4096 T= 128 (gate_proj model.layers.19.mlp.gate_proj)
   stock      w32:   27.84 [27.81-27.86] | w64:   27.10 [27.10-27.14] | w128:   23.62 [23.62-23.62] | best w128
   nodisp     w32:   27.79 [27.76-27.82] | w64:   27.14 [27.10-27.17] | w128:   23.61 [23.58-23.61] | best w128
   freq       w32:   28.24 [28.22-28.27] | w64:   28.29 [28.24-28.34] | w128:   23.58 [23.58-23.62] | best w128
   uni        w32:   28.54 [28.54-28.56] | w64:   27.68 [27.60-27.68] | w128:   23.65 [23.58-23.68] | best w128
   freq_e2m1  w32:   28.10 [28.10-28.18] | w64:   28.06 [28.06-28.08] | w128:   23.57 [23.55-23.58] | best w128
   uni_e2m1   w32:   28.43 [28.40-28.46] | w64:   27.34 [27.33-27.41] | w128:   23.62 [23.58-23.65] | best w128
14336x4096 T= 256 (gate_proj model.layers.19.mlp.gate_proj)
   stock      w32:   47.78 [47.74-48.03] | w64:   31.58 [31.58-31.66] | w128:   34.94 [34.91-34.98] | best w64
   nodisp     w32:   47.78 [47.73-47.87] | w64:   31.50 [31.47-31.53] | w128:   34.94 [34.85-34.94] | best w64
   freq       w32:   49.62 [49.57-49.76] | w64:   33.17 [33.17-33.28] | w128:   35.10 [34.96-35.10] | best w64
   uni        w32:   49.58 [49.50-49.60] | w64:   32.35 [32.34-32.40] | w128:   35.09 [34.99-35.09] | best w64
   freq_e2m1  w32:   49.18 [49.04-49.47] | w64:   32.81 [32.80-32.82] | w128:   35.07 [34.98-35.07] | best w64
   uni_e2m1   w32:   49.10 [48.82-49.25] | w64:   32.05 [31.98-32.16] | w128:   34.94 [34.88-35.01] | best w64
14336x4096 T= 512 (gate_proj model.layers.19.mlp.gate_proj)
   stock      w32:  101.38 [101.38-101.62] | w64:   66.80 [66.59-66.98] | w128:   57.39 [57.30-58.00] | best w128
   nodisp     w32:  101.50 [101.46-101.55] | w64:   67.09 [66.90-67.23] | w128:   58.14 [57.74-58.91] | best w128
   freq       w32:  104.16 [104.13-104.29] | w64:   71.17 [70.91-71.26] | w128:   61.07 [60.93-61.26] | best w128
   uni        w32:  104.11 [104.09-104.33] | w64:   69.42 [69.36-69.58] | w128:   60.66 [60.35-60.70] | best w128
   freq_e2m1  w32:  103.74 [103.65-103.86] | w64:   70.45 [70.34-70.61] | w128:   60.61 [60.61-60.83] | best w128
   uni_e2m1   w32:  103.81 [103.63-103.90] | w64:   68.85 [68.83-68.91] | w128:   60.10 [60.00-60.29] | best w128
