us; % vs freq (the adopted path, #2's dispatch)
8x64 w128 4096x4096 T= 4096 e2m1 cold: freq   117.44 | uni -0.22% unip +1.72% pipe -0.27% ceiling -2.06% stock -3.92% | unip below freq in every round: False | real module 28
8x64 w128 4096x4096 T= 4096 e2m1 b2b : freq   108.06 | uni -0.18% unip +1.29% pipe +0.09% ceiling -2.44% stock -6.40% | unip below freq in every round: False | real module 28
8x64 w128 4096x4096 T= 4096 real cold: freq   118.80 | uni +0.26% unip +1.36% pipe -0.30% ceiling -3.02% stock -5.06% | unip below freq in every round: False | real module 28
8x64 w128 4096x4096 T= 4096 real b2b : freq   108.94 | uni +0.35% unip +1.03% pipe -0.02% ceiling -3.13% stock -7.09% | unip below freq in every round: False | real module 28
8x64 w128 4096x4096 T= 4096 e0m3 cold: freq   123.33 | uni +1.45% unip -0.40% pipe -0.38% ceiling -8.76% stock -10.34% | unip below freq in every round: True | real module 28
8x64 w128 4096x4096 T= 4096 e0m3 b2b : freq   115.50 | uni +1.12% unip -0.46% pipe -0.36% ceiling -8.41% stock -12.29% | unip below freq in every round: True | real module 28
8x64 w128 4096x4096 T= 1024 e2m1 cold: freq    34.58 | uni -0.23% unip -1.57% pipe -0.05% ceiling -2.59% stock -10.50% | unip below freq in every round: True | real module 28
8x64 w128 4096x4096 T= 1024 e2m1 b2b : freq    34.54 | uni -4.91% unip -4.59% pipe +1.39% ceiling +0.28% stock -11.53% | unip below freq in every round: True | real module 28
8x64 w128 4096x4096 T= 1024 real cold: freq    34.69 | uni -2.86% unip -1.20% pipe -0.32% ceiling -2.91% stock -10.70% | unip below freq in every round: True | real module 28
8x64 w128 4096x4096 T= 1024 real b2b : freq    33.74 | uni -2.51% unip -1.66% pipe +4.69% ceiling +2.42% stock -10.00% | unip below freq in every round: False | real module 28
8x64 w128 4096x4096 T= 1024 e0m3 cold: freq    36.72 | uni +2.92% unip +0.00% pipe -1.13% ceiling -8.45% stock -15.56% | unip below freq in every round: False | real module 28
8x64 w128 4096x4096 T= 1024 e0m3 b2b : freq    35.26 | uni +2.99% unip +0.18% pipe -0.18% ceiling -3.27% stock -13.57% | unip below freq in every round: False | real module 28
8x64 w128 14336x4096 T= 2048 e2m1 cold: freq   200.06 | uni +0.14% unip +1.58% pipe -0.12% ceiling -2.00% stock -5.08% | unip below freq in every round: False | real module 21
8x64 w128 14336x4096 T= 2048 e2m1 b2b : freq   190.11 | uni -0.20% unip +1.03% pipe -0.11% ceiling -2.39% stock -6.72% | unip below freq in every round: False | real module 21
8x64 w128 14336x4096 T= 2048 real cold: freq   201.18 | uni -1.21% unip +0.04% pipe -1.73% ceiling -3.81% stock -5.68% | unip below freq in every round: False | real module 21
8x64 w128 14336x4096 T= 2048 real b2b : freq   191.20 | uni -0.07% unip +0.85% pipe -0.17% ceiling -2.71% stock -6.99% | unip below freq in every round: False | real module 21
8x64 w128 14336x4096 T= 2048 e0m3 cold: freq   214.64 | uni +1.06% unip -0.32% pipe -0.40% ceiling -8.67% stock -11.57% | unip below freq in every round: False | real module 21
8x64 w128 14336x4096 T= 2048 e0m3 b2b : freq   202.33 | uni +0.86% unip -0.50% pipe -0.40% ceiling -7.87% stock -11.97% | unip below freq in every round: True | real module 21
8x64 w128 4096x14336 T=  512 e2m1 cold: freq    54.67 | uni -0.03% unip +4.18% pipe -0.73% ceiling -2.31% stock -7.81% | unip below freq in every round: False | real module 16
8x64 w128 4096x14336 T=  512 e2m1 b2b : freq    50.90 | uni +0.85% unip +4.12% pipe -0.47% ceiling -1.48% stock -5.09% | unip below freq in every round: False | real module 16
8x64 w128 4096x14336 T=  512 real cold: freq    55.14 | uni +1.97% unip +3.95% pipe -0.12% ceiling -3.19% stock -8.47% | unip below freq in every round: False | real module 16
8x64 w128 4096x14336 T=  512 real b2b : freq    51.23 | uni +1.84% unip +3.53% pipe -0.53% ceiling -1.91% stock -5.41% | unip below freq in every round: False | real module 16
8x64 w128 4096x14336 T=  512 e0m3 cold: freq    62.61 | uni +1.38% unip -0.89% pipe -0.82% ceiling -14.57% stock -19.50% | unip below freq in every round: False | real module 16
8x64 w128 4096x14336 T=  512 e0m3 b2b : freq    56.94 | uni +2.05% unip -0.65% pipe -0.84% ceiling -11.75% stock -14.75% | unip below freq in every round: True | real module 16
8x64 w 16 4096x4096 T=   16 e2m1 cold: freq     8.70 | uni -1.10% unip -1.65% pipe -0.92% ceiling -2.02% stock -3.68% | unip below freq in every round: True | real module 28
8x64 w 16 4096x4096 T=   16 e2m1 b2b : freq     5.86 | uni +1.64% unip -4.39% pipe -3.28% ceiling -6.01% stock +7.10% | unip below freq in every round: True | real module 28
8x64 w 16 4096x4096 T=   16 real cold: freq     8.70 | uni -0.37% unip -1.29% pipe -0.37% ceiling -1.65% stock -2.94% | unip below freq in every round: True | real module 28
8x64 w 16 4096x4096 T=   16 real b2b : freq     6.30 | uni +2.03% unip -4.06% pipe -3.05% ceiling -12.18% stock -0.49% | unip below freq in every round: True | real module 28
8x64 w 16 4096x4096 T=   16 e0m3 cold: freq     8.93 | uni -0.90% unip -1.44% pipe -1.79% ceiling -4.30% stock -5.73% | unip below freq in every round: True | real module 28
8x64 w 16 4096x4096 T=   16 e0m3 b2b : freq     7.36 | uni -0.43% unip -7.39% pipe -8.26% ceiling -25.21% stock -14.77% | unip below freq in every round: True | real module 28
8x64 w 16 14336x4096 T=   16 e2m1 cold: freq    23.52 | uni -0.41% unip -0.54% pipe -0.27% ceiling -0.61% stock -4.76% | unip below freq in every round: True | real module 21
8x64 w 16 14336x4096 T=   16 e2m1 b2b : freq    12.02 | uni +0.27% unip -3.47% pipe -2.26% ceiling -9.33% stock -33.42% | unip below freq in every round: True | real module 21
8x64 w 16 14336x4096 T=   16 real cold: freq    23.55 | uni +0.13% unip -0.68% pipe -0.27% ceiling -0.68% stock -4.82% | unip below freq in every round: True | real module 21
8x64 w 16 14336x4096 T=   16 real b2b : freq    12.05 | uni +0.80% unip -2.52% pipe -1.99% ceiling -9.16% stock -32.53% | unip below freq in every round: True | real module 21
8x64 w 16 14336x4096 T=   16 e0m3 cold: freq    24.77 | uni -0.13% unip -2.32% pipe -2.52% ceiling -5.55% stock -9.43% | unip below freq in every round: True | real module 21
8x64 w 16 14336x4096 T=   16 e0m3 b2b : freq    14.29 | uni -1.13% unip -6.27% pipe -6.61% ceiling -24.97% stock -43.57% | unip below freq in every round: True | real module 21
8x64 w 16 4096x14336 T=   16 e2m1 cold: freq    24.81 | uni -0.06% unip -0.77% pipe -0.58% ceiling -0.58% stock +2.45% | unip below freq in every round: True | real module 16
8x64 w 16 4096x14336 T=   16 e2m1 b2b : freq    14.83 | uni +3.13% unip -4.97% pipe -4.42% ceiling -6.36% stock +10.03% | unip below freq in every round: True | real module 16
8x64 w 16 4096x14336 T=   16 real cold: freq    24.86 | uni -0.00% unip -0.58% pipe -0.13% ceiling -0.77% stock +2.06% | unip below freq in every round: True | real module 16
8x64 w 16 4096x14336 T=   16 real b2b : freq    15.65 | uni +3.68% unip -4.09% pipe -3.79% ceiling -11.04% stock +4.29% | unip below freq in every round: True | real module 16
8x64 w 16 4096x14336 T=   16 e0m3 cold: freq    25.20 | uni -0.25% unip -0.70% pipe -0.76% ceiling -2.35% stock +0.58% | unip below freq in every round: True | real module 16
8x64 w 16 4096x14336 T=   16 e0m3 b2b : freq    20.54 | uni -0.31% unip -8.02% pipe -10.44% ceiling -31.31% stock -20.56% | unip below freq in every round: True | real module 16
