llama8b 16x64 typical: per-width composite (k16_uni at widths >= 64, k16_freq below)
| T | widths >= 64 (modules share) | composite vs adopted | composite vs stock_ko | adopted vs stock_ko |
|---:|---:|---:|---:|---:|
| 1 | 0 % | +0.00 [+0.0, +0.0] | +0.86 | +0.86 |
| 4 | 0 % | +0.00 [+0.0, +0.0] | +0.72 | +0.72 |
| 16 | 0 % | +0.00 [+0.0, +0.0] | +1.11 | +1.11 |
| 32 | 0 % | +0.00 [+0.0, +0.0] | +1.00 | +1.00 |
| 64 | 29 % | -0.28* [-0.3, -0.3] | +0.91 | +1.19 |
| 128 | 29 % | -0.04* [-0.1, -0.0] | +2.35 | +2.40 |
| 256 | 71 % | -1.37* [-1.4, -1.4] | +2.39 | +3.81 |
| 512 | 71 % | -0.95* [-0.9, -0.6] | +4.00 | +5.00 |
| 1024 | 100 % | -0.36* [-0.6, -0.3] | +0.47 | +0.83 |
| 2048 | 100 % | -0.62* [-0.7, -0.5] | +1.39 | +2.03 |
| 4096 | 100 % | -0.59* [-0.6, -0.2] | +1.54 | +2.15 |
| 8192 | 100 % | -0.59* [-0.7, -0.5] | +1.68 | +2.28 |
| median | | -0.32 | | |

llama8b 8x64 typical: per-width composite (k8_pipe at widths >= 64, k8_freq below)
| T | widths >= 64 (modules share) | composite vs adopted | composite vs stock_ko | adopted vs stock_ko |
|---:|---:|---:|---:|---:|
| 1 | 0 % | +0.00 [+0.0, +0.0] | +1.35 | +1.35 |
| 4 | 0 % | +0.00 [+0.0, +0.0] | +1.24 | +1.24 |
| 16 | 0 % | +0.00 [+0.0, +0.0] | +1.70 | +1.70 |
| 32 | 0 % | +0.00 [+0.0, +0.0] | +3.11 | +3.11 |
| 64 | 43 % | -0.06* [-0.1, -0.1] | +2.69 | +2.75 |
| 128 | 71 % | -0.19* [-0.2, -0.2] | +1.75 | +1.94 |
| 256 | 71 % | -0.89* [-0.9, -0.7] | +4.60 | +5.54 |
| 512 | 100 % | -0.44 [-0.6, +0.1] | +10.78 | +11.27 |
| 1024 | 100 % | -0.28* [-0.3, -0.2] | +5.43 | +5.73 |
| 2048 | 100 % | -0.23* [-0.4, -0.2] | +7.09 | +7.34 |
| 4096 | 100 % | -0.24* [-0.6, -0.2] | +7.31 | +7.57 |
| 8192 | 100 % | -0.18 [-0.4, +0.1] | +7.94 | +8.13 |
| median | | -0.18 | | |

llama8b 16x64 worst: per-width composite (k16_uni at widths >= 64, k16_freq below)
| T | widths >= 64 (modules share) | composite vs adopted | composite vs stock_ko | adopted vs stock_ko |
|---:|---:|---:|---:|---:|
| 1 | 0 % | +0.00 [+0.0, +0.0] | -0.58 | -0.58 |
| 4 | 0 % | +0.00 [+0.0, +0.0] | -0.03 | -0.03 |
| 16 | 0 % | +0.00 [+0.0, +0.0] | +1.67 | +1.67 |
| 32 | 0 % | +0.00 [+0.0, +0.0] | +1.16 | +1.16 |
| 64 | 29 % | -0.18* [-0.2, -0.1] | +1.88 | +2.07 |
| 128 | 29 % | -0.03* [-0.0, -0.0] | +3.23 | +3.26 |
| 256 | 71 % | -1.58* [-1.7, -1.5] | +4.52 | +6.20 |
| 512 | 71 % | -1.50* [-1.5, -1.4] | +4.06 | +5.64 |
| 1024 | 100 % | -0.89* [-1.1, -0.7] | +1.67 | +2.58 |
| 2048 | 100 % | -0.84* [-0.9, -0.8] | +2.72 | +3.58 |
| 4096 | 100 % | -0.78* [-0.8, -0.7] | +2.74 | +3.55 |
| 8192 | 100 % | -0.79* [-1.0, -0.7] | +2.62 | +3.43 |
| median | | -0.48 | | |

llama8b 8x64 worst: per-width composite (k8_pipe at widths >= 64, k8_freq below)
| T | widths >= 64 (modules share) | composite vs adopted | composite vs stock_ko | adopted vs stock_ko |
|---:|---:|---:|---:|---:|
| 1 | 0 % | +0.00 [+0.0, +0.0] | +1.00 | +1.00 |
| 4 | 0 % | +0.00 [+0.0, +0.0] | +0.87 | +0.87 |
| 16 | 0 % | +0.00 [+0.0, +0.0] | +2.06 | +2.06 |
| 32 | 0 % | +0.00 [+0.0, +0.0] | +2.89 | +2.89 |
| 64 | 43 % | -0.21* [-0.3, -0.1] | +4.00 | +4.21 |
| 128 | 71 % | -0.46* [-0.6, -0.3] | +2.59 | +3.06 |
| 256 | 71 % | -1.47* [-1.6, -1.3] | +5.45 | +7.02 |
| 512 | 100 % | -0.80* [-0.8, -0.6] | +12.74 | +13.64 |
| 1024 | 100 % | -0.39* [-0.4, -0.3] | +6.73 | +7.15 |
| 2048 | 100 % | -0.22* [-0.3, -0.2] | +8.61 | +8.86 |
| 4096 | 100 % | -0.35* [-1.4, -0.1] | +8.84 | +9.22 |
| 8192 | 100 % | -0.16* [-0.3, -0.1] | +9.44 | +9.62 |
| median | | -0.22 | | |

phi4 16x64 typical: per-width composite (k16_uni at widths >= 64, k16_freq below)
| T | widths >= 64 (modules share) | composite vs adopted | composite vs stock_ko | adopted vs stock_ko |
|---:|---:|---:|---:|---:|
| 1 | 0 % | +0.00 [+0.0, +0.0] | +0.79 | +0.79 |
| 4 | 0 % | +0.00 [+0.0, +0.0] | +0.66 | +0.66 |
| 16 | 0 % | +0.00 [+0.0, +0.0] | +0.70 | +0.70 |
| 32 | 0 % | +0.00 [+0.0, +0.0] | +0.61 | +0.61 |
| 64 | 0 % | +0.00 [+0.0, +0.0] | +0.82 | +0.82 |
| 128 | 100 % | -1.53* [-1.7, -1.3] | +0.47 | +2.03 |
| 256 | 100 % | -1.12* [-1.4, -0.8] | +1.48 | +2.63 |
| 512 | 100 % | -0.73* [-1.0, -0.5] | +1.61 | +2.36 |
| 1024 | 100 % | -0.47* [-0.5, -0.4] | +1.75 | +2.23 |
| 2048 | 100 % | -0.45* [-0.6, -0.4] | +0.92 | +1.38 |
| 4096 | 100 % | -0.43* [-0.6, -0.4] | +1.08 | +1.52 |
| 8192 | 100 % | -0.66* [-0.8, -0.5] | +0.93 | +1.60 |
| median | | -0.44 | | |

phi4 8x64 typical: per-width composite (k8_pipe at widths >= 64, k8_freq below)
| T | widths >= 64 (modules share) | composite vs adopted | composite vs stock_ko | adopted vs stock_ko |
|---:|---:|---:|---:|---:|
| 1 | 0 % | +0.00 [+0.0, +0.0] | -0.06 | -0.06 |
| 4 | 0 % | +0.00 [+0.0, +0.0] | +0.18 | +0.18 |
| 16 | 0 % | +0.00 [+0.0, +0.0] | -0.12 | -0.12 |
| 32 | 0 % | +0.00 [+0.0, +0.0] | +0.48 | +0.48 |
| 64 | 50 % | -0.06 [-0.1, +0.0] | +0.69 | +0.75 |
| 128 | 100 % | -0.62* [-0.7, -0.5] | +0.12 | +0.75 |
| 256 | 100 % | -0.45* [-0.7, -0.4] | +5.11 | +5.59 |
| 512 | 100 % | -0.38 [-0.8, +0.4] | +7.55 | +7.96 |
| 1024 | 100 % | -0.14 [-0.3, +0.0] | +6.70 | +6.85 |
| 2048 | 100 % | -0.14* [-0.2, -0.0] | +6.58 | +6.73 |
| 4096 | 100 % | -0.19 [-0.4, +0.1] | +6.49 | +6.70 |
| 8192 | 100 % | -0.15* [-0.3, -0.0] | +6.77 | +6.93 |
| median | | -0.14 | | |

phi4 16x64 worst: per-width composite (k16_uni at widths >= 64, k16_freq below)
| T | widths >= 64 (modules share) | composite vs adopted | composite vs stock_ko | adopted vs stock_ko |
|---:|---:|---:|---:|---:|
| 1 | 0 % | +0.00 [+0.0, +0.0] | -0.62 | -0.62 |
| 4 | 0 % | +0.00 [+0.0, +0.0] | -0.54 | -0.54 |
| 16 | 0 % | +0.00 [+0.0, +0.0] | -0.15 | -0.15 |
| 32 | 0 % | +0.00 [+0.0, +0.0] | +0.23 | +0.23 |
| 64 | 0 % | +0.00 [+0.0, +0.0] | +0.29 | +0.29 |
| 128 | 100 % | -0.85* [-0.9, -0.8] | +0.85 | +1.71 |
| 256 | 100 % | -1.06* [-1.3, -0.7] | +1.66 | +2.76 |
| 512 | 100 % | -0.66* [-0.8, -0.5] | +1.64 | +2.31 |
| 1024 | 100 % | -0.09 [-0.2, +0.2] | +2.30 | +2.40 |
| 2048 | 100 % | -0.39* [-0.5, -0.3] | +1.17 | +1.57 |
| 4096 | 100 % | -0.54* [-0.6, -0.5] | +1.13 | +1.68 |
| 8192 | 100 % | -0.65* [-0.7, -0.5] | +1.43 | +2.09 |
| median | | -0.24 | | |

phi4 8x64 worst: per-width composite (k8_pipe at widths >= 64, k8_freq below)
| T | widths >= 64 (modules share) | composite vs adopted | composite vs stock_ko | adopted vs stock_ko |
|---:|---:|---:|---:|---:|
| 1 | 0 % | +0.00 [+0.0, +0.0] | -0.62 | -0.62 |
| 4 | 0 % | +0.00 [+0.0, +0.0] | -0.75 | -0.75 |
| 16 | 0 % | +0.00 [+0.0, +0.0] | -0.47 | -0.47 |
| 32 | 0 % | +0.00 [+0.0, +0.0] | +0.66 | +0.66 |
| 64 | 50 % | +0.05 [-0.0, +0.2] | +0.69 | +0.64 |
| 128 | 100 % | -0.38* [-0.5, -0.1] | +0.25 | +0.63 |
| 256 | 100 % | -0.57* [-0.7, -0.5] | +5.59 | +6.19 |
| 512 | 100 % | -0.37* [-0.4, -0.3] | +7.64 | +8.03 |
| 1024 | 100 % | -0.13* [-0.2, -0.2] | +7.33 | +7.47 |
| 2048 | 100 % | -0.14* [-0.3, -0.1] | +6.89 | +7.05 |
| 4096 | 100 % | -0.17 [-0.3, +0.0] | +6.89 | +7.08 |
| 8192 | 100 % | -0.11* [-0.2, -0.1] | +7.52 | +7.64 |
| median | | -0.12 | | |

