/home/dev/n16k64_campaign/kernel_opt/U/explore/U3w_llama8b.json: llama8b status complete; bitwise checks 588 all equal True; projections q_proj x32, k_proj x32, v_proj x32, o_proj x32, gate_proj x32, up_proj x32, down_proj x32
| T | 16x64 uni vs freq, worst | 16x64 freq vs stock_ko, worst | 16x64 uni vs stock_ko, worst | 8x64 pipe vs freq, worst | 8x64 freq vs stock_ko, worst | 8x64 pipe vs stock_ko, worst |
|---:|---:|---:|---:|---:|---:|---:|
| 1 | +1.47! [+1.3, +1.7] | -0.58* [-0.6, -0.5] | +0.88! [+0.8, +1.0] | +0.76! [+0.3, +1.0] | +1.00! [+0.8, +1.2] | +1.77! [+1.6, +1.8] |
| 4 | +0.63! [+0.5, +0.8] | -0.03 [-0.2, +0.1] | +0.59! [+0.5, +0.8] | +0.82! [+0.4, +1.1] | +0.87! [+0.7, +1.3] | +1.70! [+1.6, +1.8] |
| 16 | -0.68* [-0.8, -0.6] | +1.67! [+1.6, +1.7] | +0.97! [+0.8, +1.1] | +0.15 [-0.2, +0.4] | +2.06! [+1.8, +2.4] | +2.21! [+2.0, +2.4] |
| 32 | -0.05 [-0.3, +0.1] | +1.16! [+1.1, +1.2] | +1.12! [+1.0, +1.2] | +0.46! [+0.2, +0.6] | +2.89! [+2.8, +3.2] | +3.36! [+3.3, +3.4] |
| 64 | +0.17! [+0.1, +0.3] | +2.07! [+2.0, +2.0] | +2.24! [+2.1, +2.3] | -0.58* [-0.7, -0.2] | +4.21! [+4.0, +4.3] | +3.61! [+3.5, +3.7] |
| 128 | -0.34* [-0.5, -0.3] | +3.26! [+3.1, +3.3] | +2.91! [+2.8, +3.0] | -0.91* [-1.1, -0.8] | +3.06! [+3.0, +3.1] | +2.12! [+1.9, +2.3] |
| 256 | -1.51* [-1.6, -1.4] | +6.20! [+6.1, +6.2] | +4.59! [+4.5, +4.7] | -1.52* [-1.6, -1.3] | +7.02! [+6.9, +7.1] | +5.39! [+5.4, +5.5] |
| 512 | -1.56* [-1.6, -1.5] | +5.64! [+5.4, +6.0] | +3.99! [+3.8, +4.4] | -0.80* [-0.8, -0.6] | +13.64! [+13.4, +13.9] | +12.74! [+12.6, +13.0] |
| 1024 | -0.89* [-1.1, -0.7] | +2.58! [+2.4, +2.8] | +1.67! [+1.7, +1.8] | -0.39* [-0.4, -0.3] | +7.15! [+7.0, +7.2] | +6.73! [+6.6, +6.9] |
| 2048 | -0.84* [-0.9, -0.8] | +3.58! [+3.4, +3.6] | +2.72! [+2.5, +2.8] | -0.22* [-0.3, -0.2] | +8.86! [+8.7, +8.9] | +8.61! [+8.5, +8.6] |
| 4096 | -0.78* [-0.8, -0.7] | +3.55! [+3.4, +3.5] | +2.74! [+2.6, +2.8] | -0.35* [-1.4, -0.1] | +9.22! [+8.8, +10.5] | +8.84! [+8.8, +9.0] |
| 8192 | -0.79* [-1.0, -0.7] | +3.43! [+3.4, +3.5] | +2.62! [+2.5, +2.7] | -0.16* [-0.3, -0.1] | +9.62! [+9.6, +9.7] | +9.44! [+9.4, +9.5] |
| median | -0.73 | +2.92 | +2.43 | -0.29 | +5.62 | +4.50 |
(* below 0 in every round, ! above 0 in every round)
/home/dev/n16k64_campaign/kernel_opt/U/explore/U3w_phi4.json: phi4 status complete; bitwise checks 336 all equal True; projections o_proj x40, qkv_proj x40, gate_up_proj x40, down_proj x40
| T | 16x64 uni vs freq, worst | 16x64 freq vs stock_ko, worst | 16x64 uni vs stock_ko, worst | 8x64 pipe vs freq, worst | 8x64 freq vs stock_ko, worst | 8x64 pipe vs stock_ko, worst |
|---:|---:|---:|---:|---:|---:|---:|
| 1 | +0.60! [+0.5, +0.7] | -0.62* [-0.7, -0.5] | -0.02 [-0.2, +0.2] | +0.33! [+0.2, +0.6] | -0.62* [-0.9, -0.4] | -0.30* [-0.4, -0.2] |
| 4 | +0.57! [+0.4, +0.8] | -0.54* [-0.9, -0.3] | +0.03 [-0.1, +0.1] | +0.54! [+0.5, +0.6] | -0.75* [-0.9, -0.6] | -0.21* [-0.3, -0.1] |
| 16 | +0.40! [+0.3, +0.4] | -0.15* [-0.2, -0.1] | +0.25! [+0.1, +0.3] | +0.57! [+0.5, +0.7] | -0.47* [-0.7, -0.5] | +0.10 [-0.1, +0.2] |
| 32 | +0.25! [+0.2, +0.3] | +0.23! [+0.2, +0.3] | +0.48! [+0.4, +0.5] | +0.08! [+0.0, +0.2] | +0.66! [+0.6, +0.7] | +0.75! [+0.6, +0.8] |
| 64 | +0.32! [+0.4, +0.5] | +0.29! [+0.1, +0.6] | +0.61! [+0.5, +0.9] | -0.32* [-0.3, -0.2] | +0.64! [+0.5, +0.7] | +0.32! [+0.2, +0.5] |
| 128 | -0.85* [-0.9, -0.8] | +1.71! [+1.7, +1.8] | +0.85! [+0.9, +0.9] | -0.38* [-0.5, -0.1] | +0.63! [+0.5, +0.9] | +0.25! [+0.3, +0.4] |
| 256 | -1.06* [-1.3, -0.7] | +2.76! [+2.4, +3.0] | +1.66! [+1.4, +2.0] | -0.57* [-0.7, -0.5] | +6.19! [+6.1, +6.3] | +5.59! [+5.5, +5.8] |
| 512 | -0.66* [-0.8, -0.5] | +2.31! [+1.8, +2.5] | +1.64! [+1.3, +1.7] | -0.37* [-0.4, -0.3] | +8.03! [+7.6, +8.3] | +7.64! [+7.2, +7.9] |
| 1024 | -0.09 [-0.2, +0.2] | +2.40! [+2.1, +2.4] | +2.30! [+2.2, +2.3] | -0.13* [-0.2, -0.2] | +7.47! [+7.3, +7.7] | +7.33! [+7.1, +7.4] |
| 2048 | -0.39* [-0.5, -0.3] | +1.57! [+1.4, +1.7] | +1.17! [+1.1, +1.3] | -0.14* [-0.3, -0.1] | +7.05! [+6.8, +7.2] | +6.89! [+6.6, +7.0] |
| 4096 | -0.54* [-0.6, -0.5] | +1.68! [+1.6, +1.8] | +1.13! [+1.0, +1.2] | -0.17 [-0.3, +0.0] | +7.08! [+7.0, +7.2] | +6.89! [+6.7, +7.2] |
| 8192 | -0.65* [-0.7, -0.5] | +2.09! [+0.9, +2.2] | +1.43! [+0.3, +1.6] | -0.11* [-0.2, -0.1] | +7.64! [+6.6, +7.8] | +7.52! [+6.4, +7.7] |
| median | -0.24 | +1.62 | +0.99 | -0.14 | +3.43 | +3.17 |
(* below 0 in every round, ! above 0 in every round)
