2026-09-24T18:43:01Z START legacy_det_fake_256x64 /home/dev/.conda/envs/n16k64/bin/python run_multiround.py --unit 256x64 --objective kl --data-root /home/dev/n16k64_campaign/cost_comparison/data --transformers-deviation --skip-ce-backward --eval-batch 16 --score-batch 8 --budget-hours 12 --deterministic --record-dev-values --dump-round0-scores --dev-backend fake --memory-mode legacy --out /home/dev/n16k64_campaign/lean_memory/legacy_det_fake_256x64
2026-09-24T19:19:18Z END legacy_det_fake_256x64 rc=0
2026-09-24T19:19:20Z CHECK legacy_legacy_det_fake_256x64 rc=1
2026-09-24T19:19:20Z STOP mismatch: legacy_legacy_det_fake_256x64
2026-09-24T19:19:54Z CHECK legacy_det_fake_256x64 rc=0 (rerun by hand with the correct run directory; see deviation 1)
2026-09-24T19:19:54Z START lean_det_fake_256x64 /home/dev/.conda/envs/n16k64/bin/python run_multiround.py --unit 256x64 --objective kl --data-root /home/dev/n16k64_campaign/cost_comparison/data --transformers-deviation --skip-ce-backward --eval-batch 16 --score-batch 8 --budget-hours 12 --deterministic --record-dev-values --dump-round0-scores --dev-backend fake --memory-mode lean --out /home/dev/n16k64_campaign/lean_memory/lean_det_fake_256x64
2026-09-24T19:55:14Z END lean_det_fake_256x64 rc=0
2026-09-24T19:55:16Z CHECK lean_det_fake_256x64 rc=0
2026-09-24T19:55:16Z START legacy_det_native_256x64 /home/dev/.conda/envs/n16k64/bin/python run_multiround.py --unit 256x64 --objective kl --data-root /home/dev/n16k64_campaign/cost_comparison/data --transformers-deviation --skip-ce-backward --eval-batch 16 --score-batch 8 --budget-hours 12 --deterministic --record-dev-values --dump-round0-scores --dev-backend native --memory-mode legacy --out /home/dev/n16k64_campaign/lean_memory/legacy_det_native_256x64
2026-09-24T20:24:14Z END legacy_det_native_256x64 rc=0
2026-09-24T20:24:16Z CHECK legacy_det_native_256x64 rc=0
2026-09-24T20:24:16Z START lean_det_native_256x64 /home/dev/.conda/envs/n16k64/bin/python run_multiround.py --unit 256x64 --objective kl --data-root /home/dev/n16k64_campaign/cost_comparison/data --transformers-deviation --skip-ce-backward --eval-batch 16 --score-batch 8 --budget-hours 12 --deterministic --record-dev-values --dump-round0-scores --dev-backend native --memory-mode lean --out /home/dev/n16k64_campaign/lean_memory/lean_det_native_256x64
2026-09-24T20:51:24Z END lean_det_native_256x64 rc=0
2026-09-24T20:51:25Z CHECK lean_det_native_256x64 rc=0
2026-09-24T20:51:25Z START legacy_det_fake_8x64 /home/dev/.conda/envs/n16k64/bin/python run_multiround.py --unit 8x64 --objective kl --data-root /home/dev/n16k64_campaign/cost_comparison/data --transformers-deviation --skip-ce-backward --eval-batch 16 --score-batch 8 --budget-hours 12 --deterministic --record-dev-values --dump-round0-scores --dev-backend fake --memory-mode legacy --out /home/dev/n16k64_campaign/lean_memory/legacy_det_fake_8x64
2026-09-24T22:23:12Z END legacy_det_fake_8x64 rc=0
2026-09-24T22:23:13Z CHECK legacy_det_fake_8x64 rc=0
2026-09-24T22:23:13Z START lean_det_fake_8x64 /home/dev/.conda/envs/n16k64/bin/python run_multiround.py --unit 8x64 --objective kl --data-root /home/dev/n16k64_campaign/cost_comparison/data --transformers-deviation --skip-ce-backward --eval-batch 16 --score-batch 8 --budget-hours 12 --deterministic --record-dev-values --dump-round0-scores --dev-backend fake --memory-mode lean --out /home/dev/n16k64_campaign/lean_memory/lean_det_fake_8x64
2026-09-24T23:52:09Z END lean_det_fake_8x64 rc=0
2026-09-24T23:52:12Z CHECK lean_det_fake_8x64 rc=0
2026-09-24T23:52:12Z START legacy_det_native_8x64 /home/dev/.conda/envs/n16k64/bin/python run_multiround.py --unit 8x64 --objective kl --data-root /home/dev/n16k64_campaign/cost_comparison/data --transformers-deviation --skip-ce-backward --eval-batch 16 --score-batch 8 --budget-hours 12 --deterministic --record-dev-values --dump-round0-scores --dev-backend native --memory-mode legacy --out /home/dev/n16k64_campaign/lean_memory/legacy_det_native_8x64
2026-09-25T00:34:06Z END legacy_det_native_8x64 rc=0
2026-09-25T00:34:08Z CHECK legacy_det_native_8x64 rc=0
2026-09-25T00:34:08Z START lean_det_native_8x64 /home/dev/.conda/envs/n16k64/bin/python run_multiround.py --unit 8x64 --objective kl --data-root /home/dev/n16k64_campaign/cost_comparison/data --transformers-deviation --skip-ce-backward --eval-batch 16 --score-batch 8 --budget-hours 12 --deterministic --record-dev-values --dump-round0-scores --dev-backend native --memory-mode lean --out /home/dev/n16k64_campaign/lean_memory/lean_det_native_8x64
2026-09-25T01:13:22Z END lean_det_native_8x64 rc=0
2026-09-25T01:13:25Z CHECK lean_det_native_8x64 rc=0
2026-09-25T01:13:25Z QUEUE DONE
