2026-09-25T01:19:01Z qwen4b START batch_batched /home/dev/.conda/envs/n16k64/bin/python run_multiround.py --model qwen4b --objective kl --data-root /home/dev/n16k64_campaign/multimodel/data --memory-mode lean --transformers-deviation --unit 8x64 --dev-backend native --deterministic --skip-ce-backward --stop-after-scoring --dump-round0-scores --record-dev-values --eval-batch 16 --score-batch 8 --out /home/dev/n16k64_campaign/multimodel/runs/qwen4b/batch_batched
2026-09-25T01:21:24Z qwen4b END batch_batched rc=0
2026-09-25T01:21:24Z qwen4b START batch_single /home/dev/.conda/envs/n16k64/bin/python run_multiround.py --model qwen4b --objective kl --data-root /home/dev/n16k64_campaign/multimodel/data --memory-mode lean --transformers-deviation --unit 8x64 --dev-backend native --deterministic --skip-ce-backward --stop-after-scoring --dump-round0-scores --record-dev-values --eval-batch 1 --score-batch 1 --out /home/dev/n16k64_campaign/multimodel/runs/qwen4b/batch_single
2026-09-25T01:24:58Z qwen4b END batch_single rc=0
2026-09-25T01:25:00Z qwen4b CHECK batching identical=False eval_batch=1 score_batch=1
2026-09-25T01:25:00Z qwen4b START pre_native /home/dev/.conda/envs/n16k64/bin/python run_multiround.py --model qwen4b --objective kl --data-root /home/dev/n16k64_campaign/multimodel/data --memory-mode lean --transformers-deviation --unit 8x64 --eval-backend native --evaluate-map FourOverSix=fourover6 --out /home/dev/n16k64_campaign/multimodel/runs/qwen4b/pre_native
2026-09-25T01:26:28Z qwen4b END pre_native rc=0
2026-09-25T01:26:28Z qwen4b START pre_fake /home/dev/.conda/envs/n16k64/bin/python run_multiround.py --model qwen4b --objective kl --data-root /home/dev/n16k64_campaign/multimodel/data --memory-mode lean --transformers-deviation --unit 8x64 --eval-backend fake --evaluate-map FourOverSix=fourover6 --out /home/dev/n16k64_campaign/multimodel/runs/qwen4b/pre_fake
2026-09-25T01:28:58Z qwen4b END pre_fake rc=0
2026-09-25T01:28:58Z qwen4b CHECK precheck rc=0
2026-09-25T01:28:58Z qwen4b START calib_8x64 /home/dev/.conda/envs/n16k64/bin/python run_multiround.py --model qwen4b --objective kl --data-root /home/dev/n16k64_campaign/multimodel/data --memory-mode lean --transformers-deviation --unit 8x64 --dev-backend native --skip-ce-backward --deterministic --eval-batch 1 --score-batch 1 --budget-hours 12 --record-dev-values --out /home/dev/n16k64_campaign/multimodel/runs/qwen4b/calib_8x64
2026-09-25T02:47:03Z qwen4b END calib_8x64 rc=0
2026-09-25T02:47:03Z qwen4b START calib_256x64 /home/dev/.conda/envs/n16k64/bin/python run_multiround.py --model qwen4b --objective kl --data-root /home/dev/n16k64_campaign/multimodel/data --memory-mode lean --transformers-deviation --unit 256x64 --dev-backend native --skip-ce-backward --deterministic --eval-batch 1 --score-batch 1 --budget-hours 12 --record-dev-values --out /home/dev/n16k64_campaign/multimodel/runs/qwen4b/calib_256x64
2026-09-25T03:15:19Z qwen4b END calib_256x64 rc=0
2026-09-25T03:15:19Z qwen4b START eval_native /home/dev/.conda/envs/n16k64/bin/python run_multiround.py --model qwen4b --objective kl --data-root /home/dev/n16k64_campaign/multimodel/data --memory-mode lean --transformers-deviation --unit 8x64 --eval-backend native --evaluate-map FourOverSix=fourover6 --evaluate-map NVFP4=nvfp4 --evaluate-map MixFP4-8x64=/home/dev/n16k64_campaign/multimodel/runs/qwen4b/calib_8x64/map.pt --evaluate-map MixFP4-256x64=/home/dev/n16k64_campaign/multimodel/runs/qwen4b/calib_256x64/map.pt --out /home/dev/n16k64_campaign/multimodel/runs/qwen4b/eval_native
2026-09-25T03:19:03Z qwen4b END eval_native rc=0
2026-09-25T03:19:03Z qwen4b START eval_fake /home/dev/.conda/envs/n16k64/bin/python run_multiround.py --model qwen4b --objective kl --data-root /home/dev/n16k64_campaign/multimodel/data --memory-mode lean --transformers-deviation --unit 8x64 --eval-backend fake --evaluate-map FourOverSix=fourover6 --evaluate-map NVFP4=nvfp4 --evaluate-map MixFP4-8x64=/home/dev/n16k64_campaign/multimodel/runs/qwen4b/calib_8x64/map.pt --evaluate-map MixFP4-256x64=/home/dev/n16k64_campaign/multimodel/runs/qwen4b/calib_256x64/map.pt --out /home/dev/n16k64_campaign/multimodel/runs/qwen4b/eval_fake
2026-09-25T03:26:48Z qwen4b END eval_fake rc=0
2026-09-25T03:26:48Z qwen4b START eval_bf16 /home/dev/.conda/envs/n16k64/bin/python run_multiround.py --model qwen4b --objective kl --data-root /home/dev/n16k64_campaign/multimodel/data --memory-mode lean --transformers-deviation --unit 8x64 --eval-backend fake --evaluate-map BF16=bf16 --out /home/dev/n16k64_campaign/multimodel/runs/qwen4b/eval_bf16
2026-09-25T03:28:00Z qwen4b END eval_bf16 rc=0
2026-09-25T03:28:00Z qwen4b MODEL DONE rc=0
