4096x4096 T=2048: stock_ko (0,1) 50.58 us; best setting per kernel, % vs stock_ko (0,1) [default -> best]
   stock_ko     default  +0.00 %  best (1, 1)  -1.55 %  tiles 512
   stock_wB_ko  default  -0.44 %  best (2, 1)  -1.39 %  tiles 512
   ceil16       default  +5.06 %  best (1, 1)  +4.34 %  tiles 512
   A16          default  +7.53 %  best (1, 4)  +6.77 %  tiles 512
   U16          default  +6.64 %  best (1, 1)  +5.47 %  tiles 512
   ceil8        default +13.76 %  best (2, 1) +13.29 %  tiles 512
   A8           default +16.80 %  best (2, 1) +16.14 %  tiles 512
   U8           default +17.50 %  best (2, 1) +15.88 %  tiles 512
   stock_64     default +41.82 %  best (1, 1) +36.95 %  tiles 1024
   ceil16_64    default +41.82 %  best (1, 1) +37.17 %  tiles 1024
   A16_64       default +48.50 %  best (1, 1) +42.61 %  tiles 1024
   ceil8_n64    default +44.16 %  best (2, 2) +39.73 %  tiles 1024
   A8_n64       default +49.64 %  best (2, 1) +44.92 %  tiles 1024
   ceil8_64     default +79.63 %  best (2, 1) +74.79 %  tiles 2048
   A8_64        default +83.30 %  best (2, 1) +79.56 %  tiles 2048
14336x4096 T=512: stock_ko (0,1) 57.52 us; best setting per kernel, % vs stock_ko (0,1) [default -> best]
   stock_ko     default  +0.00 %  best (2, 1)  -0.44 %  tiles 448
   stock_wB_ko  default  -0.47 %  best (0, 1)  -0.47 %  tiles 448
   ceil16       default  +2.25 %  best (2, 1)  +1.50 %  tiles 448
   A16          default  +6.29 %  best (2, 1)  +6.09 %  tiles 448
   U16          default  +5.29 %  best (0, 2)  +5.04 %  tiles 448
   ceil8        default +10.10 %  best (1, 1)  +9.93 %  tiles 448
   A8           default +12.91 %  best (1, 1) +12.82 %  tiles 448
   U8           default +12.52 %  best (0, 1) +12.52 %  tiles 448
   stock_64     default +16.33 %  best (1, 4) +15.66 %  tiles 896
   ceil16_64    default +17.30 %  best (1, 4) +16.75 %  tiles 896
   A16_64       default +23.14 %  best (1, 4) +22.03 %  tiles 896
   ceil8_n64    default +19.28 %  best (2, 2) +19.03 %  tiles 896
   A8_n64       default +22.56 %  best (1, 1) +22.34 %  tiles 896
   ceil8_64     default +52.74 %  best (1, 1) +52.16 %  tiles 1792
   A8_64        default +57.53 %  best (2, 2) +56.16 %  tiles 1792
4096x4096 T=4096: stock_ko (0,1) 111.60 us; best setting per kernel, % vs stock_ko (0,1) [default -> best]
   stock_ko     default  +0.00 %  best (1, 1)  -1.96 %  tiles 1024
   stock_wB_ko  default  -1.73 %  best (2, 1)  -1.79 %  tiles 1024
   ceil16       default  -0.30 %  best (1, 1)  -1.76 %  tiles 1024
   A16          default  +0.87 %  best (1, 4)  -0.63 %  tiles 1024
   U16          default  +0.22 %  best (1, 1)  -1.32 %  tiles 1024
   ceil8        default  +4.65 %  best (2, 1)  +4.56 %  tiles 1024
   A8           default  +6.60 %  best (2, 4)  +4.93 %  tiles 1024
   U8           default  +4.53 %  best (2, 1)  +4.53 %  tiles 1024
   stock_64     default +16.87 %  best (0, 4) +16.53 %  tiles 2048
   ceil16_64    default +16.67 %  best (0, 1) +16.67 %  tiles 2048
   A16_64       default +20.09 %  best (1, 8) +19.54 %  tiles 2048
   ceil8_n64    default +20.27 %  best (2, 1) +18.35 %  tiles 2048
   A8_n64       default +22.95 %  best (2, 1) +21.23 %  tiles 2048
   ceil8_64     default +52.95 %  best (2, 1) +52.62 %  tiles 4096
   A8_64        default +54.85 %  best (0, 1) +54.85 %  tiles 4096
14336x4096 T=1024: stock_ko (0,1) 101.52 us; best setting per kernel, % vs stock_ko (0,1) [default -> best]
   stock_ko     default  +0.00 %  best (2, 1)  -0.24 %  tiles 896
   stock_wB_ko  default  +0.36 %  best (1, 1)  -0.17 %  tiles 896
   ceil16       default  -0.11 %  best (1, 8)  -0.66 %  tiles 896
   A16          default  +0.49 %  best (1, 4)  +0.43 %  tiles 896
   U16          default  -0.17 %  best (1, 4)  -0.28 %  tiles 896
   ceil8        default  +4.11 %  best (2, 4)  +3.75 %  tiles 896
   A8           default  +4.85 %  best (1, 1)  +4.71 %  tiles 896
   U8           default  +5.56 %  best (1, 2)  +5.31 %  tiles 896
   stock_64     default +22.60 %  best (1, 4) +20.25 %  tiles 1792
   ceil16_64    default +22.35 %  best (1, 4) +20.13 %  tiles 1792
   A16_64       default +24.90 %  best (1, 4) +23.06 %  tiles 1792
   ceil8_n64    default +23.99 %  best (2, 2) +21.83 %  tiles 1792
   A8_n64       default +26.87 %  best (2, 2) +24.84 %  tiles 1792
   ceil8_64     default +54.14 %  best (2, 4) +54.01 %  tiles 3584
   A8_64        default +57.82 %  best (2, 4) +56.83 %  tiles 3584
