4096x4096 T=2048:
   cold      stock_ko   54.38 us | stock_wB_ko  +5.27 % ceil16  +3.73 % A16  +7.38 % ceil8 +13.51 % A8 +15.09 %
   warm      stock_ko   52.24 us | stock_wB_ko  +0.12 % ceil16  -0.37 % A16  +1.29 % ceil8  +4.75 % A8  +6.89 %
   sustained stock_ko   70.62 us | stock_wB_ko  -0.18 % ceil16  -1.36 % A16  -0.18 % ceil8  +2.76 % A8  +5.62 %
   sustained stock_ko     sm_mhz 1785.00, power_w 489.66, power_cap_share 1.00
   sustained stock_wB_ko  sm_mhz 1830.00, power_w 487.33, power_cap_share 1.00
   sustained ceil16       sm_mhz 1837.00, power_w 501.06, power_cap_share 1.00
   sustained A16          sm_mhz 1785.00, power_w 490.77, power_cap_share 1.00
   sustained ceil8        sm_mhz 1740.00, power_w 500.33, power_cap_share 1.00
   sustained A8           sm_mhz 1777.00, power_w 483.09, power_cap_share 1.00
14336x4096 T=512:
   cold      stock_ko   62.14 us | stock_wB_ko  +0.18 % ceil16  +0.03 % A16  +3.24 % ceil8  +7.23 % A8  +8.55 %
   warm      stock_ko   49.34 us | stock_wB_ko  -0.94 % ceil16  -0.13 % A16  +1.75 % ceil8  +5.45 % A8  +9.96 %
   sustained stock_ko   66.40 us | stock_wB_ko  +4.87 % ceil16  +4.87 % A16  +4.82 % ceil8  +6.12 % A8  +7.33 %
   sustained stock_ko     sm_mhz 1905.00, power_w 500.85, power_cap_share 1.00
   sustained stock_wB_ko  sm_mhz 2055.00, power_w 500.08, power_cap_share 1.00
   sustained ceil16       sm_mhz 2025.00, power_w 500.55, power_cap_share 1.00
   sustained A16          sm_mhz 2002.00, power_w 482.60, power_cap_share 1.00
   sustained ceil8        sm_mhz 1830.00, power_w 500.91, power_cap_share 1.00
   sustained A8           sm_mhz 1807.00, power_w 503.05, power_cap_share 1.00
4096x4096 T=4096:
   cold      stock_ko  122.33 us | stock_wB_ko  -2.24 % ceil16  -1.19 % A16  +0.64 % ceil8  +2.97 % A8  +3.37 %
   warm      stock_ko  107.68 us | stock_wB_ko  -0.27 % ceil16  -0.01 % A16  +1.74 % ceil8  +5.75 % A8  +7.71 %
   sustained stock_ko  142.91 us | stock_wB_ko  +0.04 % ceil16  -0.04 % A16  +1.52 % ceil8  +5.37 % A8  +7.95 %
   sustained stock_ko     sm_mhz 1665.00, power_w 500.02, power_cap_share 1.00
   sustained stock_wB_ko  sm_mhz 1657.00, power_w 500.03, power_cap_share 1.00
   sustained ceil16       sm_mhz 1665.00, power_w 499.98, power_cap_share 1.00
   sustained A16          sm_mhz 1635.00, power_w 497.24, power_cap_share 1.00
   sustained ceil8        sm_mhz 1635.00, power_w 500.09, power_cap_share 1.00
   sustained A8           sm_mhz 1620.00, power_w 486.39, power_cap_share 1.00
14336x4096 T=1024:
   cold      stock_ko  106.99 us | stock_wB_ko  -0.52 % ceil16  -0.19 % A16  +2.53 % ceil8  +5.16 % A8  +9.79 %
   warm      stock_ko   92.77 us | stock_wB_ko  -0.41 % ceil16  -0.45 % A16  +5.21 % ceil8  +4.73 % A8  +6.90 %
   sustained stock_ko  124.38 us | stock_wB_ko  +0.00 % ceil16  -0.69 % A16  +1.72 % ceil8  +4.32 % A8  +6.74 %
   sustained stock_ko     sm_mhz 1635.00, power_w 499.96, power_cap_share 1.00
   sustained stock_wB_ko  sm_mhz 1627.00, power_w 500.06, power_cap_share 1.00
   sustained ceil16       sm_mhz 1627.00, power_w 489.52, power_cap_share 1.00
   sustained A16          sm_mhz 1597.00, power_w 500.03, power_cap_share 1.00
   sustained ceil8        sm_mhz 1597.00, power_w 500.03, power_cap_share 1.00
   sustained A8           sm_mhz 1590.00, power_w 500.19, power_cap_share 1.00
