round 0 done
round 1 done
round 2 done
round 3 done
round 4 done
{
 "8x64 q_proj T=2048": {
  "stock_wB e2m1": {
   "isolated_us": {
    "us": 98.94400089979172,
    "vs_stock_pct": 0.0
   },
   "chained_us": {
    "us": 54.847997426986694,
    "vs_stock_pct": 0.0
   },
   "cupti_us": {
    "us": 52.239999999999895,
    "vs_stock_pct": 0.0
   }
  },
  "n8k64_wB e2m1": {
   "isolated_us": {
    "us": 108.04800316691399,
    "vs_stock_pct": 9.201166502598369
   },
   "chained_us": {
    "us": 59.934401512145996,
    "vs_stock_pct": 9.273636821344834
   },
   "cupti_us": {
    "us": 57.360000000000014,
    "vs_stock_pct": 9.800918836141136
   }
  },
  "n8k64_wB tmopt": {
   "isolated_us": {
    "us": 108.94400253891945,
    "vs_stock_pct": 10.106728602227744
   },
   "chained_us": {
    "us": 60.473597049713135,
    "vs_stock_pct": 10.256709244882089
   },
   "cupti_us": {
    "us": 57.90350000000001,
    "vs_stock_pct": 10.841309341501004
   }
  }
 },
 "8x64 q_proj T=8192": {
  "stock_wB e2m1": {
   "isolated_us": {
    "us": 261.32799685001373,
    "vs_stock_pct": 0.0
   },
   "chained_us": {
    "us": 207.56800174713135,
    "vs_stock_pct": 0.0
   },
   "cupti_us": {
    "us": 204.54250000000002,
    "vs_stock_pct": 0.0
   }
  },
  "n8k64_wB e2m1": {
   "isolated_us": {
    "us": 285.21600365638733,
    "vs_stock_pct": 9.141005592326135
   },
   "chained_us": {
    "us": 231.329607963562,
    "vs_stock_pct": 11.447624882653207
   },
   "cupti_us": {
    "us": 228.17500000000018,
    "vs_stock_pct": 11.55383355537365
   }
  },
  "n8k64_wB tmopt": {
   "isolated_us": {
    "us": 287.7119928598404,
    "vs_stock_pct": 10.096123005515345
   },
   "chained_us": {
    "us": 232.76960849761963,
    "vs_stock_pct": 12.141373688797174
   },
   "cupti_us": {
    "us": 230.31799999999998,
    "vs_stock_pct": 12.601537577764987
   }
  }
 },
 "8x64 gate_proj T=2048": {
  "stock_wB e2m1": {
   "isolated_us": {
    "us": 239.3920049071312,
    "vs_stock_pct": 0.0
   },
   "chained_us": {
    "us": 185.64319610595703,
    "vs_stock_pct": 0.0
   },
   "cupti_us": {
    "us": 182.52600000000007,
    "vs_stock_pct": 0.0
   }
  },
  "n8k64_wB e2m1": {
   "isolated_us": {
    "us": 255.93599677085876,
    "vs_stock_pct": 6.910837256300839
   },
   "chained_us": {
    "us": 203.07519435882568,
    "vs_stock_pct": 9.390055018724851
   },
   "cupti_us": {
    "us": 199.99850000000015,
    "vs_stock_pct": 9.572608833810015
   }
  },
  "n8k64_wB tmopt": {
   "isolated_us": {
    "us": 258.2240104675293,
    "vs_stock_pct": 7.866597536414677
   },
   "chained_us": {
    "us": 205.02560138702393,
    "vs_stock_pct": 10.440676355304856
   },
   "cupti_us": {
    "us": 201.99850000000015,
    "vs_stock_pct": 10.668343140155411
   }
  }
 },
 "8x64 gate_proj T=8192": {
  "stock_wB e2m1": {
   "isolated_us": {
    "us": 790.4320061206818,
    "vs_stock_pct": 0.0
   },
   "chained_us": {
    "us": 793.2799816131592,
    "vs_stock_pct": 0.0
   },
   "cupti_us": {
    "us": 984.5859999999998,
    "vs_stock_pct": 0.0
   }
  },
  "n8k64_wB e2m1": {
   "isolated_us": {
    "us": 865.0079965591431,
    "vs_stock_pct": 9.434839411990502
   },
   "chained_us": {
    "us": 941.5072441101074,
    "vs_stock_pct": 18.68536531018008
   },
   "cupti_us": {
    "us": 1027.2079999999996,
    "vs_stock_pct": 4.328926066387284
   }
  },
  "n8k64_wB tmopt": {
   "isolated_us": {
    "us": 875.0559985637665,
    "vs_stock_pct": 10.70604325075426
   },
   "chained_us": {
    "us": 955.8143615722656,
    "vs_stock_pct": 20.48890476582905
   },
   "cupti_us": {
    "us": 1039.2070000000003,
    "vs_stock_pct": 5.547610874012077
   }
  }
 },
 "8x64 down_proj T=2048": {
  "stock_wB e2m1": {
   "isolated_us": {
    "us": 233.3119958639145,
    "vs_stock_pct": 0.0
   },
   "chained_us": {
    "us": 176.12799406051636,
    "vs_stock_pct": 0.0
   },
   "cupti_us": {
    "us": 172.798,
    "vs_stock_pct": 0.0
   }
  },
  "n8k64_wB e2m1": {
   "isolated_us": {
    "us": 248.73599410057068,
    "vs_stock_pct": 6.610889499934958
   },
   "chained_us": {
    "us": 193.779194355011,
    "vs_stock_pct": 10.021802830746939
   },
   "cupti_us": {
    "us": 191.50099999999986,
    "vs_stock_pct": 10.82362064375737
   }
  },
  "n8k64_wB tmopt": {
   "isolated_us": {
    "us": 251.39200687408447,
    "vs_stock_pct": 7.749284790618161
   },
   "chained_us": {
    "us": 196.9007968902588,
    "vs_stock_pct": 11.79415171367082
   },
   "cupti_us": {
    "us": 193.88699999999994,
    "vs_stock_pct": 12.20442366231087
   }
  }
 },
 "8x64 down_proj T=8192": {
  "stock_wB e2m1": {
   "isolated_us": {
    "us": 757.7120065689087,
    "vs_stock_pct": 0.0
   },
   "chained_us": {
    "us": 720.1104164123535,
    "vs_stock_pct": 0.0
   },
   "cupti_us": {
    "us": 949.3849999999984,
    "vs_stock_pct": 0.0
   }
  },
  "n8k64_wB e2m1": {
   "isolated_us": {
    "us": 827.455997467041,
    "vs_stock_pct": 9.204551372222403
   },
   "chained_us": {
    "us": 867.1248435974121,
    "vs_stock_pct": 20.415539594260544
   },
   "cupti_us": {
    "us": 1018.5839999999994,
    "vs_stock_pct": 7.288823817524093
   }
  },
  "n8k64_wB tmopt": {
   "isolated_us": {
    "us": 841.7440056800842,
    "vs_stock_pct": 11.090229319671385
   },
   "chained_us": {
    "us": 894.8736190795898,
    "vs_stock_pct": 24.268945245636118
   },
   "cupti_us": {
    "us": 1036.456000000001,
    "vs_stock_pct": 9.171305634700655
   }
  }
 },
 "16x64 q_proj T=2048": {
  "stock_wA e2m1": {
   "isolated_us": {
    "us": 99.08799827098846,
    "vs_stock_pct": 0.0
   },
   "chained_us": {
    "us": 54.820799827575684,
    "vs_stock_pct": 0.0
   },
   "cupti_us": {
    "us": 52.39900000000006,
    "vs_stock_pct": 0.0
   }
  },
  "n16k64_wA e2m1": {
   "isolated_us": {
    "us": 103.2320000231266,
    "vs_stock_pct": 4.182142968318936
   },
   "chained_us": {
    "us": 56.75039887428284,
    "vs_stock_pct": 3.519830160771442
   },
   "cupti_us": {
    "us": 54.143500000000074,
    "vs_stock_pct": 3.32926200881698
   }
  },
  "n16k64_wA tmopt": {
   "isolated_us": {
    "us": 103.92000153660774,
    "vs_stock_pct": 4.8764768185190155
   },
   "chained_us": {
    "us": 56.96960091590881,
    "vs_stock_pct": 3.919682118997936
   },
   "cupti_us": {
    "us": 54.33549999999991,
    "vs_stock_pct": 3.695681215290092
   }
  }
 },
 "16x64 q_proj T=8192": {
  "stock_wA e2m1": {
   "isolated_us": {
    "us": 264.9279981851578,
    "vs_stock_pct": 0.0
   },
   "chained_us": {
    "us": 210.3856086730957,
    "vs_stock_pct": 0.0
   },
   "cupti_us": {
    "us": 208.09400000000005,
    "vs_stock_pct": 0.0
   }
  },
  "n16k64_wA e2m1": {
   "isolated_us": {
    "us": 272.71999418735504,
    "vs_stock_pct": 2.9411749817214394
   },
   "chained_us": {
    "us": 218.2015895843506,
    "vs_stock_pct": 3.7150739352137085
   },
   "cupti_us": {
    "us": 214.68700000000035,
    "vs_stock_pct": 3.168279719742184
   }
  },
  "n16k64_wA tmopt": {
   "isolated_us": {
    "us": 274.1439938545227,
    "vs_stock_pct": 3.4786793893048173
   },
   "chained_us": {
    "us": 218.7743902206421,
    "vs_stock_pct": 3.987336206337755
   },
   "cupti_us": {
    "us": 215.78900000000021,
    "vs_stock_pct": 3.6978480878834485
   }
  }
 },
 "16x64 gate_proj T=2048": {
  "stock_wA e2m1": {
   "isolated_us": {
    "us": 239.34400081634521,
    "vs_stock_pct": 0.0
   },
   "chained_us": {
    "us": 184.6959948539734,
    "vs_stock_pct": 0.0
   },
   "cupti_us": {
    "us": 181.85400000000004,
    "vs_stock_pct": 0.0
   }
  },
  "n16k64_wA e2m1": {
   "isolated_us": {
    "us": 245.60000002384186,
    "vs_stock_pct": 2.6138107435987212
   },
   "chained_us": {
    "us": 191.47520065307617,
    "vs_stock_pct": 3.67046713950816
   },
   "cupti_us": {
    "us": 188.5105000000001,
    "vs_stock_pct": 3.660353910279701
   }
  },
  "n16k64_wA tmopt": {
   "isolated_us": {
    "us": 247.0880001783371,
    "vs_stock_pct": 3.2355101174790013
   },
   "chained_us": {
    "us": 192.66239404678345,
    "vs_stock_pct": 4.313249564024679
   },
   "cupti_us": {
    "us": 189.83799999999997,
    "vs_stock_pct": 4.390335103984477
   }
  }
 },
 "16x64 gate_proj T=8192": {
  "stock_wA e2m1": {
   "isolated_us": {
    "us": 793.9839959144592,
    "vs_stock_pct": 0.0
   },
   "chained_us": {
    "us": 797.5008010864258,
    "vs_stock_pct": 0.0
   },
   "cupti_us": {
    "us": 976.4085000000005,
    "vs_stock_pct": 0.0
   }
  },
  "n16k64_wA e2m1": {
   "isolated_us": {
    "us": 821.4240074157715,
    "vs_stock_pct": 3.4559905039028616
   },
   "chained_us": {
    "us": 845.3536033630371,
    "vs_stock_pct": 6.000345355317771
   },
   "cupti_us": {
    "us": 1012.8250000000003,
    "vs_stock_pct": 3.7296377489544286
   }
  },
  "n16k64_wA tmopt": {
   "isolated_us": {
    "us": 826.8959820270538,
    "vs_stock_pct": 4.145169963367934
   },
   "chained_us": {
    "us": 852.291202545166,
    "vs_stock_pct": 6.870262874231581
   },
   "cupti_us": {
    "us": 996.8720000000012,
    "vs_stock_pct": 2.095792898156934
   }
  }
 },
 "16x64 down_proj T=2048": {
  "stock_wA e2m1": {
   "isolated_us": {
    "us": 234.43200439214706,
    "vs_stock_pct": 0.0
   },
   "chained_us": {
    "us": 176.47199630737305,
    "vs_stock_pct": 0.0
   },
   "cupti_us": {
    "us": 173.00649999999996,
    "vs_stock_pct": 0.0
   }
  },
  "n16k64_wA e2m1": {
   "isolated_us": {
    "us": 238.3039966225624,
    "vs_stock_pct": 1.651648306490805
   },
   "chained_us": {
    "us": 181.89599514007568,
    "vs_stock_pct": 3.073574814247193
   },
   "cupti_us": {
    "us": 179.07000000000062,
    "vs_stock_pct": 3.5047816122519393
   }
  },
  "n16k64_wA tmopt": {
   "isolated_us": {
    "us": 240.09599536657333,
    "vs_stock_pct": 2.416048520811942
   },
   "chained_us": {
    "us": 183.95040035247803,
    "vs_stock_pct": 4.237728479072311
   },
   "cupti_us": {
    "us": 180.73450000000003,
    "vs_stock_pct": 4.466884192212461
   }
  }
 },
 "16x64 down_proj T=8192": {
  "stock_wA e2m1": {
   "isolated_us": {
    "us": 760.9440088272095,
    "vs_stock_pct": 0.0
   },
   "chained_us": {
    "us": 741.9536113739014,
    "vs_stock_pct": 0.0
   },
   "cupti_us": {
    "us": 944.8580000000011,
    "vs_stock_pct": 0.0
   }
  },
  "n16k64_wA e2m1": {
   "isolated_us": {
    "us": 783.1519842147827,
    "vs_stock_pct": 2.91847693522167
   },
   "chained_us": {
    "us": 777.5904178619385,
    "vs_stock_pct": 4.80310439112861
   },
   "cupti_us": {
    "us": 971.7059999999997,
    "vs_stock_pct": 2.841485175550029
   }
  },
  "n16k64_wA tmopt": {
   "isolated_us": {
    "us": 789.1520261764526,
    "vs_stock_pct": 3.7069767317990054
   },
   "chained_us": {
    "us": 794.9071884155273,
    "vs_stock_pct": 7.137046875958997
   },
   "cupti_us": {
    "us": 979.7519999999995,
    "vs_stock_pct": 3.693041705737632
   }
  }
 }
}
{"sm_mhz": [1890, 2790], "power_w": [104.66, 405.74], "temp_c": [56, 76]}
