llama8b 8x64 q_proj (4096x4096) T=128 done
llama8b 8x64 q_proj (4096x4096) T=512 done
llama8b 8x64 q_proj (4096x4096) T=2048 done
llama8b 8x64 q_proj (4096x4096) T=8192 done
llama8b 8x64 k_proj (1024x4096) T=128 done
llama8b 8x64 k_proj (1024x4096) T=512 done
llama8b 8x64 k_proj (1024x4096) T=2048 done
llama8b 8x64 k_proj (1024x4096) T=8192 done
llama8b 8x64 v_proj (1024x4096) T=128 done
llama8b 8x64 v_proj (1024x4096) T=512 done
llama8b 8x64 v_proj (1024x4096) T=2048 done
llama8b 8x64 v_proj (1024x4096) T=8192 done
llama8b 8x64 o_proj (4096x4096) T=128 done
llama8b 8x64 o_proj (4096x4096) T=512 done
llama8b 8x64 o_proj (4096x4096) T=2048 done
llama8b 8x64 o_proj (4096x4096) T=8192 done
llama8b 8x64 gate_proj (14336x4096) T=128 done
llama8b 8x64 gate_proj (14336x4096) T=512 done
llama8b 8x64 gate_proj (14336x4096) T=2048 done
llama8b 8x64 gate_proj (14336x4096) T=8192 done
llama8b 8x64 up_proj (14336x4096) T=128 done
llama8b 8x64 up_proj (14336x4096) T=512 done
llama8b 8x64 up_proj (14336x4096) T=2048 done
llama8b 8x64 up_proj (14336x4096) T=8192 done
llama8b 8x64 down_proj (4096x14336) T=128 done
llama8b 8x64 down_proj (4096x14336) T=512 done
llama8b 8x64 down_proj (4096x14336) T=2048 done
llama8b 8x64 down_proj (4096x14336) T=8192 done
llama8b 16x64 q_proj (4096x4096) T=128 done
llama8b 16x64 q_proj (4096x4096) T=512 done
llama8b 16x64 q_proj (4096x4096) T=2048 done
llama8b 16x64 q_proj (4096x4096) T=8192 done
llama8b 16x64 k_proj (1024x4096) T=128 done
llama8b 16x64 k_proj (1024x4096) T=512 done
llama8b 16x64 k_proj (1024x4096) T=2048 done
llama8b 16x64 k_proj (1024x4096) T=8192 done
llama8b 16x64 v_proj (1024x4096) T=128 done
llama8b 16x64 v_proj (1024x4096) T=512 done
llama8b 16x64 v_proj (1024x4096) T=2048 done
llama8b 16x64 v_proj (1024x4096) T=8192 done
llama8b 16x64 o_proj (4096x4096) T=128 done
llama8b 16x64 o_proj (4096x4096) T=512 done
llama8b 16x64 o_proj (4096x4096) T=2048 done
llama8b 16x64 o_proj (4096x4096) T=8192 done
llama8b 16x64 gate_proj (14336x4096) T=128 done
llama8b 16x64 gate_proj (14336x4096) T=512 done
llama8b 16x64 gate_proj (14336x4096) T=2048 done
llama8b 16x64 gate_proj (14336x4096) T=8192 done
llama8b 16x64 up_proj (14336x4096) T=128 done
llama8b 16x64 up_proj (14336x4096) T=512 done
llama8b 16x64 up_proj (14336x4096) T=2048 done
llama8b 16x64 up_proj (14336x4096) T=8192 done
llama8b 16x64 down_proj (4096x14336) T=128 done
llama8b 16x64 down_proj (4096x14336) T=512 done
llama8b 16x64 down_proj (4096x14336) T=2048 done
llama8b 16x64 down_proj (4096x14336) T=8192 done
