2026-09-29T19:29:35+00:00 D llama8b round 1 order bf16,ours-8x64,nvfp4-wB,fo6,nvfp4,fo6-wB,ours-16x64 (seed 20260930)
2026-09-29T19:29:35+00:00 START D_llama8b_bf16_r1 /home/dev/.conda/envs/n16k64/bin/python /home/dev/NVFP4-RaZeR/experiments/paper_extra/bench_decode.py --model llama8b --label bf16 --round 1 --settings 1x512,4x512,16x512,1x2048,4x2048,16x2048 --out /home/dev/n16k64_campaign/paper_extra/D/decode/llama8b/bf16/round1.json
2026-09-29T19:30:19+00:00 END D_llama8b_bf16_r1 rc=0
2026-09-29T19:30:19+00:00 START D_llama8b_ours-8x64_r1 /home/dev/.conda/envs/n16k64/bin/python /home/dev/NVFP4-RaZeR/experiments/paper_extra/bench_decode.py --model llama8b --label ours-8x64 --round 1 --settings 1x512,4x512,16x512,1x2048,4x2048,16x2048 --out /home/dev/n16k64_campaign/paper_extra/D/decode/llama8b/ours-8x64/round1.json --artifact /home/dev/n16k64_campaign/paper/artifacts/llama8b_tc_8x64 --kernel n8k64_wB
2026-09-29T19:31:02+00:00 END D_llama8b_ours-8x64_r1 rc=0
2026-09-29T19:31:02+00:00 START D_llama8b_nvfp4-wB_r1 /home/dev/.conda/envs/n16k64/bin/python /home/dev/NVFP4-RaZeR/experiments/paper_extra/bench_decode.py --model llama8b --label nvfp4-wB --round 1 --settings 1x512,4x512,16x512,1x2048,4x2048,16x2048 --out /home/dev/n16k64_campaign/paper_extra/D/decode/llama8b/nvfp4-wB/round1.json --artifact /home/dev/n16k64_campaign/paper/artifacts/llama8b_nvfp4 --kernel stock_wB
2026-09-29T19:31:43+00:00 END D_llama8b_nvfp4-wB_r1 rc=0
2026-09-29T19:31:43+00:00 START D_llama8b_fo6_r1 /home/dev/.conda/envs/n16k64/bin/python /home/dev/NVFP4-RaZeR/experiments/paper_extra/bench_decode.py --model llama8b --label fo6 --round 1 --settings 1x512,4x512,16x512,1x2048,4x2048,16x2048 --out /home/dev/n16k64_campaign/paper_extra/D/decode/llama8b/fo6/round1.json --artifact /home/dev/n16k64_campaign/paper/artifacts/llama8b_fo6 --kernel auto_stock
2026-09-29T19:32:25+00:00 END D_llama8b_fo6_r1 rc=0
2026-09-29T19:32:25+00:00 START D_llama8b_nvfp4_r1 /home/dev/.conda/envs/n16k64/bin/python /home/dev/NVFP4-RaZeR/experiments/paper_extra/bench_decode.py --model llama8b --label nvfp4 --round 1 --settings 1x512,4x512,16x512,1x2048,4x2048,16x2048 --out /home/dev/n16k64_campaign/paper_extra/D/decode/llama8b/nvfp4/round1.json --artifact /home/dev/n16k64_campaign/paper/artifacts/llama8b_nvfp4 --kernel auto_stock
2026-09-29T19:33:05+00:00 END D_llama8b_nvfp4_r1 rc=0
2026-09-29T19:33:05+00:00 START D_llama8b_fo6-wB_r1 /home/dev/.conda/envs/n16k64/bin/python /home/dev/NVFP4-RaZeR/experiments/paper_extra/bench_decode.py --model llama8b --label fo6-wB --round 1 --settings 1x512,4x512,16x512,1x2048,4x2048,16x2048 --out /home/dev/n16k64_campaign/paper_extra/D/decode/llama8b/fo6-wB/round1.json --artifact /home/dev/n16k64_campaign/paper/artifacts/llama8b_fo6 --kernel stock_wB
2026-09-29T19:33:48+00:00 END D_llama8b_fo6-wB_r1 rc=0
2026-09-29T19:33:48+00:00 START D_llama8b_ours-16x64_r1 /home/dev/.conda/envs/n16k64/bin/python /home/dev/NVFP4-RaZeR/experiments/paper_extra/bench_decode.py --model llama8b --label ours-16x64 --round 1 --settings 1x512,4x512,16x512,1x2048,4x2048,16x2048 --out /home/dev/n16k64_campaign/paper_extra/D/decode/llama8b/ours-16x64/round1.json --artifact /home/dev/n16k64_campaign/paper/artifacts/llama8b_tc_16x64 --kernel auto
2026-09-29T19:34:30+00:00 END D_llama8b_ours-16x64_r1 rc=0
2026-09-29T19:34:30+00:00 D llama8b round 2 order nvfp4-wB,ours-8x64,ours-16x64,bf16,fo6,fo6-wB,nvfp4 (seed 20260931)
2026-09-29T19:34:30+00:00 START D_llama8b_nvfp4-wB_r2 /home/dev/.conda/envs/n16k64/bin/python /home/dev/NVFP4-RaZeR/experiments/paper_extra/bench_decode.py --model llama8b --label nvfp4-wB --round 2 --settings 1x512,4x512,16x512,1x2048,4x2048,16x2048 --out /home/dev/n16k64_campaign/paper_extra/D/decode/llama8b/nvfp4-wB/round2.json --artifact /home/dev/n16k64_campaign/paper/artifacts/llama8b_nvfp4 --kernel stock_wB
2026-09-29T19:35:11+00:00 END D_llama8b_nvfp4-wB_r2 rc=0
2026-09-29T19:35:11+00:00 START D_llama8b_ours-8x64_r2 /home/dev/.conda/envs/n16k64/bin/python /home/dev/NVFP4-RaZeR/experiments/paper_extra/bench_decode.py --model llama8b --label ours-8x64 --round 2 --settings 1x512,4x512,16x512,1x2048,4x2048,16x2048 --out /home/dev/n16k64_campaign/paper_extra/D/decode/llama8b/ours-8x64/round2.json --artifact /home/dev/n16k64_campaign/paper/artifacts/llama8b_tc_8x64 --kernel n8k64_wB
2026-09-29T19:35:54+00:00 END D_llama8b_ours-8x64_r2 rc=0
2026-09-29T19:35:54+00:00 START D_llama8b_ours-16x64_r2 /home/dev/.conda/envs/n16k64/bin/python /home/dev/NVFP4-RaZeR/experiments/paper_extra/bench_decode.py --model llama8b --label ours-16x64 --round 2 --settings 1x512,4x512,16x512,1x2048,4x2048,16x2048 --out /home/dev/n16k64_campaign/paper_extra/D/decode/llama8b/ours-16x64/round2.json --artifact /home/dev/n16k64_campaign/paper/artifacts/llama8b_tc_16x64 --kernel auto
2026-09-29T19:36:35+00:00 END D_llama8b_ours-16x64_r2 rc=0
2026-09-29T19:36:35+00:00 START D_llama8b_bf16_r2 /home/dev/.conda/envs/n16k64/bin/python /home/dev/NVFP4-RaZeR/experiments/paper_extra/bench_decode.py --model llama8b --label bf16 --round 2 --settings 1x512,4x512,16x512,1x2048,4x2048,16x2048 --out /home/dev/n16k64_campaign/paper_extra/D/decode/llama8b/bf16/round2.json
2026-09-29T19:37:21+00:00 END D_llama8b_bf16_r2 rc=0
2026-09-29T19:37:21+00:00 START D_llama8b_fo6_r2 /home/dev/.conda/envs/n16k64/bin/python /home/dev/NVFP4-RaZeR/experiments/paper_extra/bench_decode.py --model llama8b --label fo6 --round 2 --settings 1x512,4x512,16x512,1x2048,4x2048,16x2048 --out /home/dev/n16k64_campaign/paper_extra/D/decode/llama8b/fo6/round2.json --artifact /home/dev/n16k64_campaign/paper/artifacts/llama8b_fo6 --kernel auto_stock
2026-09-29T19:38:01+00:00 END D_llama8b_fo6_r2 rc=0
2026-09-29T19:38:01+00:00 START D_llama8b_fo6-wB_r2 /home/dev/.conda/envs/n16k64/bin/python /home/dev/NVFP4-RaZeR/experiments/paper_extra/bench_decode.py --model llama8b --label fo6-wB --round 2 --settings 1x512,4x512,16x512,1x2048,4x2048,16x2048 --out /home/dev/n16k64_campaign/paper_extra/D/decode/llama8b/fo6-wB/round2.json --artifact /home/dev/n16k64_campaign/paper/artifacts/llama8b_fo6 --kernel stock_wB
2026-09-29T19:38:43+00:00 END D_llama8b_fo6-wB_r2 rc=0
2026-09-29T19:38:43+00:00 START D_llama8b_nvfp4_r2 /home/dev/.conda/envs/n16k64/bin/python /home/dev/NVFP4-RaZeR/experiments/paper_extra/bench_decode.py --model llama8b --label nvfp4 --round 2 --settings 1x512,4x512,16x512,1x2048,4x2048,16x2048 --out /home/dev/n16k64_campaign/paper_extra/D/decode/llama8b/nvfp4/round2.json --artifact /home/dev/n16k64_campaign/paper/artifacts/llama8b_nvfp4 --kernel auto_stock
2026-09-29T19:39:23+00:00 END D_llama8b_nvfp4_r2 rc=0
2026-09-29T19:39:23+00:00 D llama8b round 3 order ours-8x64,nvfp4-wB,nvfp4,fo6-wB,bf16,ours-16x64,fo6 (seed 20260932)
2026-09-29T19:39:23+00:00 START D_llama8b_ours-8x64_r3 /home/dev/.conda/envs/n16k64/bin/python /home/dev/NVFP4-RaZeR/experiments/paper_extra/bench_decode.py --model llama8b --label ours-8x64 --round 3 --settings 1x512,4x512,16x512,1x2048,4x2048,16x2048 --out /home/dev/n16k64_campaign/paper_extra/D/decode/llama8b/ours-8x64/round3.json --artifact /home/dev/n16k64_campaign/paper/artifacts/llama8b_tc_8x64 --kernel n8k64_wB
2026-09-29T19:40:05+00:00 END D_llama8b_ours-8x64_r3 rc=0
2026-09-29T19:40:05+00:00 START D_llama8b_nvfp4-wB_r3 /home/dev/.conda/envs/n16k64/bin/python /home/dev/NVFP4-RaZeR/experiments/paper_extra/bench_decode.py --model llama8b --label nvfp4-wB --round 3 --settings 1x512,4x512,16x512,1x2048,4x2048,16x2048 --out /home/dev/n16k64_campaign/paper_extra/D/decode/llama8b/nvfp4-wB/round3.json --artifact /home/dev/n16k64_campaign/paper/artifacts/llama8b_nvfp4 --kernel stock_wB
2026-09-29T19:40:47+00:00 END D_llama8b_nvfp4-wB_r3 rc=0
2026-09-29T19:40:47+00:00 START D_llama8b_nvfp4_r3 /home/dev/.conda/envs/n16k64/bin/python /home/dev/NVFP4-RaZeR/experiments/paper_extra/bench_decode.py --model llama8b --label nvfp4 --round 3 --settings 1x512,4x512,16x512,1x2048,4x2048,16x2048 --out /home/dev/n16k64_campaign/paper_extra/D/decode/llama8b/nvfp4/round3.json --artifact /home/dev/n16k64_campaign/paper/artifacts/llama8b_nvfp4 --kernel auto_stock
2026-09-29T19:41:27+00:00 END D_llama8b_nvfp4_r3 rc=0
2026-09-29T19:41:27+00:00 START D_llama8b_fo6-wB_r3 /home/dev/.conda/envs/n16k64/bin/python /home/dev/NVFP4-RaZeR/experiments/paper_extra/bench_decode.py --model llama8b --label fo6-wB --round 3 --settings 1x512,4x512,16x512,1x2048,4x2048,16x2048 --out /home/dev/n16k64_campaign/paper_extra/D/decode/llama8b/fo6-wB/round3.json --artifact /home/dev/n16k64_campaign/paper/artifacts/llama8b_fo6 --kernel stock_wB
2026-09-29T19:42:08+00:00 END D_llama8b_fo6-wB_r3 rc=0
2026-09-29T19:42:08+00:00 START D_llama8b_bf16_r3 /home/dev/.conda/envs/n16k64/bin/python /home/dev/NVFP4-RaZeR/experiments/paper_extra/bench_decode.py --model llama8b --label bf16 --round 3 --settings 1x512,4x512,16x512,1x2048,4x2048,16x2048 --out /home/dev/n16k64_campaign/paper_extra/D/decode/llama8b/bf16/round3.json
2026-09-29T19:42:53+00:00 END D_llama8b_bf16_r3 rc=0
2026-09-29T19:42:53+00:00 START D_llama8b_ours-16x64_r3 /home/dev/.conda/envs/n16k64/bin/python /home/dev/NVFP4-RaZeR/experiments/paper_extra/bench_decode.py --model llama8b --label ours-16x64 --round 3 --settings 1x512,4x512,16x512,1x2048,4x2048,16x2048 --out /home/dev/n16k64_campaign/paper_extra/D/decode/llama8b/ours-16x64/round3.json --artifact /home/dev/n16k64_campaign/paper/artifacts/llama8b_tc_16x64 --kernel auto
2026-09-29T19:43:33+00:00 END D_llama8b_ours-16x64_r3 rc=0
2026-09-29T19:43:33+00:00 START D_llama8b_fo6_r3 /home/dev/.conda/envs/n16k64/bin/python /home/dev/NVFP4-RaZeR/experiments/paper_extra/bench_decode.py --model llama8b --label fo6 --round 3 --settings 1x512,4x512,16x512,1x2048,4x2048,16x2048 --out /home/dev/n16k64_campaign/paper_extra/D/decode/llama8b/fo6/round3.json --artifact /home/dev/n16k64_campaign/paper/artifacts/llama8b_fo6 --kernel auto_stock
2026-09-29T19:44:14+00:00 END D_llama8b_fo6_r3 rc=0
2026-09-29T19:44:14+00:00 D llama8b round 4 order ours-16x64,nvfp4,fo6-wB,ours-8x64,nvfp4-wB,fo6,bf16 (seed 20260933)
2026-09-29T19:44:14+00:00 START D_llama8b_ours-16x64_r4 /home/dev/.conda/envs/n16k64/bin/python /home/dev/NVFP4-RaZeR/experiments/paper_extra/bench_decode.py --model llama8b --label ours-16x64 --round 4 --settings 1x512,4x512,16x512,1x2048,4x2048,16x2048 --out /home/dev/n16k64_campaign/paper_extra/D/decode/llama8b/ours-16x64/round4.json --artifact /home/dev/n16k64_campaign/paper/artifacts/llama8b_tc_16x64 --kernel auto
2026-09-29T19:44:55+00:00 END D_llama8b_ours-16x64_r4 rc=0
2026-09-29T19:44:55+00:00 START D_llama8b_nvfp4_r4 /home/dev/.conda/envs/n16k64/bin/python /home/dev/NVFP4-RaZeR/experiments/paper_extra/bench_decode.py --model llama8b --label nvfp4 --round 4 --settings 1x512,4x512,16x512,1x2048,4x2048,16x2048 --out /home/dev/n16k64_campaign/paper_extra/D/decode/llama8b/nvfp4/round4.json --artifact /home/dev/n16k64_campaign/paper/artifacts/llama8b_nvfp4 --kernel auto_stock
2026-09-29T19:45:35+00:00 END D_llama8b_nvfp4_r4 rc=0
2026-09-29T19:45:35+00:00 START D_llama8b_fo6-wB_r4 /home/dev/.conda/envs/n16k64/bin/python /home/dev/NVFP4-RaZeR/experiments/paper_extra/bench_decode.py --model llama8b --label fo6-wB --round 4 --settings 1x512,4x512,16x512,1x2048,4x2048,16x2048 --out /home/dev/n16k64_campaign/paper_extra/D/decode/llama8b/fo6-wB/round4.json --artifact /home/dev/n16k64_campaign/paper/artifacts/llama8b_fo6 --kernel stock_wB
2026-09-29T19:46:17+00:00 END D_llama8b_fo6-wB_r4 rc=0
2026-09-29T19:46:17+00:00 START D_llama8b_ours-8x64_r4 /home/dev/.conda/envs/n16k64/bin/python /home/dev/NVFP4-RaZeR/experiments/paper_extra/bench_decode.py --model llama8b --label ours-8x64 --round 4 --settings 1x512,4x512,16x512,1x2048,4x2048,16x2048 --out /home/dev/n16k64_campaign/paper_extra/D/decode/llama8b/ours-8x64/round4.json --artifact /home/dev/n16k64_campaign/paper/artifacts/llama8b_tc_8x64 --kernel n8k64_wB
2026-09-29T19:47:00+00:00 END D_llama8b_ours-8x64_r4 rc=0
2026-09-29T19:47:00+00:00 START D_llama8b_nvfp4-wB_r4 /home/dev/.conda/envs/n16k64/bin/python /home/dev/NVFP4-RaZeR/experiments/paper_extra/bench_decode.py --model llama8b --label nvfp4-wB --round 4 --settings 1x512,4x512,16x512,1x2048,4x2048,16x2048 --out /home/dev/n16k64_campaign/paper_extra/D/decode/llama8b/nvfp4-wB/round4.json --artifact /home/dev/n16k64_campaign/paper/artifacts/llama8b_nvfp4 --kernel stock_wB
2026-09-29T19:47:41+00:00 END D_llama8b_nvfp4-wB_r4 rc=0
2026-09-29T19:47:41+00:00 START D_llama8b_fo6_r4 /home/dev/.conda/envs/n16k64/bin/python /home/dev/NVFP4-RaZeR/experiments/paper_extra/bench_decode.py --model llama8b --label fo6 --round 4 --settings 1x512,4x512,16x512,1x2048,4x2048,16x2048 --out /home/dev/n16k64_campaign/paper_extra/D/decode/llama8b/fo6/round4.json --artifact /home/dev/n16k64_campaign/paper/artifacts/llama8b_fo6 --kernel auto_stock
2026-09-29T19:48:21+00:00 END D_llama8b_fo6_r4 rc=0
2026-09-29T19:48:21+00:00 START D_llama8b_bf16_r4 /home/dev/.conda/envs/n16k64/bin/python /home/dev/NVFP4-RaZeR/experiments/paper_extra/bench_decode.py --model llama8b --label bf16 --round 4 --settings 1x512,4x512,16x512,1x2048,4x2048,16x2048 --out /home/dev/n16k64_campaign/paper_extra/D/decode/llama8b/bf16/round4.json
2026-09-29T19:49:06+00:00 END D_llama8b_bf16_r4 rc=0
2026-09-29T19:49:06+00:00 D llama8b round 5 order nvfp4-wB,ours-8x64,ours-16x64,fo6,fo6-wB,nvfp4,bf16 (seed 20260934)
2026-09-29T19:49:06+00:00 START D_llama8b_nvfp4-wB_r5 /home/dev/.conda/envs/n16k64/bin/python /home/dev/NVFP4-RaZeR/experiments/paper_extra/bench_decode.py --model llama8b --label nvfp4-wB --round 5 --settings 1x512,4x512,16x512,1x2048,4x2048,16x2048 --out /home/dev/n16k64_campaign/paper_extra/D/decode/llama8b/nvfp4-wB/round5.json --artifact /home/dev/n16k64_campaign/paper/artifacts/llama8b_nvfp4 --kernel stock_wB
2026-09-29T19:49:48+00:00 END D_llama8b_nvfp4-wB_r5 rc=0
2026-09-29T19:49:48+00:00 START D_llama8b_ours-8x64_r5 /home/dev/.conda/envs/n16k64/bin/python /home/dev/NVFP4-RaZeR/experiments/paper_extra/bench_decode.py --model llama8b --label ours-8x64 --round 5 --settings 1x512,4x512,16x512,1x2048,4x2048,16x2048 --out /home/dev/n16k64_campaign/paper_extra/D/decode/llama8b/ours-8x64/round5.json --artifact /home/dev/n16k64_campaign/paper/artifacts/llama8b_tc_8x64 --kernel n8k64_wB
2026-09-29T19:50:30+00:00 END D_llama8b_ours-8x64_r5 rc=0
2026-09-29T19:50:30+00:00 START D_llama8b_ours-16x64_r5 /home/dev/.conda/envs/n16k64/bin/python /home/dev/NVFP4-RaZeR/experiments/paper_extra/bench_decode.py --model llama8b --label ours-16x64 --round 5 --settings 1x512,4x512,16x512,1x2048,4x2048,16x2048 --out /home/dev/n16k64_campaign/paper_extra/D/decode/llama8b/ours-16x64/round5.json --artifact /home/dev/n16k64_campaign/paper/artifacts/llama8b_tc_16x64 --kernel auto
2026-09-29T19:51:12+00:00 END D_llama8b_ours-16x64_r5 rc=0
2026-09-29T19:51:12+00:00 START D_llama8b_fo6_r5 /home/dev/.conda/envs/n16k64/bin/python /home/dev/NVFP4-RaZeR/experiments/paper_extra/bench_decode.py --model llama8b --label fo6 --round 5 --settings 1x512,4x512,16x512,1x2048,4x2048,16x2048 --out /home/dev/n16k64_campaign/paper_extra/D/decode/llama8b/fo6/round5.json --artifact /home/dev/n16k64_campaign/paper/artifacts/llama8b_fo6 --kernel auto_stock
2026-09-29T19:51:53+00:00 END D_llama8b_fo6_r5 rc=0
2026-09-29T19:51:53+00:00 START D_llama8b_fo6-wB_r5 /home/dev/.conda/envs/n16k64/bin/python /home/dev/NVFP4-RaZeR/experiments/paper_extra/bench_decode.py --model llama8b --label fo6-wB --round 5 --settings 1x512,4x512,16x512,1x2048,4x2048,16x2048 --out /home/dev/n16k64_campaign/paper_extra/D/decode/llama8b/fo6-wB/round5.json --artifact /home/dev/n16k64_campaign/paper/artifacts/llama8b_fo6 --kernel stock_wB
2026-09-29T19:52:35+00:00 END D_llama8b_fo6-wB_r5 rc=0
2026-09-29T19:52:35+00:00 START D_llama8b_nvfp4_r5 /home/dev/.conda/envs/n16k64/bin/python /home/dev/NVFP4-RaZeR/experiments/paper_extra/bench_decode.py --model llama8b --label nvfp4 --round 5 --settings 1x512,4x512,16x512,1x2048,4x2048,16x2048 --out /home/dev/n16k64_campaign/paper_extra/D/decode/llama8b/nvfp4/round5.json --artifact /home/dev/n16k64_campaign/paper/artifacts/llama8b_nvfp4 --kernel auto_stock
2026-09-29T19:53:15+00:00 END D_llama8b_nvfp4_r5 rc=0
2026-09-29T19:53:15+00:00 START D_llama8b_bf16_r5 /home/dev/.conda/envs/n16k64/bin/python /home/dev/NVFP4-RaZeR/experiments/paper_extra/bench_decode.py --model llama8b --label bf16 --round 5 --settings 1x512,4x512,16x512,1x2048,4x2048,16x2048 --out /home/dev/n16k64_campaign/paper_extra/D/decode/llama8b/bf16/round5.json
2026-09-29T19:53:59+00:00 END D_llama8b_bf16_r5 rc=0
2026-09-29T19:53:59+00:00 D mistral7b round 1 order bf16,ours-8x64,nvfp4-wB,fo6,nvfp4,fo6-wB,ours-16x64 (seed 20260930)
2026-09-29T19:53:59+00:00 START D_mistral7b_bf16_r1 /home/dev/.conda/envs/n16k64/bin/python /home/dev/NVFP4-RaZeR/experiments/paper_extra/bench_decode.py --model mistral7b --label bf16 --round 1 --settings 1x512,4x512,16x512,1x2048,4x2048,16x2048 --out /home/dev/n16k64_campaign/paper_extra/D/decode/mistral7b/bf16/round1.json
2026-09-29T19:54:54+00:00 END D_mistral7b_bf16_r1 rc=0
2026-09-29T19:54:54+00:00 START D_mistral7b_ours-8x64_r1 /home/dev/.conda/envs/n16k64/bin/python /home/dev/NVFP4-RaZeR/experiments/paper_extra/bench_decode.py --model mistral7b --label ours-8x64 --round 1 --settings 1x512,4x512,16x512,1x2048,4x2048,16x2048 --out /home/dev/n16k64_campaign/paper_extra/D/decode/mistral7b/ours-8x64/round1.json --artifact /home/dev/n16k64_campaign/paper/artifacts/mistral7b_tc_8x64 --kernel n8k64_wB
2026-09-29T19:55:35+00:00 END D_mistral7b_ours-8x64_r1 rc=0
2026-09-29T19:55:35+00:00 START D_mistral7b_nvfp4-wB_r1 /home/dev/.conda/envs/n16k64/bin/python /home/dev/NVFP4-RaZeR/experiments/paper_extra/bench_decode.py --model mistral7b --label nvfp4-wB --round 1 --settings 1x512,4x512,16x512,1x2048,4x2048,16x2048 --out /home/dev/n16k64_campaign/paper_extra/D/decode/mistral7b/nvfp4-wB/round1.json --artifact /home/dev/n16k64_campaign/paper/artifacts/mistral7b_nvfp4 --kernel stock_wB
2026-09-29T19:56:16+00:00 END D_mistral7b_nvfp4-wB_r1 rc=0
2026-09-29T19:56:16+00:00 START D_mistral7b_fo6_r1 /home/dev/.conda/envs/n16k64/bin/python /home/dev/NVFP4-RaZeR/experiments/paper_extra/bench_decode.py --model mistral7b --label fo6 --round 1 --settings 1x512,4x512,16x512,1x2048,4x2048,16x2048 --out /home/dev/n16k64_campaign/paper_extra/D/decode/mistral7b/fo6/round1.json --artifact /home/dev/n16k64_campaign/paper/artifacts/mistral7b_fo6 --kernel auto_stock
2026-09-29T19:56:56+00:00 END D_mistral7b_fo6_r1 rc=0
2026-09-29T19:56:56+00:00 START D_mistral7b_nvfp4_r1 /home/dev/.conda/envs/n16k64/bin/python /home/dev/NVFP4-RaZeR/experiments/paper_extra/bench_decode.py --model mistral7b --label nvfp4 --round 1 --settings 1x512,4x512,16x512,1x2048,4x2048,16x2048 --out /home/dev/n16k64_campaign/paper_extra/D/decode/mistral7b/nvfp4/round1.json --artifact /home/dev/n16k64_campaign/paper/artifacts/mistral7b_nvfp4 --kernel auto_stock
2026-09-29T19:57:37+00:00 END D_mistral7b_nvfp4_r1 rc=0
2026-09-29T19:57:37+00:00 START D_mistral7b_fo6-wB_r1 /home/dev/.conda/envs/n16k64/bin/python /home/dev/NVFP4-RaZeR/experiments/paper_extra/bench_decode.py --model mistral7b --label fo6-wB --round 1 --settings 1x512,4x512,16x512,1x2048,4x2048,16x2048 --out /home/dev/n16k64_campaign/paper_extra/D/decode/mistral7b/fo6-wB/round1.json --artifact /home/dev/n16k64_campaign/paper/artifacts/mistral7b_fo6 --kernel stock_wB
2026-09-29T19:58:17+00:00 END D_mistral7b_fo6-wB_r1 rc=0
2026-09-29T19:58:17+00:00 START D_mistral7b_ours-16x64_r1 /home/dev/.conda/envs/n16k64/bin/python /home/dev/NVFP4-RaZeR/experiments/paper_extra/bench_decode.py --model mistral7b --label ours-16x64 --round 1 --settings 1x512,4x512,16x512,1x2048,4x2048,16x2048 --out /home/dev/n16k64_campaign/paper_extra/D/decode/mistral7b/ours-16x64/round1.json --artifact /home/dev/n16k64_campaign/paper/artifacts/mistral7b_tc_16x64 --kernel auto
2026-09-29T19:58:57+00:00 END D_mistral7b_ours-16x64_r1 rc=0
2026-09-29T19:58:57+00:00 D mistral7b round 2 order nvfp4-wB,ours-8x64,ours-16x64,bf16,fo6,fo6-wB,nvfp4 (seed 20260931)
2026-09-29T19:58:57+00:00 START D_mistral7b_nvfp4-wB_r2 /home/dev/.conda/envs/n16k64/bin/python /home/dev/NVFP4-RaZeR/experiments/paper_extra/bench_decode.py --model mistral7b --label nvfp4-wB --round 2 --settings 1x512,4x512,16x512,1x2048,4x2048,16x2048 --out /home/dev/n16k64_campaign/paper_extra/D/decode/mistral7b/nvfp4-wB/round2.json --artifact /home/dev/n16k64_campaign/paper/artifacts/mistral7b_nvfp4 --kernel stock_wB
2026-09-29T19:59:37+00:00 END D_mistral7b_nvfp4-wB_r2 rc=0
2026-09-29T19:59:37+00:00 START D_mistral7b_ours-8x64_r2 /home/dev/.conda/envs/n16k64/bin/python /home/dev/NVFP4-RaZeR/experiments/paper_extra/bench_decode.py --model mistral7b --label ours-8x64 --round 2 --settings 1x512,4x512,16x512,1x2048,4x2048,16x2048 --out /home/dev/n16k64_campaign/paper_extra/D/decode/mistral7b/ours-8x64/round2.json --artifact /home/dev/n16k64_campaign/paper/artifacts/mistral7b_tc_8x64 --kernel n8k64_wB
2026-09-29T20:00:18+00:00 END D_mistral7b_ours-8x64_r2 rc=0
2026-09-29T20:00:18+00:00 START D_mistral7b_ours-16x64_r2 /home/dev/.conda/envs/n16k64/bin/python /home/dev/NVFP4-RaZeR/experiments/paper_extra/bench_decode.py --model mistral7b --label ours-16x64 --round 2 --settings 1x512,4x512,16x512,1x2048,4x2048,16x2048 --out /home/dev/n16k64_campaign/paper_extra/D/decode/mistral7b/ours-16x64/round2.json --artifact /home/dev/n16k64_campaign/paper/artifacts/mistral7b_tc_16x64 --kernel auto
2026-09-29T20:00:58+00:00 END D_mistral7b_ours-16x64_r2 rc=0
2026-09-29T20:00:58+00:00 START D_mistral7b_bf16_r2 /home/dev/.conda/envs/n16k64/bin/python /home/dev/NVFP4-RaZeR/experiments/paper_extra/bench_decode.py --model mistral7b --label bf16 --round 2 --settings 1x512,4x512,16x512,1x2048,4x2048,16x2048 --out /home/dev/n16k64_campaign/paper_extra/D/decode/mistral7b/bf16/round2.json
2026-09-29T20:01:41+00:00 END D_mistral7b_bf16_r2 rc=0
2026-09-29T20:01:41+00:00 START D_mistral7b_fo6_r2 /home/dev/.conda/envs/n16k64/bin/python /home/dev/NVFP4-RaZeR/experiments/paper_extra/bench_decode.py --model mistral7b --label fo6 --round 2 --settings 1x512,4x512,16x512,1x2048,4x2048,16x2048 --out /home/dev/n16k64_campaign/paper_extra/D/decode/mistral7b/fo6/round2.json --artifact /home/dev/n16k64_campaign/paper/artifacts/mistral7b_fo6 --kernel auto_stock
2026-09-29T20:02:21+00:00 END D_mistral7b_fo6_r2 rc=0
2026-09-29T20:02:21+00:00 START D_mistral7b_fo6-wB_r2 /home/dev/.conda/envs/n16k64/bin/python /home/dev/NVFP4-RaZeR/experiments/paper_extra/bench_decode.py --model mistral7b --label fo6-wB --round 2 --settings 1x512,4x512,16x512,1x2048,4x2048,16x2048 --out /home/dev/n16k64_campaign/paper_extra/D/decode/mistral7b/fo6-wB/round2.json --artifact /home/dev/n16k64_campaign/paper/artifacts/mistral7b_fo6 --kernel stock_wB
2026-09-29T20:03:02+00:00 END D_mistral7b_fo6-wB_r2 rc=0
2026-09-29T20:03:02+00:00 START D_mistral7b_nvfp4_r2 /home/dev/.conda/envs/n16k64/bin/python /home/dev/NVFP4-RaZeR/experiments/paper_extra/bench_decode.py --model mistral7b --label nvfp4 --round 2 --settings 1x512,4x512,16x512,1x2048,4x2048,16x2048 --out /home/dev/n16k64_campaign/paper_extra/D/decode/mistral7b/nvfp4/round2.json --artifact /home/dev/n16k64_campaign/paper/artifacts/mistral7b_nvfp4 --kernel auto_stock
2026-09-29T20:03:42+00:00 END D_mistral7b_nvfp4_r2 rc=0
2026-09-29T20:03:42+00:00 D mistral7b round 3 order ours-8x64,nvfp4-wB,nvfp4,fo6-wB,bf16,ours-16x64,fo6 (seed 20260932)
2026-09-29T20:03:42+00:00 START D_mistral7b_ours-8x64_r3 /home/dev/.conda/envs/n16k64/bin/python /home/dev/NVFP4-RaZeR/experiments/paper_extra/bench_decode.py --model mistral7b --label ours-8x64 --round 3 --settings 1x512,4x512,16x512,1x2048,4x2048,16x2048 --out /home/dev/n16k64_campaign/paper_extra/D/decode/mistral7b/ours-8x64/round3.json --artifact /home/dev/n16k64_campaign/paper/artifacts/mistral7b_tc_8x64 --kernel n8k64_wB
2026-09-29T20:04:23+00:00 END D_mistral7b_ours-8x64_r3 rc=0
2026-09-29T20:04:23+00:00 START D_mistral7b_nvfp4-wB_r3 /home/dev/.conda/envs/n16k64/bin/python /home/dev/NVFP4-RaZeR/experiments/paper_extra/bench_decode.py --model mistral7b --label nvfp4-wB --round 3 --settings 1x512,4x512,16x512,1x2048,4x2048,16x2048 --out /home/dev/n16k64_campaign/paper_extra/D/decode/mistral7b/nvfp4-wB/round3.json --artifact /home/dev/n16k64_campaign/paper/artifacts/mistral7b_nvfp4 --kernel stock_wB
2026-09-29T20:05:04+00:00 END D_mistral7b_nvfp4-wB_r3 rc=0
2026-09-29T20:05:04+00:00 START D_mistral7b_nvfp4_r3 /home/dev/.conda/envs/n16k64/bin/python /home/dev/NVFP4-RaZeR/experiments/paper_extra/bench_decode.py --model mistral7b --label nvfp4 --round 3 --settings 1x512,4x512,16x512,1x2048,4x2048,16x2048 --out /home/dev/n16k64_campaign/paper_extra/D/decode/mistral7b/nvfp4/round3.json --artifact /home/dev/n16k64_campaign/paper/artifacts/mistral7b_nvfp4 --kernel auto_stock
2026-09-29T20:05:43+00:00 END D_mistral7b_nvfp4_r3 rc=0
2026-09-29T20:05:43+00:00 START D_mistral7b_fo6-wB_r3 /home/dev/.conda/envs/n16k64/bin/python /home/dev/NVFP4-RaZeR/experiments/paper_extra/bench_decode.py --model mistral7b --label fo6-wB --round 3 --settings 1x512,4x512,16x512,1x2048,4x2048,16x2048 --out /home/dev/n16k64_campaign/paper_extra/D/decode/mistral7b/fo6-wB/round3.json --artifact /home/dev/n16k64_campaign/paper/artifacts/mistral7b_fo6 --kernel stock_wB
2026-09-29T20:06:23+00:00 END D_mistral7b_fo6-wB_r3 rc=0
2026-09-29T20:06:23+00:00 START D_mistral7b_bf16_r3 /home/dev/.conda/envs/n16k64/bin/python /home/dev/NVFP4-RaZeR/experiments/paper_extra/bench_decode.py --model mistral7b --label bf16 --round 3 --settings 1x512,4x512,16x512,1x2048,4x2048,16x2048 --out /home/dev/n16k64_campaign/paper_extra/D/decode/mistral7b/bf16/round3.json
2026-09-29T20:07:06+00:00 END D_mistral7b_bf16_r3 rc=0
2026-09-29T20:07:06+00:00 START D_mistral7b_ours-16x64_r3 /home/dev/.conda/envs/n16k64/bin/python /home/dev/NVFP4-RaZeR/experiments/paper_extra/bench_decode.py --model mistral7b --label ours-16x64 --round 3 --settings 1x512,4x512,16x512,1x2048,4x2048,16x2048 --out /home/dev/n16k64_campaign/paper_extra/D/decode/mistral7b/ours-16x64/round3.json --artifact /home/dev/n16k64_campaign/paper/artifacts/mistral7b_tc_16x64 --kernel auto
2026-09-29T20:07:46+00:00 END D_mistral7b_ours-16x64_r3 rc=0
2026-09-29T20:07:46+00:00 START D_mistral7b_fo6_r3 /home/dev/.conda/envs/n16k64/bin/python /home/dev/NVFP4-RaZeR/experiments/paper_extra/bench_decode.py --model mistral7b --label fo6 --round 3 --settings 1x512,4x512,16x512,1x2048,4x2048,16x2048 --out /home/dev/n16k64_campaign/paper_extra/D/decode/mistral7b/fo6/round3.json --artifact /home/dev/n16k64_campaign/paper/artifacts/mistral7b_fo6 --kernel auto_stock
2026-09-29T20:08:26+00:00 END D_mistral7b_fo6_r3 rc=0
2026-09-29T20:08:26+00:00 D mistral7b round 4 order ours-16x64,nvfp4,fo6-wB,ours-8x64,nvfp4-wB,fo6,bf16 (seed 20260933)
2026-09-29T20:08:26+00:00 START D_mistral7b_ours-16x64_r4 /home/dev/.conda/envs/n16k64/bin/python /home/dev/NVFP4-RaZeR/experiments/paper_extra/bench_decode.py --model mistral7b --label ours-16x64 --round 4 --settings 1x512,4x512,16x512,1x2048,4x2048,16x2048 --out /home/dev/n16k64_campaign/paper_extra/D/decode/mistral7b/ours-16x64/round4.json --artifact /home/dev/n16k64_campaign/paper/artifacts/mistral7b_tc_16x64 --kernel auto
2026-09-29T20:09:06+00:00 END D_mistral7b_ours-16x64_r4 rc=0
2026-09-29T20:09:06+00:00 START D_mistral7b_nvfp4_r4 /home/dev/.conda/envs/n16k64/bin/python /home/dev/NVFP4-RaZeR/experiments/paper_extra/bench_decode.py --model mistral7b --label nvfp4 --round 4 --settings 1x512,4x512,16x512,1x2048,4x2048,16x2048 --out /home/dev/n16k64_campaign/paper_extra/D/decode/mistral7b/nvfp4/round4.json --artifact /home/dev/n16k64_campaign/paper/artifacts/mistral7b_nvfp4 --kernel auto_stock
2026-09-29T20:09:46+00:00 END D_mistral7b_nvfp4_r4 rc=0
2026-09-29T20:09:46+00:00 START D_mistral7b_fo6-wB_r4 /home/dev/.conda/envs/n16k64/bin/python /home/dev/NVFP4-RaZeR/experiments/paper_extra/bench_decode.py --model mistral7b --label fo6-wB --round 4 --settings 1x512,4x512,16x512,1x2048,4x2048,16x2048 --out /home/dev/n16k64_campaign/paper_extra/D/decode/mistral7b/fo6-wB/round4.json --artifact /home/dev/n16k64_campaign/paper/artifacts/mistral7b_fo6 --kernel stock_wB
2026-09-29T20:10:27+00:00 END D_mistral7b_fo6-wB_r4 rc=0
2026-09-29T20:10:27+00:00 START D_mistral7b_ours-8x64_r4 /home/dev/.conda/envs/n16k64/bin/python /home/dev/NVFP4-RaZeR/experiments/paper_extra/bench_decode.py --model mistral7b --label ours-8x64 --round 4 --settings 1x512,4x512,16x512,1x2048,4x2048,16x2048 --out /home/dev/n16k64_campaign/paper_extra/D/decode/mistral7b/ours-8x64/round4.json --artifact /home/dev/n16k64_campaign/paper/artifacts/mistral7b_tc_8x64 --kernel n8k64_wB
2026-09-29T20:11:08+00:00 END D_mistral7b_ours-8x64_r4 rc=0
2026-09-29T20:11:08+00:00 START D_mistral7b_nvfp4-wB_r4 /home/dev/.conda/envs/n16k64/bin/python /home/dev/NVFP4-RaZeR/experiments/paper_extra/bench_decode.py --model mistral7b --label nvfp4-wB --round 4 --settings 1x512,4x512,16x512,1x2048,4x2048,16x2048 --out /home/dev/n16k64_campaign/paper_extra/D/decode/mistral7b/nvfp4-wB/round4.json --artifact /home/dev/n16k64_campaign/paper/artifacts/mistral7b_nvfp4 --kernel stock_wB
2026-09-29T20:11:49+00:00 END D_mistral7b_nvfp4-wB_r4 rc=0
2026-09-29T20:11:49+00:00 START D_mistral7b_fo6_r4 /home/dev/.conda/envs/n16k64/bin/python /home/dev/NVFP4-RaZeR/experiments/paper_extra/bench_decode.py --model mistral7b --label fo6 --round 4 --settings 1x512,4x512,16x512,1x2048,4x2048,16x2048 --out /home/dev/n16k64_campaign/paper_extra/D/decode/mistral7b/fo6/round4.json --artifact /home/dev/n16k64_campaign/paper/artifacts/mistral7b_fo6 --kernel auto_stock
2026-09-29T20:12:28+00:00 END D_mistral7b_fo6_r4 rc=0
2026-09-29T20:12:28+00:00 START D_mistral7b_bf16_r4 /home/dev/.conda/envs/n16k64/bin/python /home/dev/NVFP4-RaZeR/experiments/paper_extra/bench_decode.py --model mistral7b --label bf16 --round 4 --settings 1x512,4x512,16x512,1x2048,4x2048,16x2048 --out /home/dev/n16k64_campaign/paper_extra/D/decode/mistral7b/bf16/round4.json
2026-09-29T20:13:11+00:00 END D_mistral7b_bf16_r4 rc=0
2026-09-29T20:13:11+00:00 D mistral7b round 5 order nvfp4-wB,ours-8x64,ours-16x64,fo6,fo6-wB,nvfp4,bf16 (seed 20260934)
2026-09-29T20:13:11+00:00 START D_mistral7b_nvfp4-wB_r5 /home/dev/.conda/envs/n16k64/bin/python /home/dev/NVFP4-RaZeR/experiments/paper_extra/bench_decode.py --model mistral7b --label nvfp4-wB --round 5 --settings 1x512,4x512,16x512,1x2048,4x2048,16x2048 --out /home/dev/n16k64_campaign/paper_extra/D/decode/mistral7b/nvfp4-wB/round5.json --artifact /home/dev/n16k64_campaign/paper/artifacts/mistral7b_nvfp4 --kernel stock_wB
2026-09-29T20:13:53+00:00 END D_mistral7b_nvfp4-wB_r5 rc=0
2026-09-29T20:13:53+00:00 START D_mistral7b_ours-8x64_r5 /home/dev/.conda/envs/n16k64/bin/python /home/dev/NVFP4-RaZeR/experiments/paper_extra/bench_decode.py --model mistral7b --label ours-8x64 --round 5 --settings 1x512,4x512,16x512,1x2048,4x2048,16x2048 --out /home/dev/n16k64_campaign/paper_extra/D/decode/mistral7b/ours-8x64/round5.json --artifact /home/dev/n16k64_campaign/paper/artifacts/mistral7b_tc_8x64 --kernel n8k64_wB
2026-09-29T20:14:34+00:00 END D_mistral7b_ours-8x64_r5 rc=0
2026-09-29T20:14:34+00:00 START D_mistral7b_ours-16x64_r5 /home/dev/.conda/envs/n16k64/bin/python /home/dev/NVFP4-RaZeR/experiments/paper_extra/bench_decode.py --model mistral7b --label ours-16x64 --round 5 --settings 1x512,4x512,16x512,1x2048,4x2048,16x2048 --out /home/dev/n16k64_campaign/paper_extra/D/decode/mistral7b/ours-16x64/round5.json --artifact /home/dev/n16k64_campaign/paper/artifacts/mistral7b_tc_16x64 --kernel auto
2026-09-29T20:15:14+00:00 END D_mistral7b_ours-16x64_r5 rc=0
2026-09-29T20:15:14+00:00 START D_mistral7b_fo6_r5 /home/dev/.conda/envs/n16k64/bin/python /home/dev/NVFP4-RaZeR/experiments/paper_extra/bench_decode.py --model mistral7b --label fo6 --round 5 --settings 1x512,4x512,16x512,1x2048,4x2048,16x2048 --out /home/dev/n16k64_campaign/paper_extra/D/decode/mistral7b/fo6/round5.json --artifact /home/dev/n16k64_campaign/paper/artifacts/mistral7b_fo6 --kernel auto_stock
2026-09-29T20:15:53+00:00 END D_mistral7b_fo6_r5 rc=0
2026-09-29T20:15:53+00:00 START D_mistral7b_fo6-wB_r5 /home/dev/.conda/envs/n16k64/bin/python /home/dev/NVFP4-RaZeR/experiments/paper_extra/bench_decode.py --model mistral7b --label fo6-wB --round 5 --settings 1x512,4x512,16x512,1x2048,4x2048,16x2048 --out /home/dev/n16k64_campaign/paper_extra/D/decode/mistral7b/fo6-wB/round5.json --artifact /home/dev/n16k64_campaign/paper/artifacts/mistral7b_fo6 --kernel stock_wB
2026-09-29T20:16:34+00:00 END D_mistral7b_fo6-wB_r5 rc=0
2026-09-29T20:16:34+00:00 START D_mistral7b_nvfp4_r5 /home/dev/.conda/envs/n16k64/bin/python /home/dev/NVFP4-RaZeR/experiments/paper_extra/bench_decode.py --model mistral7b --label nvfp4 --round 5 --settings 1x512,4x512,16x512,1x2048,4x2048,16x2048 --out /home/dev/n16k64_campaign/paper_extra/D/decode/mistral7b/nvfp4/round5.json --artifact /home/dev/n16k64_campaign/paper/artifacts/mistral7b_nvfp4 --kernel auto_stock
2026-09-29T20:17:14+00:00 END D_mistral7b_nvfp4_r5 rc=0
2026-09-29T20:17:14+00:00 START D_mistral7b_bf16_r5 /home/dev/.conda/envs/n16k64/bin/python /home/dev/NVFP4-RaZeR/experiments/paper_extra/bench_decode.py --model mistral7b --label bf16 --round 5 --settings 1x512,4x512,16x512,1x2048,4x2048,16x2048 --out /home/dev/n16k64_campaign/paper_extra/D/decode/mistral7b/bf16/round5.json
2026-09-29T20:17:57+00:00 END D_mistral7b_bf16_r5 rc=0
2026-09-29T20:17:57+00:00 D phi4 round 1 order bf16,ours-8x64,nvfp4-wB,fo6,nvfp4,fo6-wB,ours-16x64 (seed 20260930)
2026-09-29T20:17:57+00:00 START D_phi4_bf16_r1 /home/dev/.conda/envs/n16k64/bin/python /home/dev/NVFP4-RaZeR/experiments/paper_extra/bench_decode.py --model phi4 --label bf16 --round 1 --settings 1x512,4x512,16x512,1x2048,4x2048,16x2048 --out /home/dev/n16k64_campaign/paper_extra/D/decode/phi4/bf16/round1.json
2026-09-29T20:19:25+00:00 END D_phi4_bf16_r1 rc=0
2026-09-29T20:19:25+00:00 START D_phi4_ours-8x64_r1 /home/dev/.conda/envs/n16k64/bin/python /home/dev/NVFP4-RaZeR/experiments/paper_extra/bench_decode.py --model phi4 --label ours-8x64 --round 1 --settings 1x512,4x512,16x512,1x2048,4x2048,16x2048 --out /home/dev/n16k64_campaign/paper_extra/D/decode/phi4/ours-8x64/round1.json --artifact /home/dev/n16k64_campaign/paper/artifacts/phi4_tc_8x64 --kernel n8k64_wB
2026-09-29T20:20:27+00:00 END D_phi4_ours-8x64_r1 rc=0
2026-09-29T20:20:27+00:00 START D_phi4_nvfp4-wB_r1 /home/dev/.conda/envs/n16k64/bin/python /home/dev/NVFP4-RaZeR/experiments/paper_extra/bench_decode.py --model phi4 --label nvfp4-wB --round 1 --settings 1x512,4x512,16x512,1x2048,4x2048,16x2048 --out /home/dev/n16k64_campaign/paper_extra/D/decode/phi4/nvfp4-wB/round1.json --artifact /home/dev/n16k64_campaign/paper/artifacts/phi4_nvfp4 --kernel stock_wB
2026-09-29T20:21:31+00:00 END D_phi4_nvfp4-wB_r1 rc=0
2026-09-29T20:21:31+00:00 START D_phi4_fo6_r1 /home/dev/.conda/envs/n16k64/bin/python /home/dev/NVFP4-RaZeR/experiments/paper_extra/bench_decode.py --model phi4 --label fo6 --round 1 --settings 1x512,4x512,16x512,1x2048,4x2048,16x2048 --out /home/dev/n16k64_campaign/paper_extra/D/decode/phi4/fo6/round1.json --artifact /home/dev/n16k64_campaign/paper/artifacts/phi4_fo6 --kernel auto_stock
2026-09-29T20:22:33+00:00 END D_phi4_fo6_r1 rc=0
2026-09-29T20:22:33+00:00 START D_phi4_nvfp4_r1 /home/dev/.conda/envs/n16k64/bin/python /home/dev/NVFP4-RaZeR/experiments/paper_extra/bench_decode.py --model phi4 --label nvfp4 --round 1 --settings 1x512,4x512,16x512,1x2048,4x2048,16x2048 --out /home/dev/n16k64_campaign/paper_extra/D/decode/phi4/nvfp4/round1.json --artifact /home/dev/n16k64_campaign/paper/artifacts/phi4_nvfp4 --kernel auto_stock
2026-09-29T20:23:33+00:00 END D_phi4_nvfp4_r1 rc=0
2026-09-29T20:23:33+00:00 START D_phi4_fo6-wB_r1 /home/dev/.conda/envs/n16k64/bin/python /home/dev/NVFP4-RaZeR/experiments/paper_extra/bench_decode.py --model phi4 --label fo6-wB --round 1 --settings 1x512,4x512,16x512,1x2048,4x2048,16x2048 --out /home/dev/n16k64_campaign/paper_extra/D/decode/phi4/fo6-wB/round1.json --artifact /home/dev/n16k64_campaign/paper/artifacts/phi4_fo6 --kernel stock_wB
2026-09-29T20:24:35+00:00 END D_phi4_fo6-wB_r1 rc=0
2026-09-29T20:24:35+00:00 START D_phi4_ours-16x64_r1 /home/dev/.conda/envs/n16k64/bin/python /home/dev/NVFP4-RaZeR/experiments/paper_extra/bench_decode.py --model phi4 --label ours-16x64 --round 1 --settings 1x512,4x512,16x512,1x2048,4x2048,16x2048 --out /home/dev/n16k64_campaign/paper_extra/D/decode/phi4/ours-16x64/round1.json --artifact /home/dev/n16k64_campaign/paper/artifacts/phi4_tc_16x64 --kernel auto
2026-09-29T20:25:39+00:00 END D_phi4_ours-16x64_r1 rc=0
2026-09-29T20:25:39+00:00 D phi4 round 2 order nvfp4-wB,ours-8x64,ours-16x64,bf16,fo6,fo6-wB,nvfp4 (seed 20260931)
2026-09-29T20:25:39+00:00 START D_phi4_nvfp4-wB_r2 /home/dev/.conda/envs/n16k64/bin/python /home/dev/NVFP4-RaZeR/experiments/paper_extra/bench_decode.py --model phi4 --label nvfp4-wB --round 2 --settings 1x512,4x512,16x512,1x2048,4x2048,16x2048 --out /home/dev/n16k64_campaign/paper_extra/D/decode/phi4/nvfp4-wB/round2.json --artifact /home/dev/n16k64_campaign/paper/artifacts/phi4_nvfp4 --kernel stock_wB
2026-09-29T20:26:41+00:00 END D_phi4_nvfp4-wB_r2 rc=0
2026-09-29T20:26:41+00:00 START D_phi4_ours-8x64_r2 /home/dev/.conda/envs/n16k64/bin/python /home/dev/NVFP4-RaZeR/experiments/paper_extra/bench_decode.py --model phi4 --label ours-8x64 --round 2 --settings 1x512,4x512,16x512,1x2048,4x2048,16x2048 --out /home/dev/n16k64_campaign/paper_extra/D/decode/phi4/ours-8x64/round2.json --artifact /home/dev/n16k64_campaign/paper/artifacts/phi4_tc_8x64 --kernel n8k64_wB
2026-09-29T20:27:43+00:00 END D_phi4_ours-8x64_r2 rc=0
2026-09-29T20:27:43+00:00 START D_phi4_ours-16x64_r2 /home/dev/.conda/envs/n16k64/bin/python /home/dev/NVFP4-RaZeR/experiments/paper_extra/bench_decode.py --model phi4 --label ours-16x64 --round 2 --settings 1x512,4x512,16x512,1x2048,4x2048,16x2048 --out /home/dev/n16k64_campaign/paper_extra/D/decode/phi4/ours-16x64/round2.json --artifact /home/dev/n16k64_campaign/paper/artifacts/phi4_tc_16x64 --kernel auto
2026-09-29T20:28:43+00:00 END D_phi4_ours-16x64_r2 rc=0
2026-09-29T20:28:43+00:00 START D_phi4_bf16_r2 /home/dev/.conda/envs/n16k64/bin/python /home/dev/NVFP4-RaZeR/experiments/paper_extra/bench_decode.py --model phi4 --label bf16 --round 2 --settings 1x512,4x512,16x512,1x2048,4x2048,16x2048 --out /home/dev/n16k64_campaign/paper_extra/D/decode/phi4/bf16/round2.json
2026-09-29T20:29:48+00:00 END D_phi4_bf16_r2 rc=0
2026-09-29T20:29:48+00:00 START D_phi4_fo6_r2 /home/dev/.conda/envs/n16k64/bin/python /home/dev/NVFP4-RaZeR/experiments/paper_extra/bench_decode.py --model phi4 --label fo6 --round 2 --settings 1x512,4x512,16x512,1x2048,4x2048,16x2048 --out /home/dev/n16k64_campaign/paper_extra/D/decode/phi4/fo6/round2.json --artifact /home/dev/n16k64_campaign/paper/artifacts/phi4_fo6 --kernel auto_stock
2026-09-29T20:30:48+00:00 END D_phi4_fo6_r2 rc=0
2026-09-29T20:30:48+00:00 START D_phi4_fo6-wB_r2 /home/dev/.conda/envs/n16k64/bin/python /home/dev/NVFP4-RaZeR/experiments/paper_extra/bench_decode.py --model phi4 --label fo6-wB --round 2 --settings 1x512,4x512,16x512,1x2048,4x2048,16x2048 --out /home/dev/n16k64_campaign/paper_extra/D/decode/phi4/fo6-wB/round2.json --artifact /home/dev/n16k64_campaign/paper/artifacts/phi4_fo6 --kernel stock_wB
2026-09-29T20:31:50+00:00 END D_phi4_fo6-wB_r2 rc=0
2026-09-29T20:31:50+00:00 START D_phi4_nvfp4_r2 /home/dev/.conda/envs/n16k64/bin/python /home/dev/NVFP4-RaZeR/experiments/paper_extra/bench_decode.py --model phi4 --label nvfp4 --round 2 --settings 1x512,4x512,16x512,1x2048,4x2048,16x2048 --out /home/dev/n16k64_campaign/paper_extra/D/decode/phi4/nvfp4/round2.json --artifact /home/dev/n16k64_campaign/paper/artifacts/phi4_nvfp4 --kernel auto_stock
2026-09-29T20:32:49+00:00 END D_phi4_nvfp4_r2 rc=0
2026-09-29T20:32:49+00:00 D phi4 round 3 order ours-8x64,nvfp4-wB,nvfp4,fo6-wB,bf16,ours-16x64,fo6 (seed 20260932)
2026-09-29T20:32:49+00:00 START D_phi4_ours-8x64_r3 /home/dev/.conda/envs/n16k64/bin/python /home/dev/NVFP4-RaZeR/experiments/paper_extra/bench_decode.py --model phi4 --label ours-8x64 --round 3 --settings 1x512,4x512,16x512,1x2048,4x2048,16x2048 --out /home/dev/n16k64_campaign/paper_extra/D/decode/phi4/ours-8x64/round3.json --artifact /home/dev/n16k64_campaign/paper/artifacts/phi4_tc_8x64 --kernel n8k64_wB
2026-09-29T20:33:51+00:00 END D_phi4_ours-8x64_r3 rc=0
2026-09-29T20:33:51+00:00 START D_phi4_nvfp4-wB_r3 /home/dev/.conda/envs/n16k64/bin/python /home/dev/NVFP4-RaZeR/experiments/paper_extra/bench_decode.py --model phi4 --label nvfp4-wB --round 3 --settings 1x512,4x512,16x512,1x2048,4x2048,16x2048 --out /home/dev/n16k64_campaign/paper_extra/D/decode/phi4/nvfp4-wB/round3.json --artifact /home/dev/n16k64_campaign/paper/artifacts/phi4_nvfp4 --kernel stock_wB
2026-09-29T20:34:52+00:00 END D_phi4_nvfp4-wB_r3 rc=0
2026-09-29T20:34:52+00:00 START D_phi4_nvfp4_r3 /home/dev/.conda/envs/n16k64/bin/python /home/dev/NVFP4-RaZeR/experiments/paper_extra/bench_decode.py --model phi4 --label nvfp4 --round 3 --settings 1x512,4x512,16x512,1x2048,4x2048,16x2048 --out /home/dev/n16k64_campaign/paper_extra/D/decode/phi4/nvfp4/round3.json --artifact /home/dev/n16k64_campaign/paper/artifacts/phi4_nvfp4 --kernel auto_stock
2026-09-29T20:35:53+00:00 END D_phi4_nvfp4_r3 rc=0
2026-09-29T20:35:53+00:00 START D_phi4_fo6-wB_r3 /home/dev/.conda/envs/n16k64/bin/python /home/dev/NVFP4-RaZeR/experiments/paper_extra/bench_decode.py --model phi4 --label fo6-wB --round 3 --settings 1x512,4x512,16x512,1x2048,4x2048,16x2048 --out /home/dev/n16k64_campaign/paper_extra/D/decode/phi4/fo6-wB/round3.json --artifact /home/dev/n16k64_campaign/paper/artifacts/phi4_fo6 --kernel stock_wB
2026-09-29T20:36:54+00:00 END D_phi4_fo6-wB_r3 rc=0
2026-09-29T20:36:54+00:00 START D_phi4_bf16_r3 /home/dev/.conda/envs/n16k64/bin/python /home/dev/NVFP4-RaZeR/experiments/paper_extra/bench_decode.py --model phi4 --label bf16 --round 3 --settings 1x512,4x512,16x512,1x2048,4x2048,16x2048 --out /home/dev/n16k64_campaign/paper_extra/D/decode/phi4/bf16/round3.json
2026-09-29T20:37:59+00:00 END D_phi4_bf16_r3 rc=0
2026-09-29T20:37:59+00:00 START D_phi4_ours-16x64_r3 /home/dev/.conda/envs/n16k64/bin/python /home/dev/NVFP4-RaZeR/experiments/paper_extra/bench_decode.py --model phi4 --label ours-16x64 --round 3 --settings 1x512,4x512,16x512,1x2048,4x2048,16x2048 --out /home/dev/n16k64_campaign/paper_extra/D/decode/phi4/ours-16x64/round3.json --artifact /home/dev/n16k64_campaign/paper/artifacts/phi4_tc_16x64 --kernel auto
2026-09-29T20:38:59+00:00 END D_phi4_ours-16x64_r3 rc=0
2026-09-29T20:38:59+00:00 START D_phi4_fo6_r3 /home/dev/.conda/envs/n16k64/bin/python /home/dev/NVFP4-RaZeR/experiments/paper_extra/bench_decode.py --model phi4 --label fo6 --round 3 --settings 1x512,4x512,16x512,1x2048,4x2048,16x2048 --out /home/dev/n16k64_campaign/paper_extra/D/decode/phi4/fo6/round3.json --artifact /home/dev/n16k64_campaign/paper/artifacts/phi4_fo6 --kernel auto_stock
2026-09-29T20:40:01+00:00 END D_phi4_fo6_r3 rc=0
2026-09-29T20:40:01+00:00 D phi4 round 4 order ours-16x64,nvfp4,fo6-wB,ours-8x64,nvfp4-wB,fo6,bf16 (seed 20260933)
2026-09-29T20:40:01+00:00 START D_phi4_ours-16x64_r4 /home/dev/.conda/envs/n16k64/bin/python /home/dev/NVFP4-RaZeR/experiments/paper_extra/bench_decode.py --model phi4 --label ours-16x64 --round 4 --settings 1x512,4x512,16x512,1x2048,4x2048,16x2048 --out /home/dev/n16k64_campaign/paper_extra/D/decode/phi4/ours-16x64/round4.json --artifact /home/dev/n16k64_campaign/paper/artifacts/phi4_tc_16x64 --kernel auto
2026-09-29T20:41:02+00:00 END D_phi4_ours-16x64_r4 rc=0
2026-09-29T20:41:02+00:00 START D_phi4_nvfp4_r4 /home/dev/.conda/envs/n16k64/bin/python /home/dev/NVFP4-RaZeR/experiments/paper_extra/bench_decode.py --model phi4 --label nvfp4 --round 4 --settings 1x512,4x512,16x512,1x2048,4x2048,16x2048 --out /home/dev/n16k64_campaign/paper_extra/D/decode/phi4/nvfp4/round4.json --artifact /home/dev/n16k64_campaign/paper/artifacts/phi4_nvfp4 --kernel auto_stock
2026-09-29T20:42:02+00:00 END D_phi4_nvfp4_r4 rc=0
2026-09-29T20:42:02+00:00 START D_phi4_fo6-wB_r4 /home/dev/.conda/envs/n16k64/bin/python /home/dev/NVFP4-RaZeR/experiments/paper_extra/bench_decode.py --model phi4 --label fo6-wB --round 4 --settings 1x512,4x512,16x512,1x2048,4x2048,16x2048 --out /home/dev/n16k64_campaign/paper_extra/D/decode/phi4/fo6-wB/round4.json --artifact /home/dev/n16k64_campaign/paper/artifacts/phi4_fo6 --kernel stock_wB
2026-09-29T20:43:04+00:00 END D_phi4_fo6-wB_r4 rc=0
2026-09-29T20:43:04+00:00 START D_phi4_ours-8x64_r4 /home/dev/.conda/envs/n16k64/bin/python /home/dev/NVFP4-RaZeR/experiments/paper_extra/bench_decode.py --model phi4 --label ours-8x64 --round 4 --settings 1x512,4x512,16x512,1x2048,4x2048,16x2048 --out /home/dev/n16k64_campaign/paper_extra/D/decode/phi4/ours-8x64/round4.json --artifact /home/dev/n16k64_campaign/paper/artifacts/phi4_tc_8x64 --kernel n8k64_wB
2026-09-29T20:44:06+00:00 END D_phi4_ours-8x64_r4 rc=0
2026-09-29T20:44:06+00:00 START D_phi4_nvfp4-wB_r4 /home/dev/.conda/envs/n16k64/bin/python /home/dev/NVFP4-RaZeR/experiments/paper_extra/bench_decode.py --model phi4 --label nvfp4-wB --round 4 --settings 1x512,4x512,16x512,1x2048,4x2048,16x2048 --out /home/dev/n16k64_campaign/paper_extra/D/decode/phi4/nvfp4-wB/round4.json --artifact /home/dev/n16k64_campaign/paper/artifacts/phi4_nvfp4 --kernel stock_wB
2026-09-29T20:45:08+00:00 END D_phi4_nvfp4-wB_r4 rc=0
2026-09-29T20:45:08+00:00 START D_phi4_fo6_r4 /home/dev/.conda/envs/n16k64/bin/python /home/dev/NVFP4-RaZeR/experiments/paper_extra/bench_decode.py --model phi4 --label fo6 --round 4 --settings 1x512,4x512,16x512,1x2048,4x2048,16x2048 --out /home/dev/n16k64_campaign/paper_extra/D/decode/phi4/fo6/round4.json --artifact /home/dev/n16k64_campaign/paper/artifacts/phi4_fo6 --kernel auto_stock
2026-09-29T20:46:09+00:00 END D_phi4_fo6_r4 rc=0
2026-09-29T20:46:09+00:00 START D_phi4_bf16_r4 /home/dev/.conda/envs/n16k64/bin/python /home/dev/NVFP4-RaZeR/experiments/paper_extra/bench_decode.py --model phi4 --label bf16 --round 4 --settings 1x512,4x512,16x512,1x2048,4x2048,16x2048 --out /home/dev/n16k64_campaign/paper_extra/D/decode/phi4/bf16/round4.json
2026-09-29T20:47:14+00:00 END D_phi4_bf16_r4 rc=0
2026-09-29T20:47:14+00:00 D phi4 round 5 order nvfp4-wB,ours-8x64,ours-16x64,fo6,fo6-wB,nvfp4,bf16 (seed 20260934)
2026-09-29T20:47:14+00:00 START D_phi4_nvfp4-wB_r5 /home/dev/.conda/envs/n16k64/bin/python /home/dev/NVFP4-RaZeR/experiments/paper_extra/bench_decode.py --model phi4 --label nvfp4-wB --round 5 --settings 1x512,4x512,16x512,1x2048,4x2048,16x2048 --out /home/dev/n16k64_campaign/paper_extra/D/decode/phi4/nvfp4-wB/round5.json --artifact /home/dev/n16k64_campaign/paper/artifacts/phi4_nvfp4 --kernel stock_wB
2026-09-29T20:48:16+00:00 END D_phi4_nvfp4-wB_r5 rc=0
2026-09-29T20:48:16+00:00 START D_phi4_ours-8x64_r5 /home/dev/.conda/envs/n16k64/bin/python /home/dev/NVFP4-RaZeR/experiments/paper_extra/bench_decode.py --model phi4 --label ours-8x64 --round 5 --settings 1x512,4x512,16x512,1x2048,4x2048,16x2048 --out /home/dev/n16k64_campaign/paper_extra/D/decode/phi4/ours-8x64/round5.json --artifact /home/dev/n16k64_campaign/paper/artifacts/phi4_tc_8x64 --kernel n8k64_wB
2026-09-29T20:49:17+00:00 END D_phi4_ours-8x64_r5 rc=0
2026-09-29T20:49:17+00:00 START D_phi4_ours-16x64_r5 /home/dev/.conda/envs/n16k64/bin/python /home/dev/NVFP4-RaZeR/experiments/paper_extra/bench_decode.py --model phi4 --label ours-16x64 --round 5 --settings 1x512,4x512,16x512,1x2048,4x2048,16x2048 --out /home/dev/n16k64_campaign/paper_extra/D/decode/phi4/ours-16x64/round5.json --artifact /home/dev/n16k64_campaign/paper/artifacts/phi4_tc_16x64 --kernel auto
2026-09-29T20:50:17+00:00 END D_phi4_ours-16x64_r5 rc=0
2026-09-29T20:50:17+00:00 START D_phi4_fo6_r5 /home/dev/.conda/envs/n16k64/bin/python /home/dev/NVFP4-RaZeR/experiments/paper_extra/bench_decode.py --model phi4 --label fo6 --round 5 --settings 1x512,4x512,16x512,1x2048,4x2048,16x2048 --out /home/dev/n16k64_campaign/paper_extra/D/decode/phi4/fo6/round5.json --artifact /home/dev/n16k64_campaign/paper/artifacts/phi4_fo6 --kernel auto_stock
2026-09-29T20:51:18+00:00 END D_phi4_fo6_r5 rc=0
2026-09-29T20:51:18+00:00 START D_phi4_fo6-wB_r5 /home/dev/.conda/envs/n16k64/bin/python /home/dev/NVFP4-RaZeR/experiments/paper_extra/bench_decode.py --model phi4 --label fo6-wB --round 5 --settings 1x512,4x512,16x512,1x2048,4x2048,16x2048 --out /home/dev/n16k64_campaign/paper_extra/D/decode/phi4/fo6-wB/round5.json --artifact /home/dev/n16k64_campaign/paper/artifacts/phi4_fo6 --kernel stock_wB
2026-09-29T20:52:20+00:00 END D_phi4_fo6-wB_r5 rc=0
2026-09-29T20:52:20+00:00 START D_phi4_nvfp4_r5 /home/dev/.conda/envs/n16k64/bin/python /home/dev/NVFP4-RaZeR/experiments/paper_extra/bench_decode.py --model phi4 --label nvfp4 --round 5 --settings 1x512,4x512,16x512,1x2048,4x2048,16x2048 --out /home/dev/n16k64_campaign/paper_extra/D/decode/phi4/nvfp4/round5.json --artifact /home/dev/n16k64_campaign/paper/artifacts/phi4_nvfp4 --kernel auto_stock
2026-09-29T20:53:20+00:00 END D_phi4_nvfp4_r5 rc=0
2026-09-29T20:53:20+00:00 START D_phi4_bf16_r5 /home/dev/.conda/envs/n16k64/bin/python /home/dev/NVFP4-RaZeR/experiments/paper_extra/bench_decode.py --model phi4 --label bf16 --round 5 --settings 1x512,4x512,16x512,1x2048,4x2048,16x2048 --out /home/dev/n16k64_campaign/paper_extra/D/decode/phi4/bf16/round5.json
2026-09-29T20:54:26+00:00 END D_phi4_bf16_r5 rc=0
