2026-10-02T06:27:23+00:00 START ppl_nemotron9b_bf16_limit2 /home/dev/.conda/envs/n16k64/bin/python run_ppl_deploy.py --model nemotron9b --data-root /home/dev/n16k64_campaign/fqmaps/data --evaluate bf16=bf16 --out /home/dev/n16k64_campaign/main_ppl/smoke/nemotron9b/bf16 --limit-windows 2
2026-10-02T06:29:06+00:00 END ppl_nemotron9b_bf16_limit2 rc=0
2026-10-02T06:29:06+00:00 START export_nemotron9b_fo6 /home/dev/.conda/envs/n16k64/bin/python export_map_artifact.py --model nemotron9b --data-root /home/dev/n16k64_campaign/fqmaps/data --kind four_over_six --ownership --out /home/dev/n16k64_campaign/main_ppl/artifacts/nemotron9b_fo6
2026-10-02T06:30:17+00:00 END export_nemotron9b_fo6 rc=0
2026-10-02T06:30:17+00:00 START ppl_nemotron9b_fo6_limit2 /home/dev/.conda/envs/n16k64/bin/python run_ppl_deploy.py --model nemotron9b --data-root /home/dev/n16k64_campaign/fqmaps/data --evaluate fo6=native:/home/dev/n16k64_campaign/main_ppl/artifacts/nemotron9b_fo6 --out /home/dev/n16k64_campaign/main_ppl/smoke/nemotron9b/fo6 --limit-windows 2
2026-10-02T06:31:39+00:00 END ppl_nemotron9b_fo6_limit2 rc=0
2026-10-02T06:31:39+00:00 START export_nemotron9b_tc_8x64 /home/dev/.conda/envs/n16k64/bin/python export_map_artifact.py --model nemotron9b --data-root /home/dev/n16k64_campaign/fqmaps/data --map /home/dev/n16k64_campaign/fqmaps/runs/nemotron9b_8x64/map.pt --unit 8x64 --ownership --out /home/dev/n16k64_campaign/main_ppl/artifacts/nemotron9b_tc_8x64
2026-10-02T06:33:06+00:00 END export_nemotron9b_tc_8x64 rc=0
2026-10-02T06:33:06+00:00 START ppl_nemotron9b_ours-8x64_limit2 /home/dev/.conda/envs/n16k64/bin/python run_ppl_deploy.py --model nemotron9b --data-root /home/dev/n16k64_campaign/fqmaps/data --evaluate ours-8x64=native:/home/dev/n16k64_campaign/main_ppl/artifacts/nemotron9b_tc_8x64 --out /home/dev/n16k64_campaign/main_ppl/smoke/nemotron9b/ours-8x64 --limit-windows 2
2026-10-02T06:34:29+00:00 END ppl_nemotron9b_ours-8x64_limit2 rc=0
2026-10-02T06:34:29+00:00 START ppl_nemotron9b_if4_limit2 /home/dev/.conda/envs/n16k64/bin/python run_ppl_deploy.py --model nemotron9b --data-root /home/dev/n16k64_campaign/fqmaps/data --evaluate if4=fake:w4a4:if4 --out /home/dev/n16k64_campaign/main_ppl/smoke/nemotron9b/if4 --limit-windows 2
2026-10-02T06:36:14+00:00 END ppl_nemotron9b_if4_limit2 rc=0
2026-10-02T06:36:42+00:00 NOTE smoke passed (nemotron native OK); launching the full queue
2026-10-02T06:36:44+00:00 START ppl_qwen3_1p7b_bf16 /home/dev/.conda/envs/n16k64/bin/python run_ppl_deploy.py --model qwen3_1p7b --data-root /home/dev/n16k64_campaign/fqmaps/data --evaluate bf16=bf16 --out /home/dev/n16k64_campaign/main_ppl/ppl/qwen3_1p7b/bf16
2026-10-02T06:37:33+00:00 END ppl_qwen3_1p7b_bf16 rc=0
2026-10-02T06:37:33+00:00 START export_qwen3_1p7b_nvfp4 /home/dev/.conda/envs/n16k64/bin/python export_map_artifact.py --model qwen3_1p7b --data-root /home/dev/n16k64_campaign/fqmaps/data --kind nvfp4 --ownership --out /home/dev/n16k64_campaign/main_ppl/artifacts/qwen3_1p7b_nvfp4
2026-10-02T06:37:46+00:00 END export_qwen3_1p7b_nvfp4 rc=0
2026-10-02T06:37:46+00:00 START ppl_qwen3_1p7b_nvfp4 /home/dev/.conda/envs/n16k64/bin/python run_ppl_deploy.py --model qwen3_1p7b --data-root /home/dev/n16k64_campaign/fqmaps/data --evaluate nvfp4=native:/home/dev/n16k64_campaign/main_ppl/artifacts/qwen3_1p7b_nvfp4 --out /home/dev/n16k64_campaign/main_ppl/ppl/qwen3_1p7b/nvfp4
2026-10-02T06:38:33+00:00 END ppl_qwen3_1p7b_nvfp4 rc=0
2026-10-02T06:38:33+00:00 START export_qwen3_1p7b_fo6 /home/dev/.conda/envs/n16k64/bin/python export_map_artifact.py --model qwen3_1p7b --data-root /home/dev/n16k64_campaign/fqmaps/data --kind four_over_six --ownership --out /home/dev/n16k64_campaign/main_ppl/artifacts/qwen3_1p7b_fo6
2026-10-02T06:38:49+00:00 END export_qwen3_1p7b_fo6 rc=0
2026-10-02T06:38:49+00:00 START ppl_qwen3_1p7b_fo6 /home/dev/.conda/envs/n16k64/bin/python run_ppl_deploy.py --model qwen3_1p7b --data-root /home/dev/n16k64_campaign/fqmaps/data --evaluate fo6=native:/home/dev/n16k64_campaign/main_ppl/artifacts/qwen3_1p7b_fo6 --out /home/dev/n16k64_campaign/main_ppl/ppl/qwen3_1p7b/fo6
2026-10-02T06:39:36+00:00 END ppl_qwen3_1p7b_fo6 rc=0
2026-10-02T06:39:36+00:00 START export_qwen3_1p7b_tc_8x64 /home/dev/.conda/envs/n16k64/bin/python export_map_artifact.py --model qwen3_1p7b --data-root /home/dev/n16k64_campaign/fqmaps/data --map /home/dev/n16k64_campaign/fqmaps/runs/qwen3_1p7b_8x64/map.pt --unit 8x64 --ownership --out /home/dev/n16k64_campaign/main_ppl/artifacts/qwen3_1p7b_tc_8x64
2026-10-02T06:39:55+00:00 END export_qwen3_1p7b_tc_8x64 rc=0
2026-10-02T06:39:55+00:00 START ppl_qwen3_1p7b_ours-8x64 /home/dev/.conda/envs/n16k64/bin/python run_ppl_deploy.py --model qwen3_1p7b --data-root /home/dev/n16k64_campaign/fqmaps/data --evaluate ours-8x64=native:/home/dev/n16k64_campaign/main_ppl/artifacts/qwen3_1p7b_tc_8x64 --out /home/dev/n16k64_campaign/main_ppl/ppl/qwen3_1p7b/ours-8x64
2026-10-02T06:40:42+00:00 END ppl_qwen3_1p7b_ours-8x64 rc=0
2026-10-02T06:40:42+00:00 START export_qwen3_1p7b_tc_16x64 /home/dev/.conda/envs/n16k64/bin/python export_map_artifact.py --model qwen3_1p7b --data-root /home/dev/n16k64_campaign/fqmaps/data --map /home/dev/n16k64_campaign/fqmaps/runs/qwen3_1p7b_16x64/map.pt --unit 16x64 --ownership --out /home/dev/n16k64_campaign/main_ppl/artifacts/qwen3_1p7b_tc_16x64
2026-10-02T06:41:02+00:00 END export_qwen3_1p7b_tc_16x64 rc=0
2026-10-02T06:41:02+00:00 START ppl_qwen3_1p7b_ours-16x64 /home/dev/.conda/envs/n16k64/bin/python run_ppl_deploy.py --model qwen3_1p7b --data-root /home/dev/n16k64_campaign/fqmaps/data --evaluate ours-16x64=native:/home/dev/n16k64_campaign/main_ppl/artifacts/qwen3_1p7b_tc_16x64 --out /home/dev/n16k64_campaign/main_ppl/ppl/qwen3_1p7b/ours-16x64
2026-10-02T06:41:51+00:00 END ppl_qwen3_1p7b_ours-16x64 rc=0
2026-10-02T06:41:51+00:00 START export_qwen3_1p7b_tc_256x64 /home/dev/.conda/envs/n16k64/bin/python export_map_artifact.py --model qwen3_1p7b --data-root /home/dev/n16k64_campaign/fqmaps/data --map /home/dev/n16k64_campaign/fqmaps/runs/qwen3_1p7b_256x64/map.pt --unit 256x64 --ownership --out /home/dev/n16k64_campaign/main_ppl/artifacts/qwen3_1p7b_tc_256x64
2026-10-02T06:42:10+00:00 END export_qwen3_1p7b_tc_256x64 rc=0
2026-10-02T06:42:10+00:00 START ppl_qwen3_1p7b_ours-256x64 /home/dev/.conda/envs/n16k64/bin/python run_ppl_deploy.py --model qwen3_1p7b --data-root /home/dev/n16k64_campaign/fqmaps/data --evaluate ours-256x64=native:/home/dev/n16k64_campaign/main_ppl/artifacts/qwen3_1p7b_tc_256x64 --out /home/dev/n16k64_campaign/main_ppl/ppl/qwen3_1p7b/ours-256x64
2026-10-02T06:42:57+00:00 END ppl_qwen3_1p7b_ours-256x64 rc=0
2026-10-02T06:42:57+00:00 START ppl_qwen3_1p7b_fo6-fake /home/dev/.conda/envs/n16k64/bin/python run_ppl_deploy.py --model qwen3_1p7b --data-root /home/dev/n16k64_campaign/fqmaps/data --evaluate fo6-fake=fake:four_over_six --out /home/dev/n16k64_campaign/main_ppl/ppl/qwen3_1p7b/fo6-fake
2026-10-02T06:44:38+00:00 END ppl_qwen3_1p7b_fo6-fake rc=0
2026-10-02T06:44:38+00:00 START ppl_qwen3_1p7b_if4 /home/dev/.conda/envs/n16k64/bin/python run_ppl_deploy.py --model qwen3_1p7b --data-root /home/dev/n16k64_campaign/fqmaps/data --evaluate if4=fake:w4a4:if4 --out /home/dev/n16k64_campaign/main_ppl/ppl/qwen3_1p7b/if4
2026-10-02T06:46:56+00:00 END ppl_qwen3_1p7b_if4 rc=0
2026-10-02T06:46:56+00:00 START ppl_qwen3_1p7b_zou /home/dev/.conda/envs/n16k64/bin/python run_ppl_deploy.py --model qwen3_1p7b --data-root /home/dev/n16k64_campaign/fqmaps/data --evaluate zou=fake:w4a4:zou --out /home/dev/n16k64_campaign/main_ppl/ppl/qwen3_1p7b/zou
2026-10-02T06:49:12+00:00 END ppl_qwen3_1p7b_zou rc=0
2026-10-02T06:49:12+00:00 START ppl_qwen3_8b_bf16 /home/dev/.conda/envs/n16k64/bin/python run_ppl_deploy.py --model qwen3_8b --data-root /home/dev/n16k64_campaign/fqmaps/data --evaluate bf16=bf16 --out /home/dev/n16k64_campaign/main_ppl/ppl/qwen3_8b/bf16
2026-10-02T06:49:26+00:00 START diagnostic qwen3_1p7b ours-8x64-fake (fake:map of the 8x64 artifact's map; not a table row)
2026-10-02T06:52:09+00:00 END ppl_qwen3_8b_bf16 rc=0
2026-10-02T06:52:09+00:00 START export_qwen3_8b_nvfp4 /home/dev/.conda/envs/n16k64/bin/python export_map_artifact.py --model qwen3_8b --data-root /home/dev/n16k64_campaign/fqmaps/data --kind nvfp4 --ownership --out /home/dev/n16k64_campaign/main_ppl/artifacts/qwen3_8b_nvfp4
2026-10-02T06:52:15+00:00 END diagnostic qwen3_1p7b ours-8x64-fake
2026-10-02T06:53:05+00:00 END export_qwen3_8b_nvfp4 rc=0
2026-10-02T06:53:05+00:00 START ppl_qwen3_8b_nvfp4 /home/dev/.conda/envs/n16k64/bin/python run_ppl_deploy.py --model qwen3_8b --data-root /home/dev/n16k64_campaign/fqmaps/data --evaluate nvfp4=native:/home/dev/n16k64_campaign/main_ppl/artifacts/qwen3_8b_nvfp4 --out /home/dev/n16k64_campaign/main_ppl/ppl/qwen3_8b/nvfp4
2026-10-02T06:54:42+00:00 END ppl_qwen3_8b_nvfp4 rc=0
2026-10-02T06:54:42+00:00 START export_qwen3_8b_fo6 /home/dev/.conda/envs/n16k64/bin/python export_map_artifact.py --model qwen3_8b --data-root /home/dev/n16k64_campaign/fqmaps/data --kind four_over_six --ownership --out /home/dev/n16k64_campaign/main_ppl/artifacts/qwen3_8b_fo6
2026-10-02T06:55:46+00:00 END export_qwen3_8b_fo6 rc=0
2026-10-02T06:55:46+00:00 START ppl_qwen3_8b_fo6 /home/dev/.conda/envs/n16k64/bin/python run_ppl_deploy.py --model qwen3_8b --data-root /home/dev/n16k64_campaign/fqmaps/data --evaluate fo6=native:/home/dev/n16k64_campaign/main_ppl/artifacts/qwen3_8b_fo6 --out /home/dev/n16k64_campaign/main_ppl/ppl/qwen3_8b/fo6
2026-10-02T06:57:22+00:00 END ppl_qwen3_8b_fo6 rc=0
2026-10-02T06:57:22+00:00 START export_qwen3_8b_tc_8x64 /home/dev/.conda/envs/n16k64/bin/python export_map_artifact.py --model qwen3_8b --data-root /home/dev/n16k64_campaign/fqmaps/data --map /home/dev/n16k64_campaign/fqmaps/runs/qwen3_8b_8x64/map.pt --unit 8x64 --ownership --out /home/dev/n16k64_campaign/main_ppl/artifacts/qwen3_8b_tc_8x64
2026-10-02T06:58:38+00:00 END export_qwen3_8b_tc_8x64 rc=0
2026-10-02T06:58:38+00:00 START ppl_qwen3_8b_ours-8x64 /home/dev/.conda/envs/n16k64/bin/python run_ppl_deploy.py --model qwen3_8b --data-root /home/dev/n16k64_campaign/fqmaps/data --evaluate ours-8x64=native:/home/dev/n16k64_campaign/main_ppl/artifacts/qwen3_8b_tc_8x64 --out /home/dev/n16k64_campaign/main_ppl/ppl/qwen3_8b/ours-8x64
2026-10-02T07:00:17+00:00 END ppl_qwen3_8b_ours-8x64 rc=0
2026-10-02T07:00:17+00:00 START export_qwen3_8b_tc_16x64 /home/dev/.conda/envs/n16k64/bin/python export_map_artifact.py --model qwen3_8b --data-root /home/dev/n16k64_campaign/fqmaps/data --map /home/dev/n16k64_campaign/fqmaps/runs/qwen3_8b_16x64/map.pt --unit 16x64 --ownership --out /home/dev/n16k64_campaign/main_ppl/artifacts/qwen3_8b_tc_16x64
2026-10-02T07:01:31+00:00 END export_qwen3_8b_tc_16x64 rc=0
2026-10-02T07:01:31+00:00 START ppl_qwen3_8b_ours-16x64 /home/dev/.conda/envs/n16k64/bin/python run_ppl_deploy.py --model qwen3_8b --data-root /home/dev/n16k64_campaign/fqmaps/data --evaluate ours-16x64=native:/home/dev/n16k64_campaign/main_ppl/artifacts/qwen3_8b_tc_16x64 --out /home/dev/n16k64_campaign/main_ppl/ppl/qwen3_8b/ours-16x64
2026-10-02T07:03:07+00:00 END ppl_qwen3_8b_ours-16x64 rc=0
2026-10-02T07:03:07+00:00 START export_qwen3_8b_tc_256x64 /home/dev/.conda/envs/n16k64/bin/python export_map_artifact.py --model qwen3_8b --data-root /home/dev/n16k64_campaign/fqmaps/data --map /home/dev/n16k64_campaign/fqmaps/runs/qwen3_8b_256x64/map.pt --unit 256x64 --ownership --out /home/dev/n16k64_campaign/main_ppl/artifacts/qwen3_8b_tc_256x64
2026-10-02T07:04:23+00:00 END export_qwen3_8b_tc_256x64 rc=0
2026-10-02T07:04:23+00:00 START ppl_qwen3_8b_ours-256x64 /home/dev/.conda/envs/n16k64/bin/python run_ppl_deploy.py --model qwen3_8b --data-root /home/dev/n16k64_campaign/fqmaps/data --evaluate ours-256x64=native:/home/dev/n16k64_campaign/main_ppl/artifacts/qwen3_8b_tc_256x64 --out /home/dev/n16k64_campaign/main_ppl/ppl/qwen3_8b/ours-256x64
2026-10-02T07:05:59+00:00 END ppl_qwen3_8b_ours-256x64 rc=0
2026-10-02T07:05:59+00:00 START ppl_qwen3_8b_fo6-fake /home/dev/.conda/envs/n16k64/bin/python run_ppl_deploy.py --model qwen3_8b --data-root /home/dev/n16k64_campaign/fqmaps/data --evaluate fo6-fake=fake:four_over_six --out /home/dev/n16k64_campaign/main_ppl/ppl/qwen3_8b/fo6-fake
2026-10-02T07:10:22+00:00 END ppl_qwen3_8b_fo6-fake rc=0
2026-10-02T07:10:22+00:00 START ppl_qwen3_8b_if4 /home/dev/.conda/envs/n16k64/bin/python run_ppl_deploy.py --model qwen3_8b --data-root /home/dev/n16k64_campaign/fqmaps/data --evaluate if4=fake:w4a4:if4 --out /home/dev/n16k64_campaign/main_ppl/ppl/qwen3_8b/if4
2026-10-02T07:16:07+00:00 END ppl_qwen3_8b_if4 rc=0
2026-10-02T07:16:07+00:00 START ppl_qwen3_8b_zou /home/dev/.conda/envs/n16k64/bin/python run_ppl_deploy.py --model qwen3_8b --data-root /home/dev/n16k64_campaign/fqmaps/data --evaluate zou=fake:w4a4:zou --out /home/dev/n16k64_campaign/main_ppl/ppl/qwen3_8b/zou
2026-10-02T07:21:47+00:00 END ppl_qwen3_8b_zou rc=0
2026-10-02T07:21:47+00:00 START ppl_mistral7b_ins_bf16 /home/dev/.conda/envs/n16k64/bin/python run_ppl_deploy.py --model mistral7b_ins --data-root /home/dev/n16k64_campaign/fqmaps/data --evaluate bf16=bf16 --out /home/dev/n16k64_campaign/main_ppl/ppl/mistral7b_ins/bf16
2026-10-02T07:24:08+00:00 END ppl_mistral7b_ins_bf16 rc=0
2026-10-02T07:24:08+00:00 START export_mistral7b_ins_nvfp4 /home/dev/.conda/envs/n16k64/bin/python export_map_artifact.py --model mistral7b_ins --data-root /home/dev/n16k64_campaign/fqmaps/data --kind nvfp4 --ownership --out /home/dev/n16k64_campaign/main_ppl/artifacts/mistral7b_ins_nvfp4
2026-10-02T07:25:05+00:00 END export_mistral7b_ins_nvfp4 rc=0
2026-10-02T07:25:05+00:00 START ppl_mistral7b_ins_nvfp4 /home/dev/.conda/envs/n16k64/bin/python run_ppl_deploy.py --model mistral7b_ins --data-root /home/dev/n16k64_campaign/fqmaps/data --evaluate nvfp4=native:/home/dev/n16k64_campaign/main_ppl/artifacts/mistral7b_ins_nvfp4 --out /home/dev/n16k64_campaign/main_ppl/ppl/mistral7b_ins/nvfp4
2026-10-02T07:26:17+00:00 NOTE amendment 1 registered (48acae6); second driver for if4w/zouw (all models but qwen27b) runs concurrently with the queue
2026-10-02T07:26:18+00:00 START ppl_qwen3_1p7b_if4w /home/dev/.conda/envs/n16k64/bin/python run_ppl_deploy.py --model qwen3_1p7b --data-root /home/dev/n16k64_campaign/fqmaps/data --evaluate if4w=fake:format:if4:1x16 --out /home/dev/n16k64_campaign/main_ppl/ppl/qwen3_1p7b/if4w
2026-10-02T07:26:35+00:00 END ppl_mistral7b_ins_nvfp4 rc=0
2026-10-02T07:26:35+00:00 START export_mistral7b_ins_fo6 /home/dev/.conda/envs/n16k64/bin/python export_map_artifact.py --model mistral7b_ins --data-root /home/dev/n16k64_campaign/fqmaps/data --kind four_over_six --ownership --out /home/dev/n16k64_campaign/main_ppl/artifacts/mistral7b_ins_fo6
2026-10-02T07:27:50+00:00 END export_mistral7b_ins_fo6 rc=0
2026-10-02T07:27:50+00:00 START ppl_mistral7b_ins_fo6 /home/dev/.conda/envs/n16k64/bin/python run_ppl_deploy.py --model mistral7b_ins --data-root /home/dev/n16k64_campaign/fqmaps/data --evaluate fo6=native:/home/dev/n16k64_campaign/main_ppl/artifacts/mistral7b_ins_fo6 --out /home/dev/n16k64_campaign/main_ppl/ppl/mistral7b_ins/fo6
2026-10-02T07:28:15+00:00 END ppl_qwen3_1p7b_if4w rc=0
2026-10-02T07:28:15+00:00 START ppl_qwen3_1p7b_zouw /home/dev/.conda/envs/n16k64/bin/python run_ppl_deploy.py --model qwen3_1p7b --data-root /home/dev/n16k64_campaign/fqmaps/data --evaluate zouw=fake:format:zou:1x16 --out /home/dev/n16k64_campaign/main_ppl/ppl/qwen3_1p7b/zouw
2026-10-02T07:29:29+00:00 END ppl_mistral7b_ins_fo6 rc=0
2026-10-02T07:29:29+00:00 START export_mistral7b_ins_tc_8x64 /home/dev/.conda/envs/n16k64/bin/python export_map_artifact.py --model mistral7b_ins --data-root /home/dev/n16k64_campaign/fqmaps/data --map /home/dev/n16k64_campaign/fqmaps/runs/mistral7b_ins_8x64/map.pt --unit 8x64 --ownership --out /home/dev/n16k64_campaign/main_ppl/artifacts/mistral7b_ins_tc_8x64
2026-10-02T07:30:45+00:00 END ppl_qwen3_1p7b_zouw rc=0
2026-10-02T07:30:45+00:00 START ppl_qwen3_8b_if4w /home/dev/.conda/envs/n16k64/bin/python run_ppl_deploy.py --model qwen3_8b --data-root /home/dev/n16k64_campaign/fqmaps/data --evaluate if4w=fake:format:if4:1x16 --out /home/dev/n16k64_campaign/main_ppl/ppl/qwen3_8b/if4w
2026-10-02T07:30:58+00:00 END export_mistral7b_ins_tc_8x64 rc=0
2026-10-02T07:30:58+00:00 START ppl_mistral7b_ins_ours-8x64 /home/dev/.conda/envs/n16k64/bin/python run_ppl_deploy.py --model mistral7b_ins --data-root /home/dev/n16k64_campaign/fqmaps/data --evaluate ours-8x64=native:/home/dev/n16k64_campaign/main_ppl/artifacts/mistral7b_ins_tc_8x64 --out /home/dev/n16k64_campaign/main_ppl/ppl/mistral7b_ins/ours-8x64
2026-10-02T07:32:28+00:00 END ppl_mistral7b_ins_ours-8x64 rc=0
2026-10-02T07:32:28+00:00 START export_mistral7b_ins_tc_16x64 /home/dev/.conda/envs/n16k64/bin/python export_map_artifact.py --model mistral7b_ins --data-root /home/dev/n16k64_campaign/fqmaps/data --map /home/dev/n16k64_campaign/fqmaps/runs/mistral7b_ins_16x64/map.pt --unit 16x64 --ownership --out /home/dev/n16k64_campaign/main_ppl/artifacts/mistral7b_ins_tc_16x64
2026-10-02T07:34:12+00:00 END export_mistral7b_ins_tc_16x64 rc=0
2026-10-02T07:34:12+00:00 START ppl_mistral7b_ins_ours-16x64 /home/dev/.conda/envs/n16k64/bin/python run_ppl_deploy.py --model mistral7b_ins --data-root /home/dev/n16k64_campaign/fqmaps/data --evaluate ours-16x64=native:/home/dev/n16k64_campaign/main_ppl/artifacts/mistral7b_ins_tc_16x64 --out /home/dev/n16k64_campaign/main_ppl/ppl/mistral7b_ins/ours-16x64
2026-10-02T07:36:01+00:00 END ppl_mistral7b_ins_ours-16x64 rc=0
2026-10-02T07:36:01+00:00 START export_mistral7b_ins_tc_256x64 /home/dev/.conda/envs/n16k64/bin/python export_map_artifact.py --model mistral7b_ins --data-root /home/dev/n16k64_campaign/fqmaps/data --map /home/dev/n16k64_campaign/fqmaps/runs/mistral7b_ins_256x64/map.pt --unit 256x64 --ownership --out /home/dev/n16k64_campaign/main_ppl/artifacts/mistral7b_ins_tc_256x64
2026-10-02T07:36:23+00:00 END ppl_qwen3_8b_if4w rc=0
2026-10-02T07:36:23+00:00 START ppl_qwen3_8b_zouw /home/dev/.conda/envs/n16k64/bin/python run_ppl_deploy.py --model qwen3_8b --data-root /home/dev/n16k64_campaign/fqmaps/data --evaluate zouw=fake:format:zou:1x16 --out /home/dev/n16k64_campaign/main_ppl/ppl/qwen3_8b/zouw
2026-10-02T07:37:17+00:00 END export_mistral7b_ins_tc_256x64 rc=0
2026-10-02T07:37:17+00:00 START ppl_mistral7b_ins_ours-256x64 /home/dev/.conda/envs/n16k64/bin/python run_ppl_deploy.py --model mistral7b_ins --data-root /home/dev/n16k64_campaign/fqmaps/data --evaluate ours-256x64=native:/home/dev/n16k64_campaign/main_ppl/artifacts/mistral7b_ins_tc_256x64 --out /home/dev/n16k64_campaign/main_ppl/ppl/mistral7b_ins/ours-256x64
2026-10-02T07:39:03+00:00 END ppl_mistral7b_ins_ours-256x64 rc=0
2026-10-02T07:39:03+00:00 START ppl_mistral7b_ins_fo6-fake /home/dev/.conda/envs/n16k64/bin/python run_ppl_deploy.py --model mistral7b_ins --data-root /home/dev/n16k64_campaign/fqmaps/data --evaluate fo6-fake=fake:four_over_six --out /home/dev/n16k64_campaign/main_ppl/ppl/mistral7b_ins/fo6-fake
2026-10-02T07:42:17+00:00 END ppl_qwen3_8b_zouw rc=0
2026-10-02T07:42:17+00:00 START ppl_mistral7b_ins_if4w /home/dev/.conda/envs/n16k64/bin/python run_ppl_deploy.py --model mistral7b_ins --data-root /home/dev/n16k64_campaign/fqmaps/data --evaluate if4w=fake:format:if4:1x16 --out /home/dev/n16k64_campaign/main_ppl/ppl/mistral7b_ins/if4w
2026-10-02T07:45:16+00:00 END ppl_mistral7b_ins_fo6-fake rc=0
2026-10-02T07:45:16+00:00 START ppl_mistral7b_ins_if4 /home/dev/.conda/envs/n16k64/bin/python run_ppl_deploy.py --model mistral7b_ins --data-root /home/dev/n16k64_campaign/fqmaps/data --evaluate if4=fake:w4a4:if4 --out /home/dev/n16k64_campaign/main_ppl/ppl/mistral7b_ins/if4
2026-10-02T07:48:04+00:00 END ppl_mistral7b_ins_if4w rc=0
2026-10-02T07:48:04+00:00 START ppl_mistral7b_ins_zouw /home/dev/.conda/envs/n16k64/bin/python run_ppl_deploy.py --model mistral7b_ins --data-root /home/dev/n16k64_campaign/fqmaps/data --evaluate zouw=fake:format:zou:1x16 --out /home/dev/n16k64_campaign/main_ppl/ppl/mistral7b_ins/zouw
2026-10-02T07:54:20+00:00 END ppl_mistral7b_ins_zouw rc=0
2026-10-02T07:54:20+00:00 START ppl_nemotron9b_if4w /home/dev/.conda/envs/n16k64/bin/python run_ppl_deploy.py --model nemotron9b --data-root /home/dev/n16k64_campaign/fqmaps/data --evaluate if4w=fake:format:if4:1x16 --out /home/dev/n16k64_campaign/main_ppl/ppl/nemotron9b/if4w
2026-10-02T07:55:05+00:00 END ppl_mistral7b_ins_if4 rc=0
2026-10-02T07:55:05+00:00 START ppl_mistral7b_ins_zou /home/dev/.conda/envs/n16k64/bin/python run_ppl_deploy.py --model mistral7b_ins --data-root /home/dev/n16k64_campaign/fqmaps/data --evaluate zou=fake:w4a4:zou --out /home/dev/n16k64_campaign/main_ppl/ppl/mistral7b_ins/zou
2026-10-02T08:06:38+00:00 END ppl_mistral7b_ins_zou rc=0
2026-10-02T08:06:38+00:00 START ppl_nemotron9b_bf16 /home/dev/.conda/envs/n16k64/bin/python run_ppl_deploy.py --model nemotron9b --data-root /home/dev/n16k64_campaign/fqmaps/data --evaluate bf16=bf16 --out /home/dev/n16k64_campaign/main_ppl/ppl/nemotron9b/bf16
2026-10-02T08:34:39+00:00 END ppl_nemotron9b_if4w rc=0
2026-10-02T08:34:39+00:00 START ppl_nemotron9b_zouw /home/dev/.conda/envs/n16k64/bin/python run_ppl_deploy.py --model nemotron9b --data-root /home/dev/n16k64_campaign/fqmaps/data --evaluate zouw=fake:format:zou:1x16 --out /home/dev/n16k64_campaign/main_ppl/ppl/nemotron9b/zouw
2026-10-02T08:43:37+00:00 END ppl_nemotron9b_bf16 rc=0
2026-10-02T08:43:37+00:00 START export_nemotron9b_nvfp4 /home/dev/.conda/envs/n16k64/bin/python export_map_artifact.py --model nemotron9b --data-root /home/dev/n16k64_campaign/fqmaps/data --kind nvfp4 --ownership --out /home/dev/n16k64_campaign/main_ppl/artifacts/nemotron9b_nvfp4
2026-10-02T08:44:55+00:00 END export_nemotron9b_nvfp4 rc=0
2026-10-02T08:44:55+00:00 START ppl_nemotron9b_nvfp4 /home/dev/.conda/envs/n16k64/bin/python run_ppl_deploy.py --model nemotron9b --data-root /home/dev/n16k64_campaign/fqmaps/data --evaluate nvfp4=native:/home/dev/n16k64_campaign/main_ppl/artifacts/nemotron9b_nvfp4 --out /home/dev/n16k64_campaign/main_ppl/ppl/nemotron9b/nvfp4
2026-10-02T09:16:30+00:00 END ppl_nemotron9b_zouw rc=0
2026-10-02T09:16:30+00:00 START ppl_phi4_if4w /home/dev/.conda/envs/n16k64/bin/python run_ppl_deploy.py --model phi4 --data-root /home/dev/n16k64_campaign/multimodel/data --evaluate if4w=fake:format:if4:1x16 --out /home/dev/n16k64_campaign/main_ppl/ppl/phi4/if4w
2026-10-02T09:19:24+00:00 END ppl_nemotron9b_nvfp4 rc=0
2026-10-02T09:19:24+00:00 START ppl_nemotron9b_fo6 /home/dev/.conda/envs/n16k64/bin/python run_ppl_deploy.py --model nemotron9b --data-root /home/dev/n16k64_campaign/fqmaps/data --evaluate fo6=native:/home/dev/n16k64_campaign/main_ppl/artifacts/nemotron9b_fo6 --out /home/dev/n16k64_campaign/main_ppl/ppl/nemotron9b/fo6
2026-10-02T09:27:32+00:00 END ppl_phi4_if4w rc=0
2026-10-02T09:27:32+00:00 CROSSCHECK-A phi4 if4w vs /home/dev/n16k64_campaign/paper_extra/A/ppl/phi4/if4-1x16/report.json {"wiki": true, "c4": true}
2026-10-02T09:27:32+00:00 START ppl_phi4_zouw /home/dev/.conda/envs/n16k64/bin/python run_ppl_deploy.py --model phi4 --data-root /home/dev/n16k64_campaign/multimodel/data --evaluate zouw=fake:format:zou:1x16 --out /home/dev/n16k64_campaign/main_ppl/ppl/phi4/zouw
2026-10-02T09:40:29+00:00 END ppl_phi4_zouw rc=0
2026-10-02T09:40:29+00:00 CROSSCHECK-A phi4 zouw vs /home/dev/n16k64_campaign/paper_extra/A/ppl/phi4/zou-1x16/report.json {"wiki": true, "c4": true}
2026-10-02T09:40:29+00:00 START ppl_mistral7b_if4w /home/dev/.conda/envs/n16k64/bin/python run_ppl_deploy.py --model mistral7b --data-root /home/dev/n16k64_campaign/multimodel/data --evaluate if4w=fake:format:if4:1x16 --out /home/dev/n16k64_campaign/main_ppl/ppl/mistral7b/if4w
2026-10-02T09:48:05+00:00 END ppl_nemotron9b_fo6 rc=0
2026-10-02T09:48:05+00:00 START ppl_nemotron9b_ours-8x64 /home/dev/.conda/envs/n16k64/bin/python run_ppl_deploy.py --model nemotron9b --data-root /home/dev/n16k64_campaign/fqmaps/data --evaluate ours-8x64=native:/home/dev/n16k64_campaign/main_ppl/artifacts/nemotron9b_tc_8x64 --out /home/dev/n16k64_campaign/main_ppl/ppl/nemotron9b/ours-8x64
2026-10-02T09:48:59+00:00 END ppl_mistral7b_if4w rc=0
2026-10-02T09:48:59+00:00 CROSSCHECK-A mistral7b if4w vs /home/dev/n16k64_campaign/paper_extra/A/ppl/mistral7b/if4-1x16/report.json {"wiki": true, "c4": true}
2026-10-02T09:48:59+00:00 START ppl_mistral7b_zouw /home/dev/.conda/envs/n16k64/bin/python run_ppl_deploy.py --model mistral7b --data-root /home/dev/n16k64_campaign/multimodel/data --evaluate zouw=fake:format:zou:1x16 --out /home/dev/n16k64_campaign/main_ppl/ppl/mistral7b/zouw
2026-10-02T09:59:00+00:00 END ppl_mistral7b_zouw rc=0
2026-10-02T09:59:00+00:00 CROSSCHECK-A mistral7b zouw vs /home/dev/n16k64_campaign/paper_extra/A/ppl/mistral7b/zou-1x16/report.json {"wiki": true, "c4": true}
2026-10-02T10:09:06+00:00 END ppl_nemotron9b_ours-8x64 rc=0
2026-10-02T10:09:06+00:00 START export_nemotron9b_tc_16x64 /home/dev/.conda/envs/n16k64/bin/python export_map_artifact.py --model nemotron9b --data-root /home/dev/n16k64_campaign/fqmaps/data --map /home/dev/n16k64_campaign/fqmaps/runs/nemotron9b_16x64/map.pt --unit 16x64 --ownership --out /home/dev/n16k64_campaign/main_ppl/artifacts/nemotron9b_tc_16x64
2026-10-02T10:10:34+00:00 END export_nemotron9b_tc_16x64 rc=0
2026-10-02T10:10:34+00:00 START ppl_nemotron9b_ours-16x64 /home/dev/.conda/envs/n16k64/bin/python run_ppl_deploy.py --model nemotron9b --data-root /home/dev/n16k64_campaign/fqmaps/data --evaluate ours-16x64=native:/home/dev/n16k64_campaign/main_ppl/artifacts/nemotron9b_tc_16x64 --out /home/dev/n16k64_campaign/main_ppl/ppl/nemotron9b/ours-16x64
2026-10-02T10:27:29+00:00 END ppl_nemotron9b_ours-16x64 rc=0
2026-10-02T10:27:30+00:00 START export_nemotron9b_tc_256x64 /home/dev/.conda/envs/n16k64/bin/python export_map_artifact.py --model nemotron9b --data-root /home/dev/n16k64_campaign/fqmaps/data --map /home/dev/n16k64_campaign/fqmaps/runs/nemotron9b_256x64/map.pt --unit 256x64 --ownership --out /home/dev/n16k64_campaign/main_ppl/artifacts/nemotron9b_tc_256x64
2026-10-02T10:28:57+00:00 END export_nemotron9b_tc_256x64 rc=0
2026-10-02T10:28:57+00:00 START ppl_nemotron9b_ours-256x64 /home/dev/.conda/envs/n16k64/bin/python run_ppl_deploy.py --model nemotron9b --data-root /home/dev/n16k64_campaign/fqmaps/data --evaluate ours-256x64=native:/home/dev/n16k64_campaign/main_ppl/artifacts/nemotron9b_tc_256x64 --out /home/dev/n16k64_campaign/main_ppl/ppl/nemotron9b/ours-256x64
2026-10-02T10:45:54+00:00 END ppl_nemotron9b_ours-256x64 rc=0
2026-10-02T10:45:54+00:00 START ppl_nemotron9b_fo6-fake /home/dev/.conda/envs/n16k64/bin/python run_ppl_deploy.py --model nemotron9b --data-root /home/dev/n16k64_campaign/fqmaps/data --evaluate fo6-fake=fake:four_over_six --out /home/dev/n16k64_campaign/main_ppl/ppl/nemotron9b/fo6-fake
2026-10-02T11:05:26+00:00 END ppl_nemotron9b_fo6-fake rc=0
2026-10-02T11:05:26+00:00 START ppl_nemotron9b_if4 /home/dev/.conda/envs/n16k64/bin/python run_ppl_deploy.py --model nemotron9b --data-root /home/dev/n16k64_campaign/fqmaps/data --evaluate if4=fake:w4a4:if4 --out /home/dev/n16k64_campaign/main_ppl/ppl/nemotron9b/if4
2026-10-02T11:25:55+00:00 END ppl_nemotron9b_if4 rc=0
2026-10-02T11:25:55+00:00 START ppl_nemotron9b_zou /home/dev/.conda/envs/n16k64/bin/python run_ppl_deploy.py --model nemotron9b --data-root /home/dev/n16k64_campaign/fqmaps/data --evaluate zou=fake:w4a4:zou --out /home/dev/n16k64_campaign/main_ppl/ppl/nemotron9b/zou
2026-10-02T11:40:20+00:00 SCOPE CUT (user decision relayed by nvfp4-razer-c9): driver 1 stopped after its running row (nemotron9b zou, left to finish); qwen27b if4w/zouw auto-launch cancelled; no further FlipQuant / IF4 / Zou / fake rows
2026-10-02T11:40:34+00:00 NOTE scope cut: rechecks phi4 bf16+fo6, mistral7b bf16+fo6 now; qwen27b fo6 after the nemotron zou process exits
2026-10-02T11:40:36+00:00 START ppl_phi4_bf16-recheck /home/dev/.conda/envs/n16k64/bin/python run_ppl_deploy.py --model phi4 --data-root /home/dev/n16k64_campaign/multimodel/data --evaluate bf16=bf16 --out /home/dev/n16k64_campaign/main_ppl/ppl/phi4/bf16-recheck
2026-10-02T11:46:39+00:00 END ppl_phi4_bf16-recheck rc=0
2026-10-02T11:46:39+00:00 RECHECK phi4 bf16 {"wiki": true, "c4": true}
2026-10-02T11:46:39+00:00 START ppl_phi4_fo6-recheck /home/dev/.conda/envs/n16k64/bin/python run_ppl_deploy.py --model phi4 --data-root /home/dev/n16k64_campaign/multimodel/data --evaluate fo6=native:/home/dev/n16k64_campaign/paper/artifacts/phi4_fo6 --out /home/dev/n16k64_campaign/main_ppl/ppl/phi4/fo6-recheck
2026-10-02T11:49:20+00:00 END ppl_phi4_fo6-recheck rc=0
2026-10-02T11:49:20+00:00 RECHECK phi4 fo6 {"wiki": true, "c4": true}
2026-10-02T11:49:20+00:00 START ppl_mistral7b_bf16-recheck /home/dev/.conda/envs/n16k64/bin/python run_ppl_deploy.py --model mistral7b --data-root /home/dev/n16k64_campaign/multimodel/data --evaluate bf16=bf16 --out /home/dev/n16k64_campaign/main_ppl/ppl/mistral7b/bf16-recheck
2026-10-02T11:51:36+00:00 END ppl_mistral7b_bf16-recheck rc=0
2026-10-02T11:51:36+00:00 RECHECK mistral7b bf16 {"wiki": true, "c4": true}
2026-10-02T11:51:36+00:00 START ppl_mistral7b_fo6-recheck /home/dev/.conda/envs/n16k64/bin/python run_ppl_deploy.py --model mistral7b --data-root /home/dev/n16k64_campaign/multimodel/data --evaluate fo6=native:/home/dev/n16k64_campaign/paper/artifacts/mistral7b_fo6 --out /home/dev/n16k64_campaign/main_ppl/ppl/mistral7b/fo6-recheck
2026-10-02T11:53:02+00:00 END ppl_mistral7b_fo6-recheck rc=0
2026-10-02T11:53:02+00:00 RECHECK mistral7b fo6 {"wiki": true, "c4": true}
2026-10-02T11:53:06+00:00 NOTE nemotron9b zou (child of the stopped driver 1) finished; report status=complete
2026-10-02T11:53:06+00:00 NOTE amendment 2: phi4 and mistral7b rows (two drivers)
2026-10-02T11:53:07+00:00 START ppl_mistral7b_fo6-fake /home/dev/.conda/envs/n16k64/bin/python run_ppl_deploy.py --model mistral7b --data-root /home/dev/n16k64_campaign/multimodel/data --evaluate fo6-fake=fake:four_over_six --out /home/dev/n16k64_campaign/main_ppl/ppl/mistral7b/fo6-fake
2026-10-02T11:53:07+00:00 START ppl_phi4_fo6-fake /home/dev/.conda/envs/n16k64/bin/python run_ppl_deploy.py --model phi4 --data-root /home/dev/n16k64_campaign/multimodel/data --evaluate fo6-fake=fake:four_over_six --out /home/dev/n16k64_campaign/main_ppl/ppl/phi4/fo6-fake
2026-10-02T12:00:10+00:00 END ppl_mistral7b_fo6-fake rc=0
2026-10-02T12:00:10+00:00 CROSSCHECK-A mistral7b fo6-fake vs /home/dev/n16k64_campaign/paper_extra/A/ppl/mistral7b/fo6/report.json {"wiki": true, "c4": true}
2026-10-02T12:00:10+00:00 START ppl_mistral7b_if4 /home/dev/.conda/envs/n16k64/bin/python run_ppl_deploy.py --model mistral7b --data-root /home/dev/n16k64_campaign/multimodel/data --evaluate if4=fake:w4a4:if4 --out /home/dev/n16k64_campaign/main_ppl/ppl/mistral7b/if4
2026-10-02T12:02:03+00:00 END ppl_phi4_fo6-fake rc=0
2026-10-02T12:02:03+00:00 CROSSCHECK-A phi4 fo6-fake vs /home/dev/n16k64_campaign/paper_extra/A/ppl/phi4/fo6/report.json {"wiki": true, "c4": true}
2026-10-02T12:02:03+00:00 START ppl_phi4_if4 /home/dev/.conda/envs/n16k64/bin/python run_ppl_deploy.py --model phi4 --data-root /home/dev/n16k64_campaign/multimodel/data --evaluate if4=fake:w4a4:if4 --out /home/dev/n16k64_campaign/main_ppl/ppl/phi4/if4
2026-10-02T12:09:13+00:00 END ppl_mistral7b_if4 rc=0
2026-10-02T12:09:13+00:00 START ppl_mistral7b_zou /home/dev/.conda/envs/n16k64/bin/python run_ppl_deploy.py --model mistral7b --data-root /home/dev/n16k64_campaign/multimodel/data --evaluate zou=fake:w4a4:zou --out /home/dev/n16k64_campaign/main_ppl/ppl/mistral7b/zou
2026-10-02T12:13:53+00:00 END ppl_phi4_if4 rc=0
2026-10-02T12:13:53+00:00 START ppl_phi4_zou /home/dev/.conda/envs/n16k64/bin/python run_ppl_deploy.py --model phi4 --data-root /home/dev/n16k64_campaign/multimodel/data --evaluate zou=fake:w4a4:zou --out /home/dev/n16k64_campaign/main_ppl/ppl/phi4/zou
2026-10-02T12:16:19+00:00 END ppl_mistral7b_zou rc=0
2026-10-02T12:21:53+00:00 END ppl_phi4_zou rc=0
2026-10-02T12:21:54+00:00 NOTE amendment 2: phi4 driver rc=0, mistral7b driver rc=0; qwen27b alone next
2026-10-02T12:21:55+00:00 START ppl_qwen27b_fo6-recheck /home/dev/.conda/envs/n16k64/bin/python run_ppl_deploy.py --model qwen27b --data-root /home/dev/n16k64_campaign/multimodel/data --evaluate fo6=native:/home/dev/n16k64_campaign/paper/artifacts/qwen27b_fo6 --out /home/dev/n16k64_campaign/main_ppl/ppl/qwen27b/fo6-recheck
2026-10-02T12:33:52+00:00 END ppl_qwen27b_fo6-recheck rc=0
2026-10-02T12:33:52+00:00 RECHECK qwen27b fo6 {"wiki": true, "c4": true}
2026-10-02T12:33:52+00:00 START ppl_qwen27b_fo6-fake /home/dev/.conda/envs/n16k64/bin/python run_ppl_deploy.py --model qwen27b --data-root /home/dev/n16k64_campaign/multimodel/data --evaluate fo6-fake=fake:four_over_six --out /home/dev/n16k64_campaign/main_ppl/ppl/qwen27b/fo6-fake
2026-10-02T12:53:21+00:00 END ppl_qwen27b_fo6-fake rc=0
2026-10-02T12:53:21+00:00 START ppl_qwen27b_if4 /home/dev/.conda/envs/n16k64/bin/python run_ppl_deploy.py --model qwen27b --data-root /home/dev/n16k64_campaign/multimodel/data --evaluate if4=fake:w4a4:if4 --out /home/dev/n16k64_campaign/main_ppl/ppl/qwen27b/if4
2026-10-02T13:16:05+00:00 END ppl_qwen27b_if4 rc=0
2026-10-02T13:16:05+00:00 START ppl_qwen27b_zou /home/dev/.conda/envs/n16k64/bin/python run_ppl_deploy.py --model qwen27b --data-root /home/dev/n16k64_campaign/multimodel/data --evaluate zou=fake:w4a4:zou --out /home/dev/n16k64_campaign/main_ppl/ppl/qwen27b/zou
2026-10-02T13:38:48+00:00 END ppl_qwen27b_zou rc=0
2026-10-02T13:38:48+00:00 START ppl_qwen27b_if4w /home/dev/.conda/envs/n16k64/bin/python run_ppl_deploy.py --model qwen27b --data-root /home/dev/n16k64_campaign/multimodel/data --evaluate if4w=fake:format:if4:1x16 --out /home/dev/n16k64_campaign/main_ppl/ppl/qwen27b/if4w
2026-10-02T13:58:01+00:00 END ppl_qwen27b_if4w rc=0
2026-10-02T13:58:01+00:00 START ppl_qwen27b_zouw /home/dev/.conda/envs/n16k64/bin/python run_ppl_deploy.py --model qwen27b --data-root /home/dev/n16k64_campaign/multimodel/data --evaluate zouw=fake:format:zou:1x16 --out /home/dev/n16k64_campaign/main_ppl/ppl/qwen27b/zouw
2026-10-02T14:17:07+00:00 END ppl_qwen27b_zouw rc=0
2026-10-02T14:17:07+00:00 NOTE amendment 2: qwen27b driver rc=0; ALL RUNS DONE
