ppl_qwen3_1p7b_bf16: rc=0
export_qwen3_1p7b_nvfp4: rc=0
ppl_qwen3_1p7b_nvfp4: rc=0
export_qwen3_1p7b_fo6: rc=0
ppl_qwen3_1p7b_fo6: rc=0
export_qwen3_1p7b_tc_8x64: rc=0
ppl_qwen3_1p7b_ours-8x64: rc=0
export_qwen3_1p7b_tc_16x64: rc=0
ppl_qwen3_1p7b_ours-16x64: rc=0
export_qwen3_1p7b_tc_256x64: rc=0
ppl_qwen3_1p7b_ours-256x64: rc=0
ppl_qwen3_1p7b_fo6-fake: rc=0
ppl_qwen3_1p7b_if4: rc=0
ppl_qwen3_1p7b_zou: rc=0
ppl_qwen3_8b_bf16: rc=0
export_qwen3_8b_nvfp4: rc=0
ppl_qwen3_8b_nvfp4: rc=0
export_qwen3_8b_fo6: rc=0
ppl_qwen3_8b_fo6: rc=0
export_qwen3_8b_tc_8x64: rc=0
ppl_qwen3_8b_ours-8x64: rc=0
export_qwen3_8b_tc_16x64: rc=0
ppl_qwen3_8b_ours-16x64: rc=0
export_qwen3_8b_tc_256x64: rc=0
ppl_qwen3_8b_ours-256x64: rc=0
ppl_qwen3_8b_fo6-fake: rc=0
ppl_qwen3_8b_if4: rc=0
ppl_qwen3_8b_zou: rc=0
ppl_mistral7b_ins_bf16: rc=0
export_mistral7b_ins_nvfp4: rc=0
ppl_mistral7b_ins_nvfp4: rc=0
export_mistral7b_ins_fo6: rc=0
ppl_mistral7b_ins_fo6: rc=0
export_mistral7b_ins_tc_8x64: rc=0
ppl_mistral7b_ins_ours-8x64: rc=0
export_mistral7b_ins_tc_16x64: rc=0
ppl_mistral7b_ins_ours-16x64: rc=0
export_mistral7b_ins_tc_256x64: rc=0
ppl_mistral7b_ins_ours-256x64: rc=0
ppl_mistral7b_ins_fo6-fake: rc=0
ppl_mistral7b_ins_if4: rc=0
ppl_mistral7b_ins_zou: rc=0
ppl_nemotron9b_bf16: rc=0
export_nemotron9b_nvfp4: rc=0
ppl_nemotron9b_nvfp4: rc=0
ppl_nemotron9b_fo6: rc=0
ppl_nemotron9b_ours-8x64: rc=0
export_nemotron9b_tc_16x64: rc=0
ppl_nemotron9b_ours-16x64: rc=0
export_nemotron9b_tc_256x64: rc=0
ppl_nemotron9b_ours-256x64: rc=0
ppl_nemotron9b_fo6-fake: rc=0
ppl_nemotron9b_if4: rc=0
